Component: ARM Compiler 5.06 update 6 (build 750) Tool: armlink [4d35ed]

==============================================================================

Section Cross References

    startup_stm32f405xx.o(STACK) refers (Special) to heapauxi.o(.text) for __use_two_region_memory
    startup_stm32f405xx.o(HEAP) refers (Special) to heapauxi.o(.text) for __use_two_region_memory
    startup_stm32f405xx.o(RESET) refers (Special) to heapauxi.o(.text) for __use_two_region_memory
    startup_stm32f405xx.o(RESET) refers to startup_stm32f405xx.o(STACK) for __initial_sp
    startup_stm32f405xx.o(RESET) refers to startup_stm32f405xx.o(.text) for Reset_Handler
    startup_stm32f405xx.o(RESET) refers to stm32f4xx_it.o(i.NMI_Handler) for NMI_Handler
    startup_stm32f405xx.o(RESET) refers to stm32f4xx_it.o(i.HardFault_Handler) for HardFault_Handler
    startup_stm32f405xx.o(RESET) refers to stm32f4xx_it.o(i.MemManage_Handler) for MemManage_Handler
    startup_stm32f405xx.o(RESET) refers to stm32f4xx_it.o(i.BusFault_Handler) for BusFault_Handler
    startup_stm32f405xx.o(RESET) refers to stm32f4xx_it.o(i.UsageFault_Handler) for UsageFault_Handler
    startup_stm32f405xx.o(RESET) refers to port.o(.emb_text) for SVC_Handler
    startup_stm32f405xx.o(RESET) refers to stm32f4xx_it.o(i.DebugMon_Handler) for DebugMon_Handler
    startup_stm32f405xx.o(RESET) refers to port.o(i.SysTick_Handler) for SysTick_Handler
    startup_stm32f405xx.o(RESET) refers to stm32f4xx_it.o(i.DMA1_Stream1_IRQHandler) for DMA1_Stream1_IRQHandler
    startup_stm32f405xx.o(RESET) refers to stm32f4xx_it.o(i.DMA1_Stream5_IRQHandler) for DMA1_Stream5_IRQHandler
    startup_stm32f405xx.o(RESET) refers to stm32f4xx_it.o(i.CAN1_TX_IRQHandler) for CAN1_TX_IRQHandler
    startup_stm32f405xx.o(RESET) refers to stm32f4xx_it.o(i.CAN1_RX0_IRQHandler) for CAN1_RX0_IRQHandler
    startup_stm32f405xx.o(RESET) refers to stm32f4xx_it.o(i.TIM1_UP_TIM10_IRQHandler) for TIM1_UP_TIM10_IRQHandler
    startup_stm32f405xx.o(RESET) refers to stm32f4xx_it.o(i.TIM2_IRQHandler) for TIM2_IRQHandler
    startup_stm32f405xx.o(RESET) refers to stm32f4xx_it.o(i.USART1_IRQHandler) for USART1_IRQHandler
    startup_stm32f405xx.o(RESET) refers to stm32f4xx_it.o(i.USART2_IRQHandler) for USART2_IRQHandler
    startup_stm32f405xx.o(RESET) refers to stm32f4xx_it.o(i.USART3_IRQHandler) for USART3_IRQHandler
    startup_stm32f405xx.o(RESET) refers to stm32f4xx_it.o(i.DMA2_Stream1_IRQHandler) for DMA2_Stream1_IRQHandler
    startup_stm32f405xx.o(RESET) refers to stm32f4xx_it.o(i.DMA2_Stream2_IRQHandler) for DMA2_Stream2_IRQHandler
    startup_stm32f405xx.o(RESET) refers to stm32f4xx_it.o(i.CAN2_TX_IRQHandler) for CAN2_TX_IRQHandler
    startup_stm32f405xx.o(RESET) refers to stm32f4xx_it.o(i.CAN2_RX0_IRQHandler) for CAN2_RX0_IRQHandler
    startup_stm32f405xx.o(RESET) refers to stm32f4xx_it.o(i.USART6_IRQHandler) for USART6_IRQHandler
    startup_stm32f405xx.o(.text) refers (Special) to heapauxi.o(.text) for __use_two_region_memory
    startup_stm32f405xx.o(.text) refers to system_stm32f4xx.o(i.SystemInit) for SystemInit
    startup_stm32f405xx.o(.text) refers to __main.o(!!!main) for __main
    startup_stm32f405xx.o(.text) refers to startup_stm32f405xx.o(HEAP) for Heap_Mem
    startup_stm32f405xx.o(.text) refers to startup_stm32f405xx.o(STACK) for Stack_Mem
    init.o(i._Z17Test_TIM_Functionv) refers to ifr_gpio.o(i._ZN17IFR_GPIO_ClassDef4ReadEv) for IFR_GPIO_ClassDef::Read()
    init.o(i._Z17Test_TIM_Functionv) refers to ifr_gpio.o(i._ZN17IFR_GPIO_ClassDef4HighEv) for IFR_GPIO_ClassDef::High()
    init.o(i._Z17Test_TIM_Functionv) refers to ifr_gpio.o(i._ZN17IFR_GPIO_ClassDef3LowEv) for IFR_GPIO_ClassDef::Low()
    init.o(i._Z17Test_TIM_Functionv) refers to ifr_gpio.o(i._ZN17IFR_GPIO_ClassDef4TurnEv) for IFR_GPIO_ClassDef::Turn()
    init.o(i._Z17Test_TIM_Functionv) refers to init.o(.data) for Key
    init.o(i._Z8All_Initv) refers to robo_arm.o(i._Z14Arm_Motor_Initv) for Arm_Motor_Init()
    init.o(i._Z8All_Initv) refers to robo_yun.o(i._Z14Yun_Motor_Initv) for Yun_Motor_Init()
    init.o(i._Z8All_Initv) refers to robo_base.o(i._Z15Base_Motor_Initv) for Base_Motor_Init()
    init.o(i._Z8All_Initv) refers to ifr_tim.o(i._ZN16IFR_TIM_ClassDef11TIM_ITStartEP19__TIM_HandleTypeDefPFvvE) for IFR_TIM_ClassDef::TIM_ITStart(__TIM_HandleTypeDef*, void(*)())
    init.o(i._Z8All_Initv) refers to ifr_usart.o(i._ZN18IFR_UDBRx_ClassDef17UDB_Recevice_InitEP20__UART_HandleTypeDefPFvPhhEPP19tskTaskControlBlock) for IFR_UDBRx_ClassDef::UDB_Recevice_Init(__UART_HandleTypeDef*, void(*)(unsigned char*, unsigned char), tskTaskControlBlock**)
    init.o(i._Z8All_Initv) refers to ifr_can.o(i._ZN16IFR_CAN_ClassDef8CAN_InitEP19__CAN_HandleTypeDefP13IFR_DJI_Motor) for IFR_CAN_ClassDef::CAN_Init(__CAN_HandleTypeDef*, IFR_DJI_Motor*)
    init.o(i._Z8All_Initv) refers to ifr_pwm.o(i._ZN17IFR_OPWM_ClassDef9OPWM_InitEP19__TIM_HandleTypeDefj) for IFR_OPWM_ClassDef::OPWM_Init(__TIM_HandleTypeDef*, unsigned)
[...]
    BusFault_Handler                         0x0800058b   Thumb Code     4  stm32f4xx_it.o(i.BusFault_Handler)
    __semihosting_library_function           0x0800058b   Thumb Code     0  indicate_semi.o(.text)
    CAN1_RX0_IRQHandler                      0x08000591   Thumb Code    10  stm32f4xx_it.o(i.CAN1_RX0_IRQHandler)
    CAN1_TX_IRQHandler                       0x080005a1   Thumb Code    10  stm32f4xx_it.o(i.CAN1_TX_IRQHandler)
    CAN2_RX0_IRQHandler                      0x080005b1   Thumb Code    10  stm32f4xx_it.o(i.CAN2_RX0_IRQHandler)
    CAN2_TX_IRQHandler                       0x080005c1   Thumb Code    10  stm32f4xx_it.o(i.CAN2_TX_IRQHandler)
    DMA1_Stream1_IRQHandler                  0x080005d1   Thumb Code    10  stm32f4xx_it.o(i.DMA1_Stream1_IRQHandler)
    DMA1_Stream5_IRQHandler                  0x080005e1   Thumb Code    10  stm32f4xx_it.o(i.DMA1_Stream5_IRQHandler)
    DMA2_Stream1_IRQHandler                  0x080005f1   Thumb Code    10  stm32f4xx_it.o(i.DMA2_Stream1_IRQHandler)
    DMA2_Stream2_IRQHandler                  0x08000601   Thumb Code    10  stm32f4xx_it.o(i.DMA2_Stream2_IRQHandler)
    DebugMon_Handler                         0x0800070f   Thumb Code     2  stm32f4xx_it.o(i.DebugMon_Handler)
    Error_Handler                            0x08000711   Thumb Code     6  main.o(i.Error_Handler)
    HAL_CAN_ActivateNotification             0x08000717   Thumb Code    42  stm32f4xx_hal_can.o(i.HAL_CAN_ActivateNotification)
    HAL_CAN_AddTxMessage                     0x08000741   Thumb Code   342  stm32f4xx_hal_can.o(i.HAL_CAN_AddTxMessage)
    HAL_CAN_ConfigFilter                     0x08000899   Thumb Code   286  stm32f4xx_hal_can.o(i.HAL_CAN_ConfigFilter)
    HAL_CAN_DeactivateNotification           0x080009bd   Thumb Code    42  stm32f4xx_hal_can.o(i.HAL_CAN_DeactivateNotification)
    HAL_CAN_ErrorCallback                    0x080009e7   Thumb Code     2  stm32f4xx_hal_can.o(i.HAL_CAN_ErrorCallback)
    HAL_CAN_GetRxMessage                     0x080009e9   Thumb Code   378  stm32f4xx_hal_can.o(i.HAL_CAN_GetRxMessage)
    HAL_CAN_GetTxMailboxesFreeLevel          0x08000b63   Thumb Code    54  stm32f4xx_hal_can.o(i.HAL_CAN_GetTxMailboxesFreeLevel)
    HAL_CAN_IRQHandler                       0x08000b99   Thumb Code   590  stm32f4xx_hal_can.o(i.HAL_CAN_IRQHandler)
    HAL_CAN_Init                             0x08000de9   Thumb Code   434  stm32f4xx_hal_can.o(i.HAL_CAN_Init)
    HAL_CAN_MspInit                          0x08000fd5   Thumb Code   362  can.o(i.HAL_CAN_MspInit)
    HAL_CAN_RegisterCallback                 0x08001159   Thumb Code   178  stm32f4xx_hal_can.o(i.HAL_CAN_RegisterCallback)
    HAL_CAN_RxFifo0FullCallback              0x0800120b   Thumb Code     2  stm32f4xx_hal_can.o(i.HAL_CAN_RxFifo0FullCallback)
    HAL_CAN_RxFifo0MsgPendingCallback        0x0800120d   Thumb Code     2  stm32f4xx_hal_can.o(i.HAL_CAN_RxFifo0MsgPendingCallback)
    HAL_CAN_RxFifo1FullCallback              0x0800120f   Thumb Code     2  stm32f4xx_hal_can.o(i.HAL_CAN_RxFifo1FullCallback)
    HAL_CAN_RxFifo1MsgPendingCallback        0x08001211   Thumb Code     2  stm32f4xx_hal_can.o(i.HAL_CAN_RxFifo1MsgPendingCallback)
    HAL_CAN_SleepCallback                    0x08001213   Thumb Code     2  stm32f4xx_hal_can.o(i.HAL_CAN_SleepCallback)
    HAL_CAN_Start                            0x08001215   Thumb Code    94  stm32f4xx_hal_can.o(i.HAL_CAN_Start)
    HAL_CAN_TxMailbox0AbortCallback          0x08001273   Thumb Code     2  stm32f4xx_hal_can.o(i.HAL_CAN_TxMailbox0AbortCallback)
    HAL_CAN_TxMailbox0CompleteCallback       0x08001275   Thumb Code     2  stm32f4xx_hal_can.o(i.HAL_CAN_TxMailbox0CompleteCallback)
    HAL_CAN_TxMailbox1AbortCallback          0x08001277   Thumb Code     2  stm32f4xx_hal_can.o(i.HAL_CAN_TxMailbox1AbortCallback)
    HAL_CAN_TxMailbox1CompleteCallback       0x08001279   Thumb Code     2  stm32f4xx_hal_can.o(i.HAL_CAN_TxMailbox1CompleteCallback)
    HAL_CAN_TxMailbox2AbortCallback          0x0800127b   Thumb Code     2  stm32f4xx_hal_can.o(i.HAL_CAN_TxMailbox2AbortCallback)
    HAL_CAN_TxMailbox2CompleteCallback       0x0800127d   Thumb Code     2  stm32f4xx_hal_can.o(i.HAL_CAN_TxMailbox2CompleteCallback)
    HAL_CAN_WakeUpFromRxMsgCallback          0x0800127f   Thumb Code     2  stm32f4xx_hal_can.o(i.HAL_CAN_WakeUpFromRxMsgCallback)
    HAL_CRC_Init                             0x08001281   Thumb Code    32  stm32f4xx_hal_crc.o(i.HAL_CRC_Init)
    HAL_CRC_MspInit                          0x080012a1   Thumb Code    44  crc.o(i.HAL_CRC_MspInit)
    HAL_DMAEx_MultiBufferStart               0x080012d5   Thumb Code   124  stm32f4xx_hal_dma_ex.o(i.HAL_DMAEx_MultiBufferStart)
    HAL_DMA_Abort                            0x08001351   Thumb Code   172  stm32f4xx_hal_dma.o(i.HAL_DMA_Abort)
    HAL_DMA_Abort_IT                         0x080013fd   Thumb Code    40  stm32f4xx_hal_dma.o(i.HAL_DMA_Abort_IT)
    HAL_DMA_IRQHandler                       0x08001425   Thumb Code   570  stm32f4xx_hal_dma.o(i.HAL_DMA_IRQHandler)
    HAL_DMA_Init                             0x08001665   Thumb Code   232  stm32f4xx_hal_dma.o(i.HAL_DMA_Init)
    HAL_Delay                                0x08001751   Thumb Code    36  stm32f4xx_hal.o(i.HAL_Delay)
    HAL_GPIO_Init                            0x08001779   Thumb Code   452  stm32f4xx_hal_gpio.o(i.HAL_GPIO_Init)
    HAL_GPIO_ReadPin                         0x08001969   Thumb Code    16  stm32f4xx_hal_gpio.o(i.HAL_GPIO_ReadPin)
    HAL_GPIO_TogglePin                       0x08001979   Thumb Code    20  stm32f4xx_hal_gpio.o(i.HAL_GPIO_TogglePin)
    HAL_GPIO_WritePin                        0x0800198d   Thumb Code    12  stm32f4xx_hal_gpio.o(i.HAL_GPIO_WritePin)
    HAL_GetTick                              0x08001999   Thumb Code     6  stm32f4xx_hal.o(i.HAL_GetTick)
    HAL_IncTick                              0x080019a5   Thumb Code    16  stm32f4xx_hal.o(i.HAL_IncTick)
    HAL_Init                                 0x080019bd   Thumb Code    54  stm32f4xx_hal.o(i.HAL_Init)
    HAL_InitTick                             0x080019f9   Thumb Code   122  stm32f4xx_hal_timebase_tim.o(i.HAL_InitTick)
    HAL_MspInit                              0x08001a85   Thumb Code    78  stm32f4xx_hal_msp.o(i.HAL_MspInit)
    HAL_NVIC_EnableIRQ                       0x08001ad9   Thumb Code    32  stm32f4xx_hal_cortex.o(i.HAL_NVIC_EnableIRQ)
    HAL_NVIC_SetPriority                     0x08001af9   Thumb Code   124  stm32f4xx_hal_cortex.o(i.HAL_NVIC_SetPriority)
    HAL_NVIC_SetPriorityGrouping             0x08001b75   Thumb Code    32  stm32f4xx_hal_cortex.o(i.HAL_NVIC_SetPriorityGrouping)
    HAL_RCC_ClockConfig                      0x08001b9d   Thumb Code   368  stm32f4xx_hal_rcc.o(i.HAL_RCC_ClockConfig)
    HAL_RCC_GetClockConfig                   0x08001d21   Thumb Code    58  stm32f4xx_hal_rcc.o(i.HAL_RCC_GetClockConfig)
    HAL_RCC_GetHCLKFreq                      0x08001d65   Thumb Code     6  stm32f4xx_hal_rcc.o(i.HAL_RCC_GetHCLKFreq)
    HAL_RCC_GetPCLK1Freq                     0x08001d71   Thumb Code    22  stm32f4xx_hal_rcc.o(i.HAL_RCC_GetPCLK1Freq)
    HAL_RCC_GetPCLK2Freq                     0x08001d91   Thumb Code    22  stm32f4xx_hal_rcc.o(i.HAL_RCC_GetPCLK2Freq)
    HAL_RCC_GetSysClockFreq                  0x08001db1   Thumb Code   162  stm32f4xx_hal_rcc.o(i.HAL_RCC_GetSysClockFreq)
    HAL_RCC_OscConfig                        0x08001e61   Thumb Code  1172  stm32f4xx_hal_rcc.o(i.HAL_RCC_OscConfig)
    HAL_TIMEx_BreakCallback                  0x080022fd   Thumb Code     2  stm32f4xx_hal_tim_ex.o(i.HAL_TIMEx_BreakCallback)
    HAL_TIMEx_CommutCallback                 0x080022ff   Thumb Code     2  stm32f4xx_hal_tim_ex.o(i.HAL_TIMEx_CommutCallback)
    HAL_TIMEx_CommutHalfCpltCallback         0x08002301   Thumb Code     2  stm32f4xx_hal_tim_ex.o(i.HAL_TIMEx_CommutHalfCpltCallback)
    HAL_TIMEx_MasterConfigSynchronization    0x08002305   Thumb Code   150  stm32f4xx_hal_tim_ex.o(i.HAL_TIMEx_MasterConfigSynchronization)
    HAL_TIM_Base_Init                        0x080023b9   Thumb Code   116  stm32f4xx_hal_tim.o(i.HAL_TIM_Base_Init)
    HAL_TIM_Base_MspInit                     0x08002431   Thumb Code   104  tim.o(i.HAL_TIM_Base_MspInit)
    HAL_TIM_Base_Start_IT                    0x080024a1   Thumb Code   138  stm32f4xx_hal_tim.o(i.HAL_TIM_Base_Start_IT)
    HAL_TIM_ConfigClockSource                0x08002549   Thumb Code   268  stm32f4xx_hal_tim.o(i.HAL_TIM_ConfigClockSource)
    HAL_TIM_ErrorCallback                    0x08002655   Thumb Code     2  stm32f4xx_hal_tim.o(i.HAL_TIM_ErrorCallback)
    HAL_TIM_IC_CaptureCallback               0x08002657   Thumb Code     2  stm32f4xx_hal_tim.o(i.HAL_TIM_IC_CaptureCallback)
    HAL_TIM_IC_CaptureHalfCpltCallback       0x08002659   Thumb Code     2  stm32f4xx_hal_tim.o(i.HAL_TIM_IC_CaptureHalfCpltCallback)
    HAL_TIM_IRQHandler                       0x0800265b   Thumb Code   438  stm32f4xx_hal_tim.o(i.HAL_TIM_IRQHandler)
    HAL_TIM_MspPostInit                      0x08002811   Thumb Code    84  tim.o(i.HAL_TIM_MspPostInit)
    HAL_TIM_OC_DelayElapsedCallback          0x08002871   Thumb Code     2  stm32f4xx_hal_tim.o(i.HAL_TIM_OC_DelayElapsedCallback)
    HAL_TIM_PWM_ConfigChannel                0x08002873   Thumb Code   260  stm32f4xx_hal_tim.o(i.HAL_TIM_PWM_ConfigChannel)
    HAL_TIM_PWM_Init                         0x08002979   Thumb Code   116  stm32f4xx_hal_tim.o(i.HAL_TIM_PWM_Init)
    HAL_TIM_PWM_MspInit                      0x080029f1   Thumb Code     2  stm32f4xx_hal_tim.o(i.HAL_TIM_PWM_MspInit)
    HAL_TIM_PWM_PulseFinishedCallback        0x080029f3   Thumb Code     2  stm32f4xx_hal_tim.o(i.HAL_TIM_PWM_PulseFinishedCallback)
    HAL_TIM_PWM_PulseFinishedHalfCpltCallback 0x080029f5   Thumb Code     2  stm32f4xx_hal_tim.o(i.HAL_TIM_PWM_PulseFinishedHalfCpltCallback)
    HAL_TIM_PWM_Start                        0x080029f9   Thumb Code   238  stm32f4xx_hal_tim.o(i.HAL_TIM_PWM_Start)
    HAL_TIM_PeriodElapsedCallback            0x08002b05   Thumb Code    18  main.o(i.HAL_TIM_PeriodElapsedCallback)
    HAL_TIM_PeriodElapsedHalfCpltCallback    0x08002b1d   Thumb Code     2  stm32f4xx_hal_tim.o(i.HAL_TIM_PeriodElapsedHalfCpltCallback)
    HAL_TIM_RegisterCallback                 0x08002b1f   Thumb Code   324  stm32f4xx_hal_tim.o(i.HAL_TIM_RegisterCallback)
    HAL_TIM_TriggerCallback                  0x08002c63   Thumb Code     2  stm32f4xx_hal_tim.o(i.HAL_TIM_TriggerCallback)
    HAL_TIM_TriggerHalfCpltCallback          0x08002c65   Thumb Code     2  stm32f4xx_hal_tim.o(i.HAL_TIM_TriggerHalfCpltCallback)
    HAL_UARTEx_RxEventCallback               0x08002c67   Thumb Code     2  stm32f4xx_hal_uart.o(i.HAL_UARTEx_RxEventCallback)
    HAL_UART_AbortCpltCallback               0x08002c69   Thumb Code     2  stm32f4xx_hal_uart.o(i.HAL_UART_AbortCpltCallback)
    HAL_UART_AbortReceiveCpltCallback        0x08002c6b   Thumb Code     2  stm32f4xx_hal_uart.o(i.HAL_UART_AbortReceiveCpltCallback)
    HAL_UART_AbortTransmitCpltCallback       0x08002c6d   Thumb Code     2  stm32f4xx_hal_uart.o(i.HAL_UART_AbortTransmitCpltCallback)
    HAL_UART_ErrorCallback                   0x08002c6f   Thumb Code     2  stm32f4xx_hal_uart.o(i.HAL_UART_ErrorCallback)
    HAL_UART_IRQHandler                      0x08002c71   Thumb Code   732  stm32f4xx_hal_uart.o(i.HAL_UART_IRQHandler)
    HAL_UART_Init                            0x08002f51   Thumb Code   128  stm32f4xx_hal_uart.o(i.HAL_UART_Init)
    HAL_UART_MspInit                         0x08002fd5   Thumb Code   782  usart.o(i.HAL_UART_MspInit)
    HAL_UART_RegisterRxEventCallback         0x08003319   Thumb Code    76  stm32f4xx_hal_uart.o(i.HAL_UART_RegisterRxEventCallback)
    HAL_UART_RxCpltCallback                  0x08003365   Thumb Code     2  stm32f4xx_hal_uart.o(i.HAL_UART_RxCpltCallback)
    HAL_UART_RxHalfCpltCallback              0x08003367   Thumb Code     2  stm32f4xx_hal_uart.o(i.HAL_UART_RxHalfCpltCallback)
    HAL_UART_TxCpltCallback                  0x08003369   Thumb Code     2  stm32f4xx_hal_uart.o(i.HAL_UART_TxCpltCallback)
    HAL_UART_TxHalfCpltCallback              0x0800336b   Thumb Code     2  stm32f4xx_hal_uart.o(i.HAL_UART_TxHalfCpltCallback)
    HardFault_Handler                        0x0800336d   Thumb Code     4  stm32f4xx_it.o(i.HardFault_Handler)
    IFR_DJI_Remote_Analysis                  0x08003371   Thumb Code   104  ifr_remote.o(i.IFR_DJI_Remote_Analysis)
    MX_CAN1_Init                             0x080033dd   Thumb Code    58  can.o(i.MX_CAN1_Init)
    MX_CAN2_Init                             0x08003421   Thumb Code    58  can.o(i.MX_CAN2_Init)
    MX_CRC_Init                              0x08003465   Thumb Code    22  crc.o(i.MX_CRC_Init)
    MX_DMA_Init                              0x08003485   Thumb Code   130  dma.o(i.MX_DMA_Init)
    MX_GPIO_Init                             0x0800350d   Thumb Code   210  gpio.o(i.MX_GPIO_Init)
    MX_TIM2_Init                             0x080035ed   Thumb Code   104  tim.o(i.MX_TIM2_Init)
    MX_TIM3_Init                             0x08003659   Thumb Code   176  tim.o(i.MX_TIM3_Init)
    MX_USART1_UART_Init                      0x08003711   Thumb Code    52  usart.o(i.MX_USART1_UART_Init)
    MX_USART2_UART_Init                      0x08003751   Thumb Code    46  usart.o(i.MX_USART2_UART_Init)
    MX_USART3_UART_Init                      0x08003789   Thumb Code    54  usart.o(i.MX_USART3_UART_Init)
    MX_USART6_UART_Init                      0x080037c9   Thumb Code    46  usart.o(i.MX_USART6_UART_Init)
    MemManage_Handler                        0x08003801   Thumb Code     4  stm32f4xx_it.o(i.MemManage_Handler)
    NMI_Handler                              0x08003805   Thumb Code     4  stm32f4xx_it.o(i.NMI_Handler)
    SysTick_Handler                          0x08003809   Thumb Code    46  port.o(i.SysTick_Handler)
    SystemInit                               0x0800383d   Thumb Code    14  system_stm32f4xx.o(i.SystemInit)
    TIM1_UP_TIM10_IRQHandler                 0x08003851   Thumb Code    10  stm32f4xx_it.o(i.TIM1_UP_TIM10_IRQHandler)
    TIM2_IRQHandler                          0x08003861   Thumb Code    10  stm32f4xx_it.o(i.TIM2_IRQHandler)
    TIM_Base_SetConfig                       0x08003871   Thumb Code   170  stm32f4xx_hal_tim.o(i.TIM_Base_SetConfig)
    TIM_CCxChannelCmd                        0x08003949   Thumb Code    34  stm32f4xx_hal_tim.o(i.TIM_CCxChannelCmd)
    TIM_ETR_SetConfig                        0x0800396b   Thumb Code    22  stm32f4xx_hal_tim.o(i.TIM_ETR_SetConfig)
    TIM_OC2_SetConfig                        0x08003a05   Thumb Code   114  stm32f4xx_hal_tim.o(i.TIM_OC2_SetConfig)
    TIM_ResetCallback                        0x08003b4d   Thumb Code    58  stm32f4xx_hal_tim.o(i.TIM_ResetCallback)
    UART_InitCallbacksToDefault              0x08003cad   Thumb Code    38  stm32f4xx_hal_uart.o(i.UART_InitCallbacksToDefault)
    USART1_IRQHandler                        0x0800407d   Thumb Code    10  stm32f4xx_it.o(i.USART1_IRQHandler)
    USART2_IRQHandler                        0x0800408d   Thumb Code    10  stm32f4xx_it.o(i.USART2_IRQHandler)
    USART3_IRQHandler                        0x0800409d   Thumb Code    10  stm32f4xx_it.o(i.USART3_IRQHandler)
    USART6_IRQHandler                        0x080040ad   Thumb Code    10  stm32f4xx_it.o(i.USART6_IRQHandler)
    UsageFault_Handler                       0x080040bd   Thumb Code     4  stm32f4xx_it.o(i.UsageFault_Handler)
    BaseCtrlTask(const void*)                0x080040c1   Thumb Code    16  freertos.o(i._Z12BaseCtrlTaskPKv)
    Base_Control(float, float, float)        0x080040d5   Thumb Code    94  robo_base.o(i._Z12Base_Controlfff)
    Change_State()                           0x08004139   Thumb Code   118  robo_task.o(i._Z12Change_Statev)
    IMU_Analysis(unsigned char*, unsigned char) 0x080041b9   Thumb Code   236  imu_analysis.o(i._Z12IMU_AnalysisPhh)
    StartInitTask(const void*)               0x080042ad   Thumb Code    14  freertos.o(i._Z13StartInitTaskPKv)
    Absolute_Angle()                         0x080042bd   Thumb Code   124  imu_analysis.o(i._Z14Absolute_Anglev)
    ArmYunCtrlTask(const void*)              0x0800434d   Thumb Code    10  freertos.o(i._Z14ArmYunCtrlTaskPKv)
    Arm_Motor_Init()                         0x08004359   Thumb Code   158  robo_arm.o(i._Z14Arm_Motor_Initv)
    Yun_Motor_Init()                         0x08004539   Thumb Code   172  robo_yun.o(i._Z14Yun_Motor_Initv)
    Arm_offset_moto(int)                     0x08004619   Thumb Code    18  robo_arm.o(i._Z15Arm_offset_motoi)
    Base_Motor_Init()                        0x08004639   Thumb Code   200  robo_base.o(i._Z15Base_Motor_Initv)
    RoboControlTask(const void*)             0x08004be5   Thumb Code    14  freertos.o(i._Z15RoboControlTaskPKv)
    duolun_biaoding()                        0x08004bf5   Thumb Code   138  robo_base.o(i._Z15duolun_biaodingv)
    DataAnalysisTask(const void*)            0x08004c8d   Thumb Code    86  freertos.o(i._Z16DataAnalysisTaskPKv)
    MX_FREERTOS_Init()                       0x08004cf1   Thumb Code   150  freertos.o(i._Z16MX_FREERTOS_Initv)
    AutomaticCtrlTask(const void*)           0x08004da5   Thumb Code    10  freertos.o(i._Z17AutomaticCtrlTaskPKv)
    Test_TIM_Function()                      0x08004db1   Thumb Code    40  init.o(i._Z17Test_TIM_Functionv)
    SystemClock_Config()                     0x08004de5   Thumb Code   166  main.o(i._Z18SystemClock_Configv)
    Vision_Data_Process(unsigned char*, unsigned char) 0x08004edd   Thumb Code   110  vision_analysis.o(i._Z19Vision_Data_ProcessPhh)
    IFR_CAN_Recevice_Callback(__CAN_HandleTypeDef*) 0x0800585d   Thumb Code    24  ifr_can.o(i._Z25IFR_CAN_Recevice_CallbackP19__CAN_HandleTypeDef)
    IFR_CAN_Transmit_Callback(__CAN_HandleTypeDef*) 0x08005879   Thumb Code    24  ifr_can.o(i._Z25IFR_CAN_Transmit_CallbackP19__CAN_HandleTypeDef)
    IFR_TIM_Overflow_Callback(__TIM_HandleTypeDef*) 0x08005895   Thumb Code    26  ifr_tim.o(i._Z25IFR_TIM_Overflow_CallbackP19__TIM_HandleTypeDef)
    IFR_FreeRTOS_Uart_DoubleBuffer_Recevice_Callback(__UART_HandleTypeDef*, unsigned short) 0x080058b5   Thumb Code   146  ifr_usart.o(i._Z48IFR_FreeRTOS_Uart_DoubleBuffer_Recevice_CallbackP20__UART_HandleTypeDeft)
    All_Init()                               0x0800594d   Thumb Code   190  init.o(i._Z8All_Initv)
    Base_Task(State*)                        0x08005a69   Thumb Code   164  base_task.o(i._Z9Base_TaskP5State)
    IFR_DJI_Motor::Motor_PosInit()           0x08005b21   Thumb Code     6  ifr_motor.o(i._ZN13IFR_DJI_Motor13Motor_PosInitEv)
    IFR_DJI_Motor::DJI_Motor_Analysis(unsigned char*, unsigned) 0x08005b27   Thumb Code   132  ifr_motor.o(i._ZN13IFR_DJI_Motor18DJI_Motor_AnalysisEPhj)
    IFR_DJI_Motor::IFR_DJI_Motor(unsigned short) 0x08005bab   Thumb Code    10  ifr_motor.o(i._ZN13IFR_DJI_MotorC1Et)
    IFR_DJI_Motor::IFR_DJI_Motor__sub_object(unsigned short) 0x08005bab   Thumb Code     0  ifr_motor.o(i._ZN13IFR_DJI_MotorC1Et)
    IFR_Pos_Motor::Motor_Pos_Set(int)        0x08005bb5   Thumb Code   146  ifr_motor.o(i._ZN13IFR_Pos_Motor13Motor_Pos_SetEi)
    IFR_Pos_Motor::MotorPos_PID_Init(float, float, float, float, float, float, float) 0x08005c47   Thumb Code    78  ifr_motor.o(i._ZN13IFR_Pos_Motor17MotorPos_PID_InitEfffffff)
    IFR_Pos_Motor::MotorSpeed_PID_Init(float, float, float, float, float, float, float) 0x08005c95   Thumb Code    78  ifr_motor.o(i._ZN13IFR_Pos_Motor19MotorSpeed_PID_InitEfffffff)
    IFR_Pos_Motor::IFR_Pos_Motor(float(*)(int), unsigned short) 0x08005ce3   Thumb Code    26  ifr_motor.o(i._ZN13IFR_Pos_MotorC1EPFfiEt)
    IFR_Pos_Motor::IFR_Pos_Motor__sub_object(float(*)(int), unsigned short) 0x08005ce3   Thumb Code     0  ifr_motor.o(i._ZN13IFR_Pos_MotorC1EPFfiEt)
    IFR_Pos_Motor::IFR_Pos_Motor(unsigned short) 0x08005cfd   Thumb Code    20  ifr_motor.o(i._ZN13IFR_Pos_MotorC1Et)
    IFR_Pos_Motor::IFR_Pos_Motor__sub_object(unsigned short) 0x08005cfd   Thumb Code     0  ifr_motor.o(i._ZN13IFR_Pos_MotorC1Et)
    IFR_Speed_Motor::Motor_PID_Init(float, float, float, float, float, float, float) 0x08005d11   Thumb Code    78  ifr_motor.o(i._ZN15IFR_Speed_Motor14Motor_PID_InitEfffffff)
    IFR_Speed_Motor::Motor_Speed_Set(short)  0x08005d5f   Thumb Code    56  ifr_motor.o(i._ZN15IFR_Speed_Motor15Motor_Speed_SetEs)
    IFR_Speed_Motor::IFR_Speed_Motor(unsigned short) 0x08005d97   Thumb Code    20  ifr_motor.o(i._ZN15IFR_Speed_MotorC1Et)
    IFR_Speed_Motor::IFR_Speed_Motor__sub_object(unsigned short) 0x08005d97   Thumb Code     0  ifr_motor.o(i._ZN15IFR_Speed_MotorC1Et)
    IFR_CAN_ClassDef::CAN_Recevice()         0x08005dab   Thumb Code    80  ifr_can.o(i._ZN16IFR_CAN_ClassDef12CAN_ReceviceEv)
    IFR_CAN_ClassDef::CAN_Transmit(CAN_TxHeaderTypeDef*, unsigned char*) 0x08005dfb   Thumb Code   120  ifr_can.o(i._ZN16IFR_CAN_ClassDef12CAN_TransmitEP19CAN_TxHeaderTypeDefPh)
    IFR_CAN_ClassDef::CAN_TransmitForMotor() 0x08005e73   Thumb Code   658  ifr_can.o(i._ZN16IFR_CAN_ClassDef20CAN_TransmitForMotorEv)
    IFR_CAN_ClassDef::CAN_MultiMessage_Transmit() 0x08006105   Thumb Code    74  ifr_can.o(i._ZN16IFR_CAN_ClassDef25CAN_MultiMessage_TransmitEv)
    IFR_CAN_ClassDef::CAN_Init(__CAN_HandleTypeDef*, IFR_DJI_Motor*) 0x08006151   Thumb Code   156  ifr_can.o(i._ZN16IFR_CAN_ClassDef8CAN_InitEP19__CAN_HandleTypeDefP13IFR_DJI_Motor)
    IFR_TIM_ClassDef::TIM_ITStart(__TIM_HandleTypeDef*, void(*)()) 0x080061fd   Thumb Code    40  ifr_tim.o(i._ZN16IFR_TIM_ClassDef11TIM_ITStartEP19__TIM_HandleTypeDefPFvvE)
    IFR_TIM_ClassDef::TaskFunction_Call()    0x0800622d   Thumb Code    14  ifr_tim.o(i._ZN16IFR_TIM_ClassDef17TaskFunction_CallEv)
    IFR_GPIO_ClassDef::Low()                 0x0800623b   Thumb Code    20  ifr_gpio.o(i._ZN17IFR_GPIO_ClassDef3LowEv)
    IFR_GPIO_ClassDef::High()                0x0800624f   Thumb Code    20  ifr_gpio.o(i._ZN17IFR_GPIO_ClassDef4HighEv)
    IFR_GPIO_ClassDef::Read()                0x08006263   Thumb Code    18  ifr_gpio.o(i._ZN17IFR_GPIO_ClassDef4ReadEv)
    IFR_GPIO_ClassDef::Turn()                0x08006275   Thumb Code    24  ifr_gpio.o(i._ZN17IFR_GPIO_ClassDef4TurnEv)
    IFR_GPIO_ClassDef::IFR_GPIO_ClassDef(GPIO_TypeDef*, unsigned short) 0x0800628d   Thumb Code    10  ifr_gpio.o(i._ZN17IFR_GPIO_ClassDefC1EP12GPIO_TypeDeft)
    IFR_GPIO_ClassDef::IFR_GPIO_ClassDef__sub_object(GPIO_TypeDef*, unsigned short) 0x0800628d   Thumb Code     0  ifr_gpio.o(i._ZN17IFR_GPIO_ClassDefC1EP12GPIO_TypeDeft)
    IFR_OPWM_ClassDef::OPWM_Init(__TIM_HandleTypeDef*, unsigned) 0x08006297   Thumb Code    22  ifr_pwm.o(i._ZN17IFR_OPWM_ClassDef9OPWM_InitEP19__TIM_HandleTypeDefj)
    IFR_UDBRx_ClassDef::UDB_Recevice_Init(__UART_HandleTypeDef*, void(*)(unsigned char*, unsigned char), tskTaskControlBlock**) 0x080062ad   Thumb Code    90  ifr_usart.o(i._ZN18IFR_UDBRx_ClassDef17UDB_Recevice_InitEP20__UART_HandleTypeDefPFvPhhEPP19tskTaskControlBlock)
    IFR_UDBRx_ClassDef::Uart_DoubleBuffer_Recevice(unsigned short) 0x08006311   Thumb Code   148  ifr_usart.o(i._ZN18IFR_UDBRx_ClassDef26Uart_DoubleBuffer_ReceviceEt)
    IFR_PID::Positional_PID(float, float)    0x080063a5   Thumb Code   358  ifr_pid.o(i._ZN7IFR_PID14Positional_PIDEff)
    IFR_PID::PID_Init(float, float, float, float, float, float, float) 0x08006511   Thumb Code    30  ifr_pid.o(i._ZN7IFR_PID8PID_InitEfffffff)
    std::sqrt(float)                         0x0800652f   Thumb Code    24  robo_base.o(i._ZSt4sqrtf)
    std::atan2(float, float)                 0x08006547   Thumb Code    32  robo_base.o(i._ZSt5atan2ff)
    __ARM_fpclassify                         0x08006567   Thumb Code    48  fpclassify.o(i.__ARM_fpclassify)
    __ARM_fpclassifyf                        0x08006597   Thumb Code    38  fpclassifyf.o(i.__ARM_fpclassifyf)
    __hardfp_atan2f                          0x080065f5   Thumb Code   502  atan2f.o(i.__hardfp_atan2f)
    __hardfp_cos                             0x08006849   Thumb Code   180  cos.o(i.__hardfp_cos)
    __hardfp_sin                             0x08006911   Thumb Code   180  sin.o(i.__hardfp_sin)
    __hardfp_sqrtf                           0x080069d9   Thumb Code    58  sqrtf.o(i.__hardfp_sqrtf)
    __ieee754_rem_pio2                       0x08006a19   Thumb Code   938  rred.o(i.__ieee754_rem_pio2)
    __kernel_cos                             0x08006e51   Thumb Code   322  cos_i.o(i.__kernel_cos)
    __kernel_poly                            0x08006fc1   Thumb Code   248  poly.o(i.__kernel_poly)
    __kernel_sin                             0x080070b9   Thumb Code   280  sin_i.o(i.__kernel_sin)
    __mathlib_dbl_infnan                     0x080071e9   Thumb Code    20  dunder.o(i.__mathlib_dbl_infnan)
    __mathlib_dbl_invalid                    0x08007201   Thumb Code    24  dunder.o(i.__mathlib_dbl_invalid)
    __mathlib_dbl_underflow                  0x08007221   Thumb Code    24  dunder.o(i.__mathlib_dbl_underflow)
    __mathlib_flt_infnan2                    0x08007241   Thumb Code     6  funder.o(i.__mathlib_flt_infnan2)
    __mathlib_flt_underflow                  0x08007249   Thumb Code    10  funder.o(i.__mathlib_flt_underflow)
    fabs                                     0x08007339   Thumb Code    24  fabs.o(i.fabs)
    main                                     0x08007361   Thumb Code    64  main.o(i.main)
    osDelay                                  0x080073af   Thumb Code    24  cmsis_os.o(i.osDelay)
    osKernelStart                            0x080073c7   Thumb Code    10  cmsis_os.o(i.osKernelStart)
    osSignalSet                              0x080073d1   Thumb Code    92  cmsis_os.o(i.osSignalSet)
    osSignalWait                             0x08007431   Thumb Code    98  cmsis_os.o(i.osSignalWait)
    osThreadCreate                           0x08007493   Thumb Code    48  cmsis_os.o(i.osThreadCreate)
    pvPortMalloc                             0x08007909   Thumb Code   306  heap_4.o(i.pvPortMalloc)
    pxPortInitialiseStack                    0x08007a55   Thumb Code    38  port.o(i.pxPortInitialiseStack)
    uxListRemove                             0x08007a81   Thumb Code    40  list.o(i.uxListRemove)
    vListInitialise                          0x08007aa9   Thumb Code    26  list.o(i.vListInitialise)
    vListInitialiseItem                      0x08007ac3   Thumb Code     6  list.o(i.vListInitialiseItem)
    vListInsert                              0x08007ac9   Thumb Code    52  list.o(i.vListInsert)
    vListInsertEnd                           0x08007afd   Thumb Code    24  list.o(i.vListInsertEnd)
    vPortEnterCritical                       0x08007b15   Thumb Code    76  port.o(i.vPortEnterCritical)
    vPortExitCritical                        0x08007b69   Thumb Code    56  port.o(i.vPortExitCritical)
    vPortFree                                0x08007ba5   Thumb Code   150  heap_4.o(i.vPortFree)
    vPortSetupTimerInterrupt                 0x08007c49   Thumb Code    36  port.o(i.vPortSetupTimerInterrupt)
    vPortValidateInterruptPriority           0x08007c71   Thumb Code   106  port.o(i.vPortValidateInterruptPriority)
    vTaskDelay                               0x08007ce9   Thumb Code    82  tasks.o(i.vTaskDelay)
    vTaskStartScheduler                      0x08007d45   Thumb Code   108  tasks.o(i.vTaskStartScheduler)
    vTaskSuspendAll                          0x08007dcd   Thumb Code    12  tasks.o(i.vTaskSuspendAll)
    vTaskSwitchContext                       0x08007ddd   Thumb Code   118  tasks.o(i.vTaskSwitchContext)
    xPortStartScheduler                      0x08007e69   Thumb Code   330  port.o(i.xPortStartScheduler)
    xTaskCreate                              0x08007fd1   Thumb Code    96  tasks.o(i.xTaskCreate)
    xTaskGenericNotify                       0x08008031   Thumb Code   280  tasks.o(i.xTaskGenericNotify)
    xTaskGenericNotifyFromISR                0x08008159   Thumb Code   334  tasks.o(i.xTaskGenericNotifyFromISR)
    xTaskIncrementTick                       0x080082c1   Thumb Code   282  tasks.o(i.xTaskIncrementTick)
    xTaskNotifyWait                          0x08008409   Thumb Code   150  tasks.o(i.xTaskNotifyWait)
    xTaskResumeAll                           0x080084a9   Thumb Code   224  tasks.o(i.xTaskResumeAll)
    __aeabi_dneg                             0x080085ad   Thumb Code     0  basic.o(x$fpl$basic)
    _dneg                                    0x080085ad   Thumb Code     6  basic.o(x$fpl$basic)
    __aeabi_fneg                             0x080085b3   Thumb Code     0  basic.o(x$fpl$basic)
    _fneg                                    0x080085b3   Thumb Code     6  basic.o(x$fpl$basic)
    _dabs                                    0x080085b9   Thumb Code     6  basic.o(x$fpl$basic)
    _fabs                                    0x080085bf   Thumb Code     6  basic.o(x$fpl$basic)
    __aeabi_d2f                              0x080085c5   Thumb Code     0  d2f.o(x$fpl$d2f)
    _d2f                                     0x080085c5   Thumb Code    98  d2f.o(x$fpl$d2f)
    __aeabi_dadd                             0x08008629   Thumb Code     0  daddsub_clz.o(x$fpl$dadd)
    _dadd                                    0x08008629   Thumb Code   332  daddsub_clz.o(x$fpl$dadd)
    __fpl_dcmp_Inf                           0x08008779   Thumb Code    24  dcmpi.o(x$fpl$dcmpinf)
    __aeabi_ddiv                             0x08008791   Thumb Code     0  ddiv.o(x$fpl$ddiv)
    _ddiv                                    0x08008791   Thumb Code   552  ddiv.o(x$fpl$ddiv)
    __aeabi_d2iz                             0x08008a41   Thumb Code     0  dfix.o(x$fpl$dfix)
    _dfix                                    0x08008a41   Thumb Code    94  dfix.o(x$fpl$dfix)
    __aeabi_i2d                              0x08008a9f   Thumb Code     0  dflt_clz.o(x$fpl$dflt)
    _dflt                                    0x08008a9f   Thumb Code    46  dflt_clz.o(x$fpl$dflt)
    __aeabi_ui2d                             0x08008acd   Thumb Code     0  dflt_clz.o(x$fpl$dfltu)
    _dfltu                                   0x08008acd   Thumb Code    38  dflt_clz.o(x$fpl$dfltu)
    __aeabi_cdcmple                          0x08008af5   Thumb Code     0  dleqf.o(x$fpl$dleqf)
    _dcmple                                  0x08008af5   Thumb Code   120  dleqf.o(x$fpl$dleqf)
    __fpl_dcmple_InfNaN                      0x08008b57   Thumb Code     0  dleqf.o(x$fpl$dleqf)
    __aeabi_dmul                             0x08008b6d   Thumb Code     0  dmul.o(x$fpl$dmul)
    _dmul                                    0x08008b6d   Thumb Code   332  dmul.o(x$fpl$dmul)
    __fpl_dnaninf                            0x08008cc1   Thumb Code   156  dnaninf.o(x$fpl$dnaninf)
    __fpl_dretinf                            0x08008d5d   Thumb Code    12  dretinf.o(x$fpl$dretinf)
    __aeabi_cdrcmple                         0x08008d69   Thumb Code     0  drleqf.o(x$fpl$drleqf)
    _drcmple                                 0x08008d69   Thumb Code   108  drleqf.o(x$fpl$drleqf)
    __aeabi_drsub                            0x08008dd5   Thumb Code     0  daddsub_clz.o(x$fpl$drsb)
    _drsb                                    0x08008dd5   Thumb Code    22  daddsub_clz.o(x$fpl$drsb)
    __aeabi_dsub                             0x08008ded   Thumb Code     0  daddsub_clz.o(x$fpl$dsub)
    _dsub                                    0x08008ded   Thumb Code   464  daddsub_clz.o(x$fpl$dsub)
    __aeabi_f2d                              0x08008fc1   Thumb Code     0  f2d.o(x$fpl$f2d)
    _f2d                                     0x08008fc1   Thumb Code    86  f2d.o(x$fpl$f2d)
    __fpl_fnaninf                            0x08009017   Thumb Code   140  fnaninf.o(x$fpl$fnaninf)
    _fp_init                                 0x080090a3   Thumb Code    10  fpinit.o(x$fpl$fpinit)
    __fplib_config_fpu_vfp                   0x080090ab   Thumb Code     0  fpinit.o(x$fpl$fpinit)
    __fplib_config_pureend_doubles           0x080090ab   Thumb Code     0  fpinit.o(x$fpl$fpinit)
    __fpl_fretinf                            0x080090ad   Thumb Code    10  fretinf.o(x$fpl$fretinf)
    __I$use$fp                               0x080090b6   Number         0  usenofp.o(x$fpl$usenofp)
    AHBPrescTable                            0x08009138   Data          16  system_stm32f4xx.o(.constdata)
    APBPrescTable                            0x08009148   Data           8  system_stm32f4xx.o(.constdata)
    Region$$Table$$Base                      0x080092c0   Number         0  anon$$obj.o(Region$$Table)
    Region$$Table$$Limit                     0x080092e0   Number         0  anon$$obj.o(Region$$Table)
    SHT$$INIT_ARRAY$$Base                    0x080092e0   Number         0  init.o(.init_array)
    SHT$$INIT_ARRAY$$Limit                   0x080092ec   Number         0  init_aeabi.o(.init_array)
    LED_White                                0x20000000   Data           8  init.o(.data)
    LED_Bule                                 0x20000008   Data           8  init.o(.data)
    Key                                      0x20000010   Data           8  init.o(.data)
    TestTim                                  0x20000018   Data           4  init.o(.data)
    InitTaskHandle                           0x2000001c   Data           4  freertos.o(.data)
    AnalysisTaskHandle                       0x20000020   Data           4  freertos.o(.data)
    RoboTaskHandle                           0x20000024   Data           4  freertos.o(.data)
    BaseTaskHandle                           0x20000028   Data           4  freertos.o(.data)
    ArmYunTaskHandle                         0x2000002c   Data           4  freertos.o(.data)
    AutomaticTaskHandle                      0x20000030   Data           4  freertos.o(.data)
    hcrc                                     0x20000038   Data           8  crc.o(.data)
    V_car                                    0x20000040   Data           8  robo_base.o(.data)
    angle_car                                0x20000048   Data           8  robo_base.o(.data)
    R_car                                    0x20000050   Data           8  robo_base.o(.data)
    a                                        0x20000058   Data           4  robo_base.o(.data)
    b                                        0x2000005c   Data           4  robo_base.o(.data)
    state                                    0x20000060   Data           1  robo_task.o(.data)
    vision_data                              0x20000068   Data           8  vision_analysis.o(.data)
    Sum_Send                                 0x20000070   Data           4  vision_analysis.o(.data)
    Sum_Receive                              0x20000074   Data           4  vision_analysis.o(.data)
    uwTick                                   0x20000078   Data           4  stm32f4xx_hal.o(.data)
    uwTickPrio                               0x2000007c   Data           4  stm32f4xx_hal.o(.data)
    uwTickFreq                               0x20000080   Data           1  stm32f4xx_hal.o(.data)
    SystemCoreClock                          0x20000084   Data           4  system_stm32f4xx.o(.data)
    pxCurrentTCB                             0x20000088   Data           4  tasks.o(.data)
    DJI_Remote                               0x200000f0   Data          22  ifr_remote.o(.data)
    Remote_Receive                           0x2000010c   Data         116  init.o(.bss)
    IMU_Receive                              0x20000180   Data         116  init.o(.bss)
    Vision_Receive                           0x200001f4   Data         116  init.o(.bss)
    IFR_Remote_Receive                       0x20000268   Data         116  init.o(.bss)
    hcan1                                    0x200002dc   Data         100  can.o(.bss)
    hcan2                                    0x20000340   Data         100  can.o(.bss)
    htim2                                    0x200003a4   Data         180  tim.o(.bss)
    htim3                                    0x20000458   Data         180  tim.o(.bss)
    huart1                                   0x2000050c   Data         116  usart.o(.bss)
    huart2                                   0x20000580   Data         116  usart.o(.bss)
    huart3                                   0x200005f4   Data         116  usart.o(.bss)
    huart6                                   0x20000668   Data         116  usart.o(.bss)
    hdma_usart1_rx                           0x200006dc   Data          96  usart.o(.bss)
    hdma_usart2_rx                           0x2000073c   Data          96  usart.o(.bss)
    hdma_usart3_rx                           0x2000079c   Data          96  usart.o(.bss)
    hdma_usart6_rx                           0x200007fc   Data          96  usart.o(.bss)
    htim1                                    0x2000085c   Data         180  stm32f4xx_hal_timebase_tim.o(.bss)
    Robo_Base                                0x20000910   Data         636  robo_base.o(.bss)
    CAN_Base                                 0x20000b8c   Data         372  robo_base.o(.bss)
    angle                                    0x20000d00   Data          20  robo_base.o(.bss)
    speed                                    0x20000d14   Data          20  robo_base.o(.bss)
    Motor_Tar                                0x20000d28   Data          32  robo_base.o(.bss)
    cir                                      0x20000d48   Data          16  robo_base.o(.bss)
    MoveMotor_SpeedMix                       0x20000d58   Data          16  robo_base.o(.bss)
    CAN_Yun                                  0x20000d68   Data         372  robo_yun.o(.bss)
    Robo_YunAndArm                           0x20000edc   Data         560  robo_yun.o(.bss)
    IMU                                      0x2000110c   Data          28  imu_analysis.o(.bss)
    CAN_Pointer                              0x20004e18   Data          12  ifr_can.o(.bss)
    TIM_Pointer                              0x20004e24   Data          60  ifr_tim.o(.bss)
    UDB_Pointer                              0x20004e60   Data          36  ifr_usart.o(.bss)
    __libspace_start                         0x20004e84   Data          96  libspace.o(.bss)
    __temporary_stack_top$libspace           0x20004ee4   Data           0  libspace.o(.bss)



==============================================================================

Memory Map of the image

  Image Entry point : 0x08000189

  Load Region LR_IROM1 (Base: 0x08000000, Size: 0x000093f8, Max: 0x00100000, ABSOLUTE)

    Execution Region ER_IROM1 (Exec base: 0x08000000, Load base: 0x08000000, Size: 0x000092ec, Max: 0x00100000, ABSOLUTE)

    Exec Addr    Load Addr    Size         Type   Attr      Idx    E Section Name        Object

    0x08000000   0x08000000   0x00000188   Data   RO            3    RESET               startup_stm32f405xx.o
    0x08000188   0x08000188   0x00000008   Code   RO         6578  * !!!main             c_w.l(__main.o)
    0x08000190   0x08000190   0x00000034   Code   RO         6905    !!!scatter          c_w.l(__scatter.o)
    0x080001c4   0x080001c4   0x0000001a   Code   RO         6907    !!handler_copy      c_w.l(__scatter_copy.o)
    0x080001de   0x080001de   0x00000002   PAD
    0x080001e0   0x080001e0   0x0000001c   Code   RO         6909    !!handler_zi        c_w.l(__scatter_zi.o)
    0x080001fc   0x080001fc   0x00000002   Code   RO         6831    .ARM.Collect$$libinit$$00000000  c_w.l(libinit.o)
    0x080001fe   0x080001fe   0x00000004   Code   RO         6663    .ARM.Collect$$libinit$$00000001  c_w.l(libinit2.o)
    0x08000202   0x08000202   0x00000000   Code   RO         6666    .ARM.Collect$$libinit$$00000004  c_w.l(libinit2.o)
    0x08000202   0x08000202   0x00000000   Code   RO         6669    .ARM.Collect$$libinit$$0000000A  c_w.l(libinit2.o)
    0x08000202   0x08000202   0x00000000   Code   RO         6671    .ARM.Collect$$libinit$$0000000C  c_w.l(libinit2.o)
    0x08000202   0x08000202   0x00000000   Code   RO         6673    .ARM.Collect$$libinit$$0000000E  c_w.l(libinit2.o)
    0x08000202   0x08000202   0x00000000   Code   RO         6676    .ARM.Collect$$libinit$$00000011  c_w.l(libinit2.o)
    0x08000202   0x08000202   0x00000000   Code   RO         6678    .ARM.Collect$$libinit$$00000013  c_w.l(libinit2.o)
    0x08000202   0x08000202   0x00000000   Code   RO         6680    .ARM.Collect$$libinit$$00000015  c_w.l(libinit2.o)
    0x08000202   0x08000202   0x00000000   Code   RO         6682    .ARM.Collect$$libinit$$00000017  c_w.l(libinit2.o)
    0x08000202   0x08000202   0x00000000   Code   RO         6684    .ARM.Collect$$libinit$$00000019  c_w.l(libinit2.o)
    0x08000202   0x08000202   0x00000000   Code   RO         6686    .ARM.Collect$$libinit$$0000001B  c_w.l(libinit2.o)
    0x08000202   0x08000202   0x00000000   Code   RO         6688    .ARM.Collect$$libinit$$0000001D  c_w.l(libinit2.o)
    0x08000202   0x08000202   0x00000000   Code   RO         6690    .ARM.Collect$$libinit$$0000001F  c_w.l(libinit2.o)
    0x08000202   0x08000202   0x00000000   Code   RO         6692    .ARM.Collect$$libinit$$00000021  c_w.l(libinit2.o)
    0x08000202   0x08000202   0x00000000   Code   RO         6694    .ARM.Collect$$libinit$$00000023  c_w.l(libinit2.o)
    0x08000202   0x08000202   0x00000000   Code   RO         6696    .ARM.Collect$$libinit$$00000025  c_w.l(libinit2.o)
    0x08000202   0x08000202   0x00000000   Code   RO         6700    .ARM.Collect$$libinit$$0000002C  c_w.l(libinit2.o)
    0x08000202   0x08000202   0x00000000   Code   RO         6702    .ARM.Collect$$libinit$$0000002E  c_w.l(libinit2.o)
    0x08000202   0x08000202   0x00000000   Code   RO         6704    .ARM.Collect$$libinit$$00000030  c_w.l(libinit2.o)
    0x08000202   0x08000202   0x00000004   Code   RO         6705    .ARM.Collect$$libinit$$00000031  c_w.l(libinit2.o)
    0x08000206   0x08000206   0x00000000   Code   RO         6706    .ARM.Collect$$libinit$$00000032  c_w.l(libinit2.o)
    0x08000206   0x08000206   0x00000002   Code   RO         6707    .ARM.Collect$$libinit$$00000033  c_w.l(libinit2.o)
    0x08000208   0x08000208   0x00000002   Code   RO         6872    .ARM.Collect$$libshutdown$$00000000  c_w.l(libshutdown.o)
    0x0800020a   0x0800020a   0x00000000   Code   RO         6888    .ARM.Collect$$libshutdown$$00000002  c_w.l(libshutdown2.o)
    0x0800020a   0x0800020a   0x00000000   Code   RO         6890    .ARM.Collect$$libshutdown$$00000004  c_w.l(libshutdown2.o)
    0x0800020a   0x0800020a   0x00000000   Code   RO         6893    .ARM.Collect$$libshutdown$$00000007  c_w.l(libshutdown2.o)
    0x0800020a   0x0800020a   0x00000000   Code   RO         6896    .ARM.Collect$$libshutdown$$0000000A  c_w.l(libshutdown2.o)
    0x0800020a   0x0800020a   0x00000000   Code   RO         6898    .ARM.Collect$$libshutdown$$0000000C  c_w.l(libshutdown2.o)
    0x0800020a   0x0800020a   0x00000000   Code   RO         6901    .ARM.Collect$$libshutdown$$0000000F  c_w.l(libshutdown2.o)
    0x0800020a   0x0800020a   0x00000002   Code   RO         6902    .ARM.Collect$$libshutdown$$00000010  c_w.l(libshutdown2.o)
    0x0800020c   0x0800020c   0x00000000   Code   RO         6654    .ARM.Collect$$rtentry$$00000000  c_w.l(__rtentry.o)
    0x0800020c   0x0800020c   0x00000000   Code   RO         6764    .ARM.Collect$$rtentry$$00000002  c_w.l(__rtentry2.o)
    0x0800020c   0x0800020c   0x00000006   Code   RO         6776    .ARM.Collect$$rtentry$$00000004  c_w.l(__rtentry4.o)
    0x08000212   0x08000212   0x00000000   Code   RO         6766    .ARM.Collect$$rtentry$$00000009  c_w.l(__rtentry2.o)
    0x08000212   0x08000212   0x00000004   Code   RO         6767    .ARM.Collect$$rtentry$$0000000A  c_w.l(__rtentry2.o)
    0x08000216   0x08000216   0x00000000   Code   RO         6769    .ARM.Collect$$rtentry$$0000000C  c_w.l(__rtentry2.o)
    0x08000216   0x08000216   0x00000008   Code   RO         6770    .ARM.Collect$$rtentry$$0000000D  c_w.l(__rtentry2.o)
    0x0800021e   0x0800021e   0x00000002   Code   RO         6834    .ARM.Collect$$rtexit$$00000000  c_w.l(rtexit.o)
    0x08000220   0x08000220   0x00000000   Code   RO         6854    .ARM.Collect$$rtexit$$00000002  c_w.l(rtexit2.o)
    0x08000220   0x08000220   0x00000004   Code   RO         6855    .ARM.Collect$$rtexit$$00000003  c_w.l(rtexit2.o)
    0x08000224   0x08000224   0x00000006   Code   RO         6856    .ARM.Collect$$rtexit$$00000004  c_w.l(rtexit2.o)
    0x0800022a   0x0800022a   0x00000002   PAD
    0x0800022c   0x0800022c   0x000000be   Code   RO         5916    .emb_text           port.o
    0x080002ea   0x080002ea   0x00000002   PAD
    0x080002ec   0x080002ec   0x00000040   Code   RO            4    .text               startup_stm32f405xx.o
    0x0800032c   0x0800032c   0x000000ee   Code   RO         6566    .text               c_w.l(lludivv7m.o)
    0x0800041a   0x0800041a   0x00000064   Code   RO         6570    .text               c_w.l(rt_memcpy_w.o)
    0x0800047e   0x0800047e   0x0000004e   Code   RO         6574    .text               c_w.l(rt_memclr_w.o)
    0x080004cc   0x080004cc   0x00000006   Code   RO         6576    .text               c_w.l(heapauxi.o)
    0x080004d2   0x080004d2   0x00000002   PAD
    0x080004d4   0x080004d4   0x00000024   Code   RO         6583    .text               c_w.l(init_aeabi.o)
    0x080004f8   0x080004f8   0x00000016   Code   RO         6659    .text               c_w.l(_rserrno.o)
    0x0800050e   0x0800050e   0x00000002   PAD
    0x08000510   0x08000510   0x00000008   Code   RO         6783    .text               c_w.l(rt_errno_addr_intlibspace.o)
    0x08000518   0x08000518   0x00000008   Code   RO         6811    .text               c_w.l(libspace.o)
    0x08000520   0x08000520   0x0000004a   Code   RO         6814    .text               c_w.l(sys_stackheap_outer.o)
    0x0800056a   0x0800056a   0x00000012   Code   RO         6816    .text               c_w.l(exit.o)
    0x0800057c   0x0800057c   0x0000000c   Code   RO         6848    .text               c_w.l(sys_exit.o)
    0x08000588   0x08000588   0x00000002   Code   RO         6850    .text               c_w.l(use_no_semi.o)
    0x0800058a   0x0800058a   0x00000000   Code   RO         6852    .text               c_w.l(indicate_semi.o)
    0x0800058a   0x0800058a   0x00000004   Code   RO          895    i.BusFault_Handler  stm32f4xx_it.o
    0x0800058e   0x0800058e   0x00000002   PAD
    0x08000590   0x08000590   0x00000010   Code   RO          896    i.CAN1_RX0_IRQHandler  stm32f4xx_it.o
    0x080005a0   0x080005a0   0x00000010   Code   RO          897    i.CAN1_TX_IRQHandler  stm32f4xx_it.o
    0x080005b0   0x080005b0   0x00000010   Code   RO          898    i.CAN2_RX0_IRQHandler  stm32f4xx_it.o
    0x080005c0   0x080005c0   0x00000010   Code   RO          899    i.CAN2_TX_IRQHandler  stm32f4xx_it.o
    0x080005d0   0x080005d0   0x00000010   Code   RO          900    i.DMA1_Stream1_IRQHandler  stm32f4xx_it.o
    0x080005e0   0x080005e0   0x00000010   Code   RO          901    i.DMA1_Stream5_IRQHandler  stm32f4xx_it.o
    0x080005f0   0x080005f0   0x00000010   Code   RO          902    i.DMA2_Stream1_IRQHandler  stm32f4xx_it.o
    0x08000600   0x08000600   0x00000010   Code   RO          903    i.DMA2_Stream2_IRQHandler  stm32f4xx_it.o
    0x08000610   0x08000610   0x00000034   Code   RO         2497    i.DMA_CalcBaseAndBitshift  stm32f4xx_hal_dma.o
    0x08000644   0x08000644   0x000000aa   Code   RO         2498    i.DMA_CheckFifoParam  stm32f4xx_hal_dma.o
    0x080006ee   0x080006ee   0x00000020   Code   RO         2456    i.DMA_MultiBufferSetConfig  stm32f4xx_hal_dma_ex.o
    0x0800070e   0x0800070e   0x00000002   Code   RO          904    i.DebugMon_Handler  stm32f4xx_it.o
    0x08000710   0x08000710   0x00000006   Code   RO          277    i.Error_Handler     main.o
    0x08000716   0x08000716   0x0000002a   Code   RO         1748    i.HAL_CAN_ActivateNotification  stm32f4xx_hal_can.o
    0x08000740   0x08000740   0x00000156   Code   RO         1749    i.HAL_CAN_AddTxMessage  stm32f4xx_hal_can.o
    0x08000896   0x08000896   0x00000002   PAD
    0x08000898   0x08000898   0x00000124   Code   RO         1750    i.HAL_CAN_ConfigFilter  stm32f4xx_hal_can.o
    0x080009bc   0x080009bc   0x0000002a   Code   RO         1752    i.HAL_CAN_DeactivateNotification  stm32f4xx_hal_can.o
    0x080009e6   0x080009e6   0x00000002   Code   RO         1753    i.HAL_CAN_ErrorCallback  stm32f4xx_hal_can.o
    0x080009e8   0x080009e8   0x0000017a   Code   RO         1756    i.HAL_CAN_GetRxMessage  stm32f4xx_hal_can.o
    0x08000b62   0x08000b62   0x00000036   Code   RO         1758    i.HAL_CAN_GetTxMailboxesFreeLevel  stm32f4xx_hal_can.o
    0x08000b98   0x08000b98   0x0000024e   Code   RO         1760    i.HAL_CAN_IRQHandler  stm32f4xx_hal_can.o
    0x08000de6   0x08000de6   0x00000002   PAD
    0x08000de8   0x08000de8   0x000001ec   Code   RO         1761    i.HAL_CAN_Init      stm32f4xx_hal_can.o
    0x08000fd4   0x08000fd4   0x00000184   Code   RO          664    i.HAL_CAN_MspInit   can.o
    0x08001158   0x08001158   0x000000b2   Code   RO         1766    i.HAL_CAN_RegisterCallback  stm32f4xx_hal_can.o
    0x0800120a   0x0800120a   0x00000002   Code   RO         1769    i.HAL_CAN_RxFifo0FullCallback  stm32f4xx_hal_can.o
    0x0800120c   0x0800120c   0x00000002   Code   RO         1770    i.HAL_CAN_RxFifo0MsgPendingCallback  stm32f4xx_hal_can.o
    0x0800120e   0x0800120e   0x00000002   Code   RO         1771    i.HAL_CAN_RxFifo1FullCallback  stm32f4xx_hal_can.o
    0x08001210   0x08001210   0x00000002   Code   RO         1772    i.HAL_CAN_RxFifo1MsgPendingCallback  stm32f4xx_hal_can.o
    0x08001212   0x08001212   0x00000002   Code   RO         1773    i.HAL_CAN_SleepCallback  stm32f4xx_hal_can.o
    0x08001214   0x08001214   0x0000005e   Code   RO         1774    i.HAL_CAN_Start     stm32f4xx_hal_can.o
    0x08001272   0x08001272   0x00000002   Code   RO         1776    i.HAL_CAN_TxMailbox0AbortCallback  stm32f4xx_hal_can.o
    0x08001274   0x08001274   0x00000002   Code   RO         1777    i.HAL_CAN_TxMailbox0CompleteCallback  stm32f4xx_hal_can.o
    0x08001276   0x08001276   0x00000002   Code   RO         1778    i.HAL_CAN_TxMailbox1AbortCallback  stm32f4xx_hal_can.o
    0x08001278   0x08001278   0x00000002   Code   RO         1779    i.HAL_CAN_TxMailbox1CompleteCallback  stm32f4xx_hal_can.o
    0x0800127a   0x0800127a   0x00000002   Code   RO         1780    i.HAL_CAN_TxMailbox2AbortCallback  stm32f4xx_hal_can.o
    0x0800127c   0x0800127c   0x00000002   Code   RO         1781    i.HAL_CAN_TxMailbox2CompleteCallback  stm32f4xx_hal_can.o
    0x0800127e   0x0800127e   0x00000002   Code   RO         1784    i.HAL_CAN_WakeUpFromRxMsgCallback  stm32f4xx_hal_can.o
    0x08001280   0x08001280   0x00000020   Code   RO         3179    i.HAL_CRC_Init      stm32f4xx_hal_crc.o
    0x080012a0   0x080012a0   0x00000034   Code   RO          713    i.HAL_CRC_MspInit   crc.o
    0x080012d4   0x080012d4   0x0000007c   Code   RO         2458    i.HAL_DMAEx_MultiBufferStart  stm32f4xx_hal_dma_ex.o
    0x08001350   0x08001350   0x000000ac   Code   RO         2500    i.HAL_DMA_Abort     stm32f4xx_hal_dma.o
    0x080013fc   0x080013fc   0x00000028   Code   RO         2501    i.HAL_DMA_Abort_IT  stm32f4xx_hal_dma.o
    0x08001424   0x08001424   0x00000240   Code   RO         2505    i.HAL_DMA_IRQHandler  stm32f4xx_hal_dma.o
    0x08001664   0x08001664   0x000000ec   Code   RO         2506    i.HAL_DMA_Init      stm32f4xx_hal_dma.o
    0x08001750   0x08001750   0x00000028   Code   RO         2924    i.HAL_Delay         stm32f4xx_hal.o
    0x08001778   0x08001778   0x000001f0   Code   RO         2393    i.HAL_GPIO_Init     stm32f4xx_hal_gpio.o
    0x08001968   0x08001968   0x00000010   Code   RO         2395    i.HAL_GPIO_ReadPin  stm32f4xx_hal_gpio.o
    0x08001978   0x08001978   0x00000014   Code   RO         2396    i.HAL_GPIO_TogglePin  stm32f4xx_hal_gpio.o
    0x0800198c   0x0800198c   0x0000000c   Code   RO         2397    i.HAL_GPIO_WritePin  stm32f4xx_hal_gpio.o
    0x08001998   0x08001998   0x0000000c   Code   RO         2930    i.HAL_GetTick       stm32f4xx_hal.o
    0x080019a4   0x080019a4   0x00000018   Code   RO         2936    i.HAL_IncTick       stm32f4xx_hal.o
    0x080019bc   0x080019bc   0x0000003c   Code   RO         2937    i.HAL_Init          stm32f4xx_hal.o
    0x080019f8   0x080019f8   0x0000008c   Code   RO         1061    i.HAL_InitTick      stm32f4xx_hal_timebase_tim.o
    0x08001a84   0x08001a84   0x00000054   Code   RO         1037    i.HAL_MspInit       stm32f4xx_hal_msp.o
    0x08001ad8   0x08001ad8   0x00000020   Code   RO         2782    i.HAL_NVIC_EnableIRQ  stm32f4xx_hal_cortex.o
    0x08001af8   0x08001af8   0x0000007c   Code   RO         2788    i.HAL_NVIC_SetPriority  stm32f4xx_hal_cortex.o
    0x08001b74   0x08001b74   0x00000028   Code   RO         2789    i.HAL_NVIC_SetPriorityGrouping  stm32f4xx_hal_cortex.o
    0x08001b9c   0x08001b9c   0x00000184   Code   RO         1994    i.HAL_RCC_ClockConfig  stm32f4xx_hal_rcc.o
    0x08001d20   0x08001d20   0x00000044   Code   RO         1998    i.HAL_RCC_GetClockConfig  stm32f4xx_hal_rcc.o
    0x08001d64   0x08001d64   0x0000000c   Code   RO         1999    i.HAL_RCC_GetHCLKFreq  stm32f4xx_hal_rcc.o
    0x08001d70   0x08001d70   0x00000020   Code   RO         2001    i.HAL_RCC_GetPCLK1Freq  stm32f4xx_hal_rcc.o
    0x08001d90   0x08001d90   0x00000020   Code   RO         2002    i.HAL_RCC_GetPCLK2Freq  stm32f4xx_hal_rcc.o
    0x08001db0   0x08001db0   0x000000b0   Code   RO         2003    i.HAL_RCC_GetSysClockFreq  stm32f4xx_hal_rcc.o
    0x08001e60   0x08001e60   0x0000049c   Code   RO         2006    i.HAL_RCC_OscConfig  stm32f4xx_hal_rcc.o
    0x080022fc   0x080022fc   0x00000002   Code   RO         3970    i.HAL_TIMEx_BreakCallback  stm32f4xx_hal_tim_ex.o
    0x080022fe   0x080022fe   0x00000002   Code   RO         3971    i.HAL_TIMEx_CommutCallback  stm32f4xx_hal_tim_ex.o
    0x08002300   0x08002300   0x00000002   Code   RO         3972    i.HAL_TIMEx_CommutHalfCpltCallback  stm32f4xx_hal_tim_ex.o
    0x08002302   0x08002302   0x00000002   PAD
    0x08002304   0x08002304   0x000000b4   Code   RO         3989    i.HAL_TIMEx_MasterConfigSynchronization  stm32f4xx_hal_tim_ex.o
    0x080023b8   0x080023b8   0x00000078   Code   RO         3237    i.HAL_TIM_Base_Init  stm32f4xx_hal_tim.o
    0x08002430   0x08002430   0x00000070   Code   RO          782    i.HAL_TIM_Base_MspInit  tim.o
    0x080024a0   0x080024a0   0x000000a8   Code   RO         3242    i.HAL_TIM_Base_Start_IT  stm32f4xx_hal_tim.o
    0x08002548   0x08002548   0x0000010c   Code   RO         3246    i.HAL_TIM_ConfigClockSource  stm32f4xx_hal_tim.o
    0x08002654   0x08002654   0x00000002   Code   RO         3267    i.HAL_TIM_ErrorCallback  stm32f4xx_hal_tim.o
    0x08002656   0x08002656   0x00000002   Code   RO         3271    i.HAL_TIM_IC_CaptureCallback  stm32f4xx_hal_tim.o
    0x08002658   0x08002658   0x00000002   Code   RO         3272    i.HAL_TIM_IC_CaptureHalfCpltCallback  stm32f4xx_hal_tim.o
    0x0800265a   0x0800265a   0x000001b6   Code   RO         3285    i.HAL_TIM_IRQHandler  stm32f4xx_hal_tim.o
    0x08002810   0x08002810   0x00000060   Code   RO          783    i.HAL_TIM_MspPostInit  tim.o
    0x08002870   0x08002870   0x00000002   Code   RO         3288    i.HAL_TIM_OC_DelayElapsedCallback  stm32f4xx_hal_tim.o
    0x08002872   0x08002872   0x00000104   Code   RO         3309    i.HAL_TIM_PWM_ConfigChannel  stm32f4xx_hal_tim.o
    0x08002976   0x08002976   0x00000002   PAD
    0x08002978   0x08002978   0x00000078   Code   RO         3312    i.HAL_TIM_PWM_Init  stm32f4xx_hal_tim.o
    0x080029f0   0x080029f0   0x00000002   Code   RO         3314    i.HAL_TIM_PWM_MspInit  stm32f4xx_hal_tim.o
    0x080029f2   0x080029f2   0x00000002   Code   RO         3315    i.HAL_TIM_PWM_PulseFinishedCallback  stm32f4xx_hal_tim.o
    0x080029f4   0x080029f4   0x00000002   Code   RO         3316    i.HAL_TIM_PWM_PulseFinishedHalfCpltCallback  stm32f4xx_hal_tim.o
    0x080029f6   0x080029f6   0x00000002   PAD
    0x080029f8   0x080029f8   0x0000010c   Code   RO         3317    i.HAL_TIM_PWM_Start  stm32f4xx_hal_tim.o
    0x08002b04   0x08002b04   0x00000018   Code   RO          278    i.HAL_TIM_PeriodElapsedCallback  main.o
    0x08002b1c   0x08002b1c   0x00000002   Code   RO         3324    i.HAL_TIM_PeriodElapsedHalfCpltCallback  stm32f4xx_hal_tim.o
    0x08002b1e   0x08002b1e   0x00000144   Code   RO         3326    i.HAL_TIM_RegisterCallback  stm32f4xx_hal_tim.o
    0x08002c62   0x08002c62   0x00000002   Code   RO         3329    i.HAL_TIM_TriggerCallback  stm32f4xx_hal_tim.o
    0x08002c64   0x08002c64   0x00000002   Code   RO         3330    i.HAL_TIM_TriggerHalfCpltCallback  stm32f4xx_hal_tim.o
    0x08002c66   0x08002c66   0x00000002   Code   RO         4248    i.HAL_UARTEx_RxEventCallback  stm32f4xx_hal_uart.o
    0x08002c68   0x08002c68   0x00000002   Code   RO         4250    i.HAL_UART_AbortCpltCallback  stm32f4xx_hal_uart.o
    0x08002c6a   0x08002c6a   0x00000002   Code   RO         4252    i.HAL_UART_AbortReceiveCpltCallback  stm32f4xx_hal_uart.o
    0x08002c6c   0x08002c6c   0x00000002   Code   RO         4255    i.HAL_UART_AbortTransmitCpltCallback  stm32f4xx_hal_uart.o
    0x08002c6e   0x08002c6e   0x00000002   Code   RO         4262    i.HAL_UART_ErrorCallback  stm32f4xx_hal_uart.o
    0x08002c70   0x08002c70   0x000002e0   Code   RO         4265    i.HAL_UART_IRQHandler  stm32f4xx_hal_uart.o
    0x08002f50   0x08002f50   0x00000084   Code   RO         4266    i.HAL_UART_Init     stm32f4xx_hal_uart.o
    0x08002fd4   0x08002fd4   0x00000344   Code   RO          836    i.HAL_UART_MspInit  usart.o
    0x08003318   0x08003318   0x0000004c   Code   RO         4273    i.HAL_UART_RegisterRxEventCallback  stm32f4xx_hal_uart.o
    0x08003364   0x08003364   0x00000002   Code   RO         4274    i.HAL_UART_RxCpltCallback  stm32f4xx_hal_uart.o
    0x08003366   0x08003366   0x00000002   Code   RO         4275    i.HAL_UART_RxHalfCpltCallback  stm32f4xx_hal_uart.o
    0x08003368   0x08003368   0x00000002   Code   RO         4279    i.HAL_UART_TxCpltCallback  stm32f4xx_hal_uart.o
    0x0800336a   0x0800336a   0x00000002   Code   RO         4280    i.HAL_UART_TxHalfCpltCallback  stm32f4xx_hal_uart.o
    0x0800336c   0x0800336c   0x00000004   Code   RO          905    i.HardFault_Handler  stm32f4xx_it.o
    0x08003370   0x08003370   0x0000006c   Code   RO         6036    i.IFR_DJI_Remote_Analysis  ifr_remote.o
    0x080033dc   0x080033dc   0x00000044   Code   RO          665    i.MX_CAN1_Init      can.o
    0x08003420   0x08003420   0x00000044   Code   RO          666    i.MX_CAN2_Init      can.o
    0x08003464   0x08003464   0x00000020   Code   RO          714    i.MX_CRC_Init       crc.o
    0x08003484   0x08003484   0x00000088   Code   RO          754    i.MX_DMA_Init       dma.o
    0x0800350c   0x0800350c   0x000000e0   Code   RO          435    i.MX_GPIO_Init      gpio.o
    0x080035ec   0x080035ec   0x0000006c   Code   RO          784    i.MX_TIM2_Init      tim.o
    0x08003658   0x08003658   0x000000b8   Code   RO          785    i.MX_TIM3_Init      tim.o
    0x08003710   0x08003710   0x00000040   Code   RO          837    i.MX_USART1_UART_Init  usart.o
    0x08003750   0x08003750   0x00000038   Code   RO          838    i.MX_USART2_UART_Init  usart.o
    0x08003788   0x08003788   0x00000040   Code   RO          839    i.MX_USART3_UART_Init  usart.o
    0x080037c8   0x080037c8   0x00000038   Code   RO          840    i.MX_USART6_UART_Init  usart.o
    0x08003800   0x08003800   0x00000004   Code   RO          906    i.MemManage_Handler  stm32f4xx_it.o
    0x08003804   0x08003804   0x00000004   Code   RO          907    i.NMI_Handler       stm32f4xx_it.o
    0x08003808   0x08003808   0x00000034   Code   RO         5917    i.SysTick_Handler   port.o
    0x0800383c   0x0800383c   0x00000014   Code   RO         4635    i.SystemInit        system_stm32f4xx.o
    0x08003850   0x08003850   0x00000010   Code   RO          908    i.TIM1_UP_TIM10_IRQHandler  stm32f4xx_it.o
    0x08003860   0x08003860   0x00000010   Code   RO          909    i.TIM2_IRQHandler   stm32f4xx_it.o
    0x08003870   0x08003870   0x000000d8   Code   RO         3332    i.TIM_Base_SetConfig  stm32f4xx_hal_tim.o
    0x08003948   0x08003948   0x00000022   Code   RO         3333    i.TIM_CCxChannelCmd  stm32f4xx_hal_tim.o
    0x0800396a   0x0800396a   0x00000016   Code   RO         3343    i.TIM_ETR_SetConfig  stm32f4xx_hal_tim.o
    0x08003980   0x08003980   0x00000012   Code   RO         3344    i.TIM_ITRx_SetConfig  stm32f4xx_hal_tim.o
    0x08003992   0x08003992   0x00000002   PAD
    0x08003994   0x08003994   0x00000070   Code   RO         3345    i.TIM_OC1_SetConfig  stm32f4xx_hal_tim.o
    0x08003a04   0x08003a04   0x0000007c   Code   RO         3346    i.TIM_OC2_SetConfig  stm32f4xx_hal_tim.o
    0x08003a80   0x08003a80   0x00000078   Code   RO         3347    i.TIM_OC3_SetConfig  stm32f4xx_hal_tim.o
    0x08003af8   0x08003af8   0x00000054   Code   RO         3348    i.TIM_OC4_SetConfig  stm32f4xx_hal_tim.o
    0x08003b4c   0x08003b4c   0x00000070   Code   RO         3349    i.TIM_ResetCallback  stm32f4xx_hal_tim.o
    0x08003bbc   0x08003bbc   0x00000026   Code   RO         3351    i.TIM_TI1_ConfigInputStage  stm32f4xx_hal_tim.o
    0x08003be2   0x08003be2   0x00000028   Code   RO         3353    i.TIM_TI2_ConfigInputStage  stm32f4xx_hal_tim.o
    0x08003c0a   0x08003c0a   0x00000014   Code   RO         4283    i.UART_DMAAbortOnError  stm32f4xx_hal_uart.o
    0x08003c1e   0x08003c1e   0x0000006c   Code   RO         4293    i.UART_EndRxTransfer  stm32f4xx_hal_uart.o
    0x08003c8a   0x08003c8a   0x00000020   Code   RO         4294    i.UART_EndTransmit_IT  stm32f4xx_hal_uart.o
    0x08003caa   0x08003caa   0x00000002   PAD
    0x08003cac   0x08003cac   0x0000004c   Code   RO         4296    i.UART_InitCallbacksToDefault  stm32f4xx_hal_uart.o
    0x08003cf8   0x08003cf8   0x000000f8   Code   RO         4297    i.UART_Receive_IT   stm32f4xx_hal_uart.o
    0x08003df0   0x08003df0   0x0000022c   Code   RO         4298    i.UART_SetConfig    stm32f4xx_hal_uart.o
    0x0800401c   0x0800401c   0x00000060   Code   RO         4301    i.UART_Transmit_IT  stm32f4xx_hal_uart.o
    0x0800407c   0x0800407c   0x00000010   Code   RO          910    i.USART1_IRQHandler  stm32f4xx_it.o
    0x0800408c   0x0800408c   0x00000010   Code   RO          911    i.USART2_IRQHandler  stm32f4xx_it.o
    0x0800409c   0x0800409c   0x00000010   Code   RO          912    i.USART3_IRQHandler  stm32f4xx_it.o
    0x080040ac   0x080040ac   0x00000010   Code   RO          913    i.USART6_IRQHandler  stm32f4xx_it.o
    0x080040bc   0x080040bc   0x00000004   Code   RO          914    i.UsageFault_Handler  stm32f4xx_it.o
    0x080040c0   0x080040c0   0x00000014   Code   RO          565    i._Z12BaseCtrlTaskPKv  freertos.o
    0x080040d4   0x080040d4   0x00000064   Code   RO         1153    i._Z12Base_Controlfff  robo_base.o
    0x08004138   0x08004138   0x00000080   Code   RO         1359    i._Z12Change_Statev  robo_task.o
    0x080041b8   0x080041b8   0x000000f4   Code   RO         1611    i._Z12IMU_AnalysisPhh  imu_analysis.o
    0x080042ac   0x080042ac   0x0000000e   Code   RO          566    i._Z13StartInitTaskPKv  freertos.o
    0x080042ba   0x080042ba   0x00000002   PAD
    0x080042bc   0x080042bc   0x00000090   Code   RO         1612    i._Z14Absolute_Anglev  imu_analysis.o
    0x0800434c   0x0800434c   0x0000000a   Code   RO          567    i._Z14ArmYunCtrlTaskPKv  freertos.o
    0x08004356   0x08004356   0x00000002   PAD
    0x08004358   0x08004358   0x000000d4   Code   RO         1100    i._Z14Arm_Motor_Initv  robo_arm.o
    0x0800442c   0x0800442c   0x00000028   Code   RO         6085    i._Z14IFR_Can_ID_GetP19__CAN_HandleTypeDef  ifr_can.o
    0x08004454   0x08004454   0x000000e4   Code   RO         6450    i._Z14IFR_TIM_ID_GETP19__TIM_HandleTypeDef  ifr_tim.o
    0x08004538   0x08004538   0x000000e0   Code   RO         1243    i._Z14Yun_Motor_Initv  robo_yun.o
    0x08004618   0x08004618   0x00000020   Code   RO         1101    i._Z15Arm_offset_motoi  robo_arm.o
    0x08004638   0x08004638   0x000000f0   Code   RO         1154    i._Z15Base_Motor_Initv  robo_base.o
    0x08004728   0x08004728   0x00000068   Code   RO         6505    i._Z15IFR_Uart_ID_GetP20__UART_HandleTypeDef  ifr_usart.o
    0x08004790   0x08004790   0x00000454   Code   RO         1155    i._Z15MotorTarget_Setv  robo_base.o
    0x08004be4   0x08004be4   0x0000000e   Code   RO          568    i._Z15RoboControlTaskPKv  freertos.o
    0x08004bf2   0x08004bf2   0x00000002   PAD
    0x08004bf4   0x08004bf4   0x00000098   Code   RO         1156    i._Z15duolun_biaodingv  robo_base.o
    0x08004c8c   0x08004c8c   0x00000064   Code   RO          569    i._Z16DataAnalysisTaskPKv  freertos.o
    0x08004cf0   0x08004cf0   0x000000b4   Code   RO          570    i._Z16MX_FREERTOS_Initv  freertos.o
    0x08004da4   0x08004da4   0x0000000a   Code   RO          571    i._Z17AutomaticCtrlTaskPKv  freertos.o
    0x08004dae   0x08004dae   0x00000002   PAD
    0x08004db0   0x08004db0   0x00000034   Code   RO           13    i._Z17Test_TIM_Functionv  init.o
    0x08004de4   0x08004de4   0x000000b0   Code   RO          279    i._Z18SystemClock_Configv  main.o
    0x08004e94   0x08004e94   0x00000048   Code   RO         1157    i._Z19Rad_Turn_MotorAnglef  robo_base.o
    0x08004edc   0x08004edc   0x0000007c   Code   RO         1716    i._Z19Vision_Data_ProcessPhh  vision_analysis.o
    0x08004f58   0x08004f58   0x00000904   Code   RO         1158    i._Z20ThreeSteering_MoveIKfff  robo_base.o
    0x0800585c   0x0800585c   0x0000001c   Code   RO         6086    i._Z25IFR_CAN_Recevice_CallbackP19__CAN_HandleTypeDef  ifr_can.o
    0x08005878   0x08005878   0x0000001c   Code   RO         6087    i._Z25IFR_CAN_Transmit_CallbackP19__CAN_HandleTypeDef  ifr_can.o
    0x08005894   0x08005894   0x00000020   Code   RO         6451    i._Z25IFR_TIM_Overflow_CallbackP19__TIM_HandleTypeDef  ifr_tim.o
    0x080058b4   0x080058b4   0x00000098   Code   RO         6507    i._Z48IFR_FreeRTOS_Uart_DoubleBuffer_Recevice_CallbackP20__UART_HandleTypeDeft  ifr_usart.o
    0x0800594c   0x0800594c   0x0000011c   Code   RO           14    i._Z8All_Initv      init.o
    0x08005a68   0x08005a68   0x000000b8   Code   RO         1334    i._Z9Base_TaskP5State  base_task.o
    0x08005b20   0x08005b20   0x00000006   Code   RO         6226    i._ZN13IFR_DJI_Motor13Motor_PosInitEv  ifr_motor.o
    0x08005b26   0x08005b26   0x00000084   Code   RO         6227    i._ZN13IFR_DJI_Motor18DJI_Motor_AnalysisEPhj  ifr_motor.o
    0x08005baa   0x08005baa   0x0000000a   Code   RO         6228    i._ZN13IFR_DJI_MotorC1Et  ifr_motor.o
    0x08005bb4   0x08005bb4   0x00000092   Code   RO         6229    i._ZN13IFR_Pos_Motor13Motor_Pos_SetEi  ifr_motor.o
    0x08005c46   0x08005c46   0x0000004e   Code   RO         6230    i._ZN13IFR_Pos_Motor17MotorPos_PID_InitEfffffff  ifr_motor.o
    0x08005c94   0x08005c94   0x0000004e   Code   RO         6231    i._ZN13IFR_Pos_Motor19MotorSpeed_PID_InitEfffffff  ifr_motor.o
    0x08005ce2   0x08005ce2   0x0000001a   Code   RO         6232    i._ZN13IFR_Pos_MotorC1EPFfiEt  ifr_motor.o
    0x08005cfc   0x08005cfc   0x00000014   Code   RO         6233    i._ZN13IFR_Pos_MotorC1Et  ifr_motor.o
    0x08005d10   0x08005d10   0x0000004e   Code   RO         6234    i._ZN15IFR_Speed_Motor14Motor_PID_InitEfffffff  ifr_motor.o
    0x08005d5e   0x08005d5e   0x00000038   Code   RO         6235    i._ZN15IFR_Speed_Motor15Motor_Speed_SetEs  ifr_motor.o
    0x08005d96   0x08005d96   0x00000014   Code   RO         6236    i._ZN15IFR_Speed_MotorC1Et  ifr_motor.o
    0x08005daa   0x08005daa   0x00000050   Code   RO         6089    i._ZN16IFR_CAN_ClassDef12CAN_ReceviceEv  ifr_can.o
    0x08005dfa   0x08005dfa   0x00000078   Code   RO         6090    i._ZN16IFR_CAN_ClassDef12CAN_TransmitEP19CAN_TxHeaderTypeDefPh  ifr_can.o
    0x08005e72   0x08005e72   0x00000292   Code   RO         6091    i._ZN16IFR_CAN_ClassDef20CAN_TransmitForMotorEv  ifr_can.o
    0x08006104   0x08006104   0x0000004a   Code   RO         6092    i._ZN16IFR_CAN_ClassDef25CAN_MultiMessage_TransmitEv  ifr_can.o
    0x0800614e   0x0800614e   0x00000002   PAD
    0x08006150   0x08006150   0x000000ac   Code   RO         6093    i._ZN16IFR_CAN_ClassDef8CAN_InitEP19__CAN_HandleTypeDefP13IFR_DJI_Motor  ifr_can.o
    0x080061fc   0x080061fc   0x00000030   Code   RO         6453    i._ZN16IFR_TIM_ClassDef11TIM_ITStartEP19__TIM_HandleTypeDefPFvvE  ifr_tim.o
    0x0800622c   0x0800622c   0x0000000e   Code   RO         6454    i._ZN16IFR_TIM_ClassDef17TaskFunction_CallEv  ifr_tim.o
    0x0800623a   0x0800623a   0x00000014   Code   RO         6175    i._ZN17IFR_GPIO_ClassDef3LowEv  ifr_gpio.o
    0x0800624e   0x0800624e   0x00000014   Code   RO         6176    i._ZN17IFR_GPIO_ClassDef4HighEv  ifr_gpio.o
    0x08006262   0x08006262   0x00000012   Code   RO         6177    i._ZN17IFR_GPIO_ClassDef4ReadEv  ifr_gpio.o
    0x08006274   0x08006274   0x00000018   Code   RO         6178    i._ZN17IFR_GPIO_ClassDef4TurnEv  ifr_gpio.o
    0x0800628c   0x0800628c   0x0000000a   Code   RO         6179    i._ZN17IFR_GPIO_ClassDefC1EP12GPIO_TypeDeft  ifr_gpio.o
    0x08006296   0x08006296   0x00000016   Code   RO         6358    i._ZN17IFR_OPWM_ClassDef9OPWM_InitEP19__TIM_HandleTypeDefj  ifr_pwm.o
    0x080062ac   0x080062ac   0x00000064   Code   RO         6509    i._ZN18IFR_UDBRx_ClassDef17UDB_Recevice_InitEP20__UART_HandleTypeDefPFvPhhEPP19tskTaskControlBlock  ifr_usart.o
    0x08006310   0x08006310   0x00000094   Code   RO         6510    i._ZN18IFR_UDBRx_ClassDef26Uart_DoubleBuffer_ReceviceEt  ifr_usart.o
    0x080063a4   0x080063a4   0x0000016c   Code   RO         5996    i._ZN7IFR_PID14Positional_PIDEff  ifr_pid.o
    0x08006510   0x08006510   0x0000001e   Code   RO         5998    i._ZN7IFR_PID8PID_InitEfffffff  ifr_pid.o
    0x0800652e   0x0800652e   0x00000018   Code   RO         1212    i._ZSt4sqrtf        robo_base.o
    0x08006546   0x08006546   0x00000020   Code   RO         1218    i._ZSt5atan2ff      robo_base.o
    0x08006566   0x08006566   0x00000030   Code   RO         6807    i.__ARM_fpclassify  m_wm.l(fpclassify.o)
    0x08006596   0x08006596   0x00000026   Code   RO         6736    i.__ARM_fpclassifyf  m_wm.l(fpclassifyf.o)
    0x080065bc   0x080065bc   0x00000010   Code   RO         2795    i.__NVIC_GetPriorityGrouping  stm32f4xx_hal_cortex.o
    0x080065cc   0x080065cc   0x00000028   Code   RO         2796    i.__NVIC_SetPriority  stm32f4xx_hal_cortex.o
    0x080065f4   0x080065f4   0x00000250   Code   RO         6606    i.__hardfp_atan2f   m_wm.l(atan2f.o)
    0x08006844   0x08006844   0x00000004   PAD
    0x08006848   0x08006848   0x000000c8   Code   RO         6618    i.__hardfp_cos      m_wm.l(cos.o)
    0x08006910   0x08006910   0x000000c8   Code   RO         6630    i.__hardfp_sin      m_wm.l(sin.o)
    0x080069d8   0x080069d8   0x0000003a   Code   RO         6642    i.__hardfp_sqrtf    m_wm.l(sqrtf.o)
    0x08006a12   0x08006a12   0x00000006   PAD
    0x08006a18   0x08006a18   0x00000438   Code   RO         6752    i.__ieee754_rem_pio2  m_wm.l(rred.o)
    0x08006e50   0x08006e50   0x00000170   Code   RO         6719    i.__kernel_cos      m_wm.l(cos_i.o)
    0x08006fc0   0x08006fc0   0x000000f8   Code   RO         6809    i.__kernel_poly     m_wm.l(poly.o)
    0x080070b8   0x080070b8   0x00000130   Code   RO         6757    i.__kernel_sin      m_wm.l(sin_i.o)
    0x080071e8   0x080071e8   0x00000014   Code   RO         6723    i.__mathlib_dbl_infnan  m_wm.l(dunder.o)
    0x080071fc   0x080071fc   0x00000004   PAD
    0x08007200   0x08007200   0x00000020   Code   RO         6725    i.__mathlib_dbl_invalid  m_wm.l(dunder.o)
    0x08007220   0x08007220   0x00000020   Code   RO         6728    i.__mathlib_dbl_underflow  m_wm.l(dunder.o)
    0x08007240   0x08007240   0x00000006   Code   RO         6740    i.__mathlib_flt_infnan2  m_wm.l(funder.o)
    0x08007246   0x08007246   0x00000002   PAD
    0x08007248   0x08007248   0x00000010   Code   RO         6744    i.__mathlib_flt_underflow  m_wm.l(funder.o)
    0x08007258   0x08007258   0x0000005c   Code   RO         1248    i.__sti___12_robo_yun_cpp_99dffa86  robo_yun.o
    0x080072b4   0x080072b4   0x00000050   Code   RO         1159    i.__sti___13_robo_base_cpp_ad6cf953  robo_base.o
    0x08007304   0x08007304   0x00000034   Code   RO           15    i.__sti___8_init_cpp_b762d6c1  init.o
    0x08007338   0x08007338   0x00000018   Code   RO         6803    i.fabs              m_wm.l(fabs.o)
    0x08007350   0x08007350   0x00000010   Code   RO         5477    i.inHandlerMode     cmsis_os.o
    0x08007360   0x08007360   0x00000040   Code   RO          280    i.main              main.o
    0x080073a0   0x080073a0   0x0000000e   Code   RO         5479    i.makeFreeRtosPriority  cmsis_os.o
    0x080073ae   0x080073ae   0x00000018   Code   RO         5481    i.osDelay           cmsis_os.o
    0x080073c6   0x080073c6   0x0000000a   Code   RO         5484    i.osKernelStart     cmsis_os.o
    0x080073d0   0x080073d0   0x00000060   Code   RO         5515    i.osSignalSet       cmsis_os.o
    0x08007430   0x08007430   0x00000062   Code   RO         5516    i.osSignalWait      cmsis_os.o
    0x08007492   0x08007492   0x00000030   Code   RO         5518    i.osThreadCreate    cmsis_os.o
    0x080074c2   0x080074c2   0x00000002   PAD
    0x080074c4   0x080074c4   0x00000098   Code   RO         5153    i.prvAddCurrentTaskToDelayedList  tasks.o
    0x0800755c   0x0800755c   0x000000b4   Code   RO         5154    i.prvAddNewTaskToReadyList  tasks.o
    0x08007610   0x08007610   0x00000048   Code   RO         5155    i.prvCheckTasksWaitingTermination  tasks.o
    0x08007658   0x08007658   0x00000012   Code   RO         5156    i.prvDeleteTCB      tasks.o
    0x0800766a   0x0800766a   0x00000002   PAD
    0x0800766c   0x0800766c   0x0000007c   Code   RO         5849    i.prvHeapInit       heap_4.o
    0x080076e8   0x080076e8   0x00000028   Code   RO         5157    i.prvIdleTask       tasks.o
    0x08007710   0x08007710   0x000000b4   Code   RO         5158    i.prvInitialiseNewTask  tasks.o
    0x080077c4   0x080077c4   0x00000068   Code   RO         5159    i.prvInitialiseTaskLists  tasks.o
    0x0800782c   0x0800782c   0x00000068   Code   RO         5850    i.prvInsertBlockIntoFreeList  heap_4.o
    0x08007894   0x08007894   0x00000034   Code   RO         5160    i.prvResetNextTaskUnblockTime  tasks.o
    0x080078c8   0x080078c8   0x00000040   Code   RO         5918    i.prvTaskExitError  port.o
    0x08007908   0x08007908   0x0000014c   Code   RO         5851    i.pvPortMalloc      heap_4.o
    0x08007a54   0x08007a54   0x0000002c   Code   RO         5919    i.pxPortInitialiseStack  port.o
    0x08007a80   0x08007a80   0x00000028   Code   RO         4797    i.uxListRemove      list.o
    0x08007aa8   0x08007aa8   0x0000001a   Code   RO         4798    i.vListInitialise   list.o
    0x08007ac2   0x08007ac2   0x00000006   Code   RO         4799    i.vListInitialiseItem  list.o
    0x08007ac8   0x08007ac8   0x00000034   Code   RO         4800    i.vListInsert       list.o
    0x08007afc   0x08007afc   0x00000018   Code   RO         4801    i.vListInsertEnd    list.o
    0x08007b14   0x08007b14   0x00000054   Code   RO         5921    i.vPortEnterCritical  port.o
    0x08007b68   0x08007b68   0x0000003c   Code   RO         5922    i.vPortExitCritical  port.o
    0x08007ba4   0x08007ba4   0x000000a4   Code   RO         5852    i.vPortFree         heap_4.o
    0x08007c48   0x08007c48   0x00000028   Code   RO         5923    i.vPortSetupTimerInterrupt  port.o
    0x08007c70   0x08007c70   0x00000078   Code   RO         5924    i.vPortValidateInterruptPriority  port.o
    0x08007ce8   0x08007ce8   0x0000005c   Code   RO         5169    i.vTaskDelay        tasks.o
    0x08007d44   0x08007d44   0x00000088   Code   RO         5182    i.vTaskStartScheduler  tasks.o
    0x08007dcc   0x08007dcc   0x00000010   Code   RO         5184    i.vTaskSuspendAll   tasks.o
    0x08007ddc   0x08007ddc   0x0000008c   Code   RO         5185    i.vTaskSwitchContext  tasks.o
    0x08007e68   0x08007e68   0x00000168   Code   RO         5925    i.xPortStartScheduler  port.o
    0x08007fd0   0x08007fd0   0x00000060   Code   RO         5188    i.xTaskCreate       tasks.o
    0x08008030   0x08008030   0x00000128   Code   RO         5189    i.xTaskGenericNotify  tasks.o
    0x08008158   0x08008158   0x00000168   Code   RO         5190    i.xTaskGenericNotifyFromISR  tasks.o
    0x080082c0   0x080082c0   0x00000148   Code   RO         5195    i.xTaskIncrementTick  tasks.o
    0x08008408   0x08008408   0x000000a0   Code   RO         5197    i.xTaskNotifyWait   tasks.o
    0x080084a8   0x080084a8   0x00000104   Code   RO         5201    i.xTaskResumeAll    tasks.o
    0x080085ac   0x080085ac   0x00000018   Code   RO         6586    x$fpl$basic         fz_wm.l(basic.o)
    0x080085c4   0x080085c4   0x00000062   Code   RO         6588    x$fpl$d2f           fz_wm.l(d2f.o)
    0x08008626   0x08008626   0x00000002   PAD
    0x08008628   0x08008628   0x00000150   Code   RO         6787    x$fpl$dadd          fz_wm.l(daddsub_clz.o)
    0x08008778   0x08008778   0x00000018   Code   RO         6793    x$fpl$dcmpinf       fz_wm.l(dcmpi.o)
    0x08008790   0x08008790   0x000002b0   Code   RO         6591    x$fpl$ddiv          fz_wm.l(ddiv.o)
    0x08008a40   0x08008a40   0x0000005e   Code   RO         6795    x$fpl$dfix          fz_wm.l(dfix.o)
    0x08008a9e   0x08008a9e   0x0000002e   Code   RO         6595    x$fpl$dflt          fz_wm.l(dflt_clz.o)
    0x08008acc   0x08008acc   0x00000026   Code   RO         6594    x$fpl$dfltu         fz_wm.l(dflt_clz.o)
    0x08008af2   0x08008af2   0x00000002   PAD
    0x08008af4   0x08008af4   0x00000078   Code   RO         6708    x$fpl$dleqf         fz_wm.l(dleqf.o)
    0x08008b6c   0x08008b6c   0x00000154   Code   RO         6600    x$fpl$dmul          fz_wm.l(dmul.o)
    0x08008cc0   0x08008cc0   0x0000009c   Code   RO         6710    x$fpl$dnaninf       fz_wm.l(dnaninf.o)
    0x08008d5c   0x08008d5c   0x0000000c   Code   RO         6712    x$fpl$dretinf       fz_wm.l(dretinf.o)
    0x08008d68   0x08008d68   0x0000006c   Code   RO         6602    x$fpl$drleqf        fz_wm.l(drleqf.o)
    0x08008dd4   0x08008dd4   0x00000016   Code   RO         6788    x$fpl$drsb          fz_wm.l(daddsub_clz.o)
    0x08008dea   0x08008dea   0x00000002   PAD
    0x08008dec   0x08008dec   0x000001d4   Code   RO         6789    x$fpl$dsub          fz_wm.l(daddsub_clz.o)
    0x08008fc0   0x08008fc0   0x00000056   Code   RO         6604    x$fpl$f2d           fz_wm.l(f2d.o)
    0x08009016   0x08009016   0x0000008c   Code   RO         6714    x$fpl$fnaninf       fz_wm.l(fnaninf.o)
    0x080090a2   0x080090a2   0x0000000a   Code   RO         6799    x$fpl$fpinit        fz_wm.l(fpinit.o)
    0x080090ac   0x080090ac   0x0000000a   Code   RO         6716    x$fpl$fretinf       fz_wm.l(fretinf.o)
    0x080090b6   0x080090b6   0x00000000   Code   RO         6718    x$fpl$usenofp       fz_wm.l(usenofp.o)
    0x080090b6   0x080090b6   0x00000002   PAD
    0x080090b8   0x080090b8   0x00000078   Data   RO          579    .constdata          freertos.o
    0x08009130   0x08009130   0x00000008   Data   RO         2512    .constdata          stm32f4xx_hal_dma.o
    0x08009138   0x08009138   0x00000018   Data   RO         4636    .constdata          system_stm32f4xx.o
    0x08009150   0x08009150   0x00000030   Data   RO         6720    .constdata          m_wm.l(cos_i.o)
    0x08009180   0x08009180   0x000000c8   Data   RO         6754    .constdata          m_wm.l(rred.o)
    0x08009248   0x08009248   0x00000028   Data   RO         6758    .constdata          m_wm.l(sin_i.o)
    0x08009270   0x08009270   0x0000004d   Data   RO          580    .conststring        freertos.o
    0x080092bd   0x080092bd   0x00000003   PAD
    0x080092c0   0x080092c0   0x00000020   Data   RO         6903    Region$$Table       anon$$obj.o
    0x080092e0   0x080092e0   0x00000004   Data   RO           21    .init_array         init.o
    0x080092e4   0x080092e0   0x00000004   Data   RO         1169    .init_array         robo_base.o
    0x080092e8   0x080092e0   0x00000004   Data   RO         1256    .init_array         robo_yun.o
    0x080092ec   0x080092e0   0x00000000   Data   RO         6581    .init_array         c_w.l(init_aeabi.o)


    Execution Region RW_IRAM2 (Exec base: 0x10000000, Load base: 0x080093f8, Size: 0x00000000, Max: 0x00010000, ABSOLUTE)

    **** No section assigned to this execution region ****


    Execution Region RW_IRAM1 (Exec base: 0x20000000, Load base: 0x080092ec, Size: 0x000054e8, Max: 0x00020000, ABSOLUTE)

    Exec Addr    Load Addr    Size         Type   Attr      Idx    E Section Name        Object

    0x20000000   0x080092ec   0x0000001c   Data   RW           20    .data               init.o
    0x2000001c   0x08009308   0x00000018   Data   RW          581    .data               freertos.o
    0x20000034   0x08009320   0x00000004   Data   RW          668    .data               can.o
    0x20000038   0x08009324   0x00000008   Data   RW          715    .data               crc.o
    0x20000040   0x0800932c   0x00000020   Data   RW         1168    .data               robo_base.o
    0x20000060   0x0800934c   0x00000001   Data   RW         1361    .data               robo_task.o
    0x20000061   0x0800934d   0x00000003   PAD
    0x20000064   0x08009350   0x00000004   Data   RW         1616    .data               imu_analysis.o
    0x20000068   0x08009354   0x00000010   Data   RW         1718    .data               vision_analysis.o
    0x20000078   0x08009364   0x00000009   Data   RW         2944    .data               stm32f4xx_hal.o
    0x20000081   0x0800936d   0x00000003   PAD
    0x20000084   0x08009370   0x00000004   Data   RW         4637    .data               system_stm32f4xx.o
    0x20000088   0x08009374   0x0000003c   Data   RW         5204    .data               tasks.o
    0x200000c4   0x080093b0   0x00000020   Data   RW         5858    .data               heap_4.o
    0x200000e4   0x080093d0   0x0000000c   Data   RW         5926    .data               port.o
    0x200000f0   0x080093dc   0x0000001c   Data   RW         6038    .data               ifr_remote.o
    0x2000010c        -       0x000001d0   Zero   RW           19    .bss                init.o
    0x200002dc        -       0x000000c8   Zero   RW          667    .bss                can.o
    0x200003a4        -       0x00000168   Zero   RW          786    .bss                tim.o
    0x2000050c        -       0x00000350   Zero   RW          841    .bss                usart.o
    0x2000085c        -       0x000000b4   Zero   RW         1064    .bss                stm32f4xx_hal_timebase_tim.o
    0x20000910        -       0x00000458   Zero   RW         1167    .bss                robo_base.o
    0x20000d68        -       0x000003a4   Zero   RW         1255    .bss                robo_yun.o
    0x2000110c        -       0x0000001c   Zero   RW         1615    .bss                imu_analysis.o
    0x20001128        -       0x000000f0   Zero   RW         5203    .bss                tasks.o
    0x20001218        -       0x00003c00   Zero   RW         5857    .bss                heap_4.o
    0x20004e18        -       0x0000000c   Zero   RW         6105    .bss                ifr_can.o
    0x20004e24        -       0x0000003c   Zero   RW         6460    .bss                ifr_tim.o
    0x20004e60        -       0x00000024   Zero   RW         6517    .bss                ifr_usart.o
    0x20004e84        -       0x00000060   Zero   RW         6812    .bss                c_w.l(libspace.o)
    0x20004ee4   0x080093f8   0x00000004   PAD
    0x20004ee8        -       0x00000200   Zero   RW            2    HEAP                startup_stm32f405xx.o
    0x200050e8        -       0x00000400   Zero   RW            1    STACK               startup_stm32f405xx.o


==============================================================================

Image component sizes


      Code (inc. data)   RO Data    RW Data    ZI Data      Debug   Object Name

       184         28          0          0          0        928   base_task.o
       524         46          0          4        200       2454   can.o
       306          4          0          0          0      22168   cmsis_os.o
        84         18          0          8          0       1507   crc.o
         0          0          0          0          0       7436   croutine.o
       136          6          0          0          0        830   dma.o
         0          0          0          0          0      10184   event_groups.o
       348         48        197         24          0      10015   freertos.o
       224         14          0          0          0     658939   gpio.o
       724         74          0         32      15360       7503   heap_4.o
      1200         46          0          0         12      10342   ifr_can.o
        92          0          0          0          0       3532   ifr_gpio.o
       650          0          0          0          0       8056   ifr_motor.o
       394          6          0          0          0       1536   ifr_pid.o
        22          0          0          0          0       1480   ifr_pwm.o
       108          4          0         28          0       2609   ifr_remote.o
       322         68          0          0         60       3498   ifr_tim.o
       504         52          0          0         36       4745   ifr_usart.o
       388         28          0          4         28     569290   imu_analysis.o
       388        124          4         28        464     622933   init.o
       148          0          0          0          0       3642   list.o
       270         16          0          0          0     647192   main.o
      1014         92          0         12          0      12177   port.o
       244         68          0          0          0       1099   robo_arm.o
      4116        260          4         32       1112       7842   robo_base.o
       128         18          0          1          0       2455   robo_task.o
       316         72          4          0        932       1566   robo_yun.o
        64         26        392          0       1536        856   startup_stm32f405xx.o
       136         24          0          9          0       8794   stm32f4xx_hal.o
      2530         80          0          0          0      17617   stm32f4xx_hal_can.o
       252         22          0          0          0      33754   stm32f4xx_hal_cortex.o
        32          0          0          0          0       1059   stm32f4xx_hal_crc.o
      1246         16          8          0          0       5451   stm32f4xx_hal_dma.o
       156          0          0          0          0       2101   stm32f4xx_hal_dma_ex.o
       544         44          0          0          0       3492   stm32f4xx_hal_gpio.o
        84          6          0          0          0        858   stm32f4xx_hal_msp.o
      1888         94          0          0          0       6365   stm32f4xx_hal_rcc.o
      2906        246          0          0          0      21346   stm32f4xx_hal_tim.o
       186         30          0          0          0       3140   stm32f4xx_hal_tim_ex.o
       140         18          0          0        180       1479   stm32f4xx_hal_timebase_tim.o
      2098         56          0          0          0      14103   stm32f4xx_hal_uart.o
       246         84          0          0          0       9852   stm32f4xx_it.o
        20          6         24          4          0       1143   system_stm32f4xx.o
      2682        332          0         60        240      22720   tasks.o
       500         32          0          0        360       3141   tim.o
         0          0          0          0          0       2292   timers.o
      1076         96          0          0        848       4133   usart.o
       124         14          0         16          0       1705   vision_analysis.o
         0          0          0          0          0     537020   yun_task.o

    ----------------------------------------------------------------------
     29776       2318        668        268      21368    3328379   Object Totals
         0          0         32          0          0          0   (incl. Generated)
        32          0          3          6          0          0   (incl. Padding)

    ----------------------------------------------------------------------

      Code (inc. data)   RO Data    RW Data    ZI Data      Debug   Library Member Name

         8          0          0          0          0         68   __main.o
         0          0          0          0          0          0   __rtentry.o
        12          0          0          0          0          0   __rtentry2.o
         6          0          0          0          0          0   __rtentry4.o
        52          8          0          0          0          0   __scatter.o
        26          0          0          0          0          0   __scatter_copy.o
        28          0          0          0          0          0   __scatter_zi.o
        22          0          0          0          0        100   _rserrno.o
        18          0          0          0          0         80   exit.o
         6          0          0          0          0        152   heapauxi.o
         0          0          0          0          0          0   indicate_semi.o
        36         10          0          0          0         80   init_aeabi.o
         2          0          0          0          0          0   libinit.o
        10          0          0          0          0          0   libinit2.o
         2          0          0          0          0          0   libshutdown.o
         2          0          0          0          0          0   libshutdown2.o
         8          4          0          0         96         68   libspace.o
       238          0          0          0          0        100   lludivv7m.o
         8          4          0          0          0         68   rt_errno_addr_intlibspace.o
        78          0          0          0          0         80   rt_memclr_w.o
       100          0          0          0          0         80   rt_memcpy_w.o
         2          0          0          0          0          0   rtexit.o
        10          0          0          0          0          0   rtexit2.o
        12          4          0          0          0         68   sys_exit.o
        74          0          0          0          0         80   sys_stackheap_outer.o
         2          0          0          0          0         68   use_no_semi.o
        24          0          0          0          0        164   basic.o
        98          4          0          0          0        140   d2f.o
       826         16          0          0          0        492   daddsub_clz.o
        24          0          0          0          0        116   dcmpi.o
       688        140          0          0          0        256   ddiv.o
        94          4          0          0          0        140   dfix.o
        84          0          0          0          0        232   dflt_clz.o
       120          4          0          0          0        140   dleqf.o
       340         12          0          0          0        152   dmul.o
       156          4          0          0          0        140   dnaninf.o
        12          0          0          0          0        116   dretinf.o
       108          0          0          0          0        128   drleqf.o
        86          4          0          0          0        132   f2d.o
       140          4          0          0          0        132   fnaninf.o
        10          0          0          0          0        116   fpinit.o
        10          0          0          0          0        116   fretinf.o
         0          0          0          0          0          0   usenofp.o
       592         90          0          0          0        184   atan2f.o
       200         20          0          0          0        164   cos.o
       368         46         48          0          0        200   cos_i.o
        84         16          0          0          0        372   dunder.o
        24          0          0          0          0        124   fabs.o
        48          0          0          0          0        124   fpclassify.o
        38          0          0          0          0        116   fpclassifyf.o
        22          6          0          0          0        232   funder.o
       248          0          0          0          0        152   poly.o
      1080        142        200          0          0        188   rred.o
       200         20          0          0          0        164   sin.o
       304         24         40          0          0        208   sin_i.o
        58          0          0          0          0        136   sqrtf.o

    ----------------------------------------------------------------------
      6880        590        288          0        100       6168   Library Totals
        32          4          0          0          4          0   (incl. Padding)

    ----------------------------------------------------------------------

      Code (inc. data)   RO Data    RW Data    ZI Data      Debug   Library Name

       762         30          0          0         96       1092   c_w.l
      2820        192          0          0          0       2712   fz_wm.l
      3266        364        288          0          0       2364   m_wm.l

    ----------------------------------------------------------------------
      6880        590        288          0        100       6168   Library Totals

    ----------------------------------------------------------------------

==============================================================================


      Code (inc. data)   RO Data    RW Data    ZI Data      Debug   

     36656       2908        956        268      21468    3306379   Grand Totals
     36656       2908        956        268      21468    3306379   ELF Image Totals
     36656       2908        956        268          0          0   ROM Totals

==============================================================================

    Total RO  Size (Code + RO Data)                37612 (  36.73kB)
    Total RW  Size (RW Data + ZI Data)             21736 (  21.23kB)
    Total ROM Size (Code + RO Data + RW Data)      37880 (  36.99kB)

==============================================================================

