Component: ARM Compiler 5.06 update 6 (build 750) Tool: armlink [4d35ed]

==============================================================================

Section Cross References

    startup_stm32f405xx.o(STACK) refers (Special) to heapauxi.o(.text) for __use_two_region_memory
    startup_stm32f405xx.o(HEAP) refers (Special) to heapauxi.o(.text) for __use_two_region_memory
    startup_stm32f405xx.o(RESET) refers (Special) to heapauxi.o(.text) for __use_two_region_memory
    startup_stm32f405xx.o(RESET) refers to startup_stm32f405xx.o(STACK) for __initial_sp
    startup_stm32f405xx.o(RESET) refers to startup_stm32f405xx.o(.text) for Reset_Handler
    startup_stm32f405xx.o(RESET) refers to stm32f4xx_it.o(i.NMI_Handler) for NMI_Handler
    startup_stm32f405xx.o(RESET) refers to stm32f4xx_it.o(i.HardFault_Handler) for HardFault_Handler
    startup_stm32f405xx.o(RESET) refers to stm32f4xx_it.o(i.MemManage_Handler) for MemManage_Handler
    startup_stm32f405xx.o(RESET) refers to stm32f4xx_it.o(i.BusFault_Handler) for BusFault_Handler
    startup_stm32f405xx.o(RESET) refers to stm32f4xx_it.o(i.UsageFault_Handler) for UsageFault_Handler
    startup_stm32f405xx.o(RESET) refers to port.o(.emb_text) for SVC_Handler
    startup_stm32f405xx.o(RESET) refers to stm32f4xx_it.o(i.DebugMon_Handler) for DebugMon_Handler
    startup_stm32f405xx.o(RESET) refers to port.o(i.SysTick_Handler) for SysTick_Handler
    startup_stm32f405xx.o(RESET) refers to stm32f4xx_it.o(i.DMA1_Stream1_IRQHandler) for DMA1_Stream1_IRQHandler
    startup_stm32f405xx.o(RESET) refers to stm32f4xx_it.o(i.DMA1_Stream5_IRQHandler) for DMA1_Stream5_IRQHandler
    startup_stm32f405xx.o(RESET) refers to stm32f4xx_it.o(i.CAN1_TX_IRQHandler) for CAN1_TX_IRQHandler
    startup_stm32f405xx.o(RESET) refers to stm32f4xx_it.o(i.CAN1_RX0_IRQHandler) for CAN1_RX0_IRQHandler
    startup_stm32f405xx.o(RESET) refers to stm32f4xx_it.o(i.TIM1_UP_TIM10_IRQHandler) for TIM1_UP_TIM10_IRQHandler
    startup_stm32f405xx.o(RESET) refers to stm32f4xx_it.o(i.TIM2_IRQHandler) for TIM2_IRQHandler
    startup_stm32f405xx.o(RESET) refers to stm32f4xx_it.o(i.USART1_IRQHandler) for USART1_IRQHandler
    startup_stm32f405xx.o(RESET) refers to stm32f4xx_it.o(i.USART2_IRQHandler) for USART2_IRQHandler
    startup_stm32f405xx.o(RESET) refers to stm32f4xx_it.o(i.USART3_IRQHandler) for USART3_IRQHandler
    startup_stm32f405xx.o(RESET) refers to stm32f4xx_it.o(i.DMA2_Stream1_IRQHandler) for DMA2_Stream1_IRQHandler
    startup_stm32f405xx.o(RESET) refers to stm32f4xx_it.o(i.DMA2_Stream2_IRQHandler) for DMA2_Stream2_IRQHandler
    startup_stm32f405xx.o(RESET) refers to stm32f4xx_it.o(i.CAN2_TX_IRQHandler) for CAN2_TX_IRQHandler
    startup_stm32f405xx.o(RESET) refers to stm32f4xx_it.o(i.CAN2_RX0_IRQHandler) for CAN2_RX0_IRQHandler
    startup_stm32f405xx.o(RESET) refers to stm32f4xx_it.o(i.DMA2_Stream6_IRQHandler) for DMA2_Stream6_IRQHandler
    startup_stm32f405xx.o(RESET) refers to stm32f4xx_it.o(i.USART6_IRQHandler) for USART6_IRQHandler
    startup_stm32f405xx.o(.text) refers (Special) to heapauxi.o(.text) for __use_two_region_memory
    startup_stm32f405xx.o(.text) refers to system_stm32f4xx.o(i.SystemInit) for SystemInit
    startup_stm32f405xx.o(.text) refers to __main.o(!!!main) for __main
    startup_stm32f405xx.o(.text) refers to startup_stm32f405xx.o(HEAP) for Heap_Mem
    startup_stm32f405xx.o(.text) refers to startup_stm32f405xx.o(STACK) for Stack_Mem
    init.o(i._Z17Test_TIM_Functionv) refers to ifr_gpio.o(i._ZN17IFR_GPIO_ClassDef4ReadEv) for IFR_GPIO_ClassDef::Read()
    init.o(i._Z17Test_TIM_Functionv) refers to ifr_gpio.o(i._ZN17IFR_GPIO_ClassDef4HighEv) for IFR_GPIO_ClassDef::High()
    init.o(i._Z17Test_TIM_Functionv) refers to ifr_gpio.o(i._ZN17IFR_GPIO_ClassDef3LowEv) for IFR_GPIO_ClassDef::Low()
    init.o(i._Z17Test_TIM_Functionv) refers to ifr_gpio.o(i._ZN17IFR_GPIO_ClassDef4TurnEv) for IFR_GPIO_ClassDef::Turn()
    init.o(i._Z17Test_TIM_Functionv) refers to init.o(.data) for Key
    init.o(i._Z8All_Initv) refers to robo_arm.o(i._Z14Arm_Motor_Initv) for Arm_Motor_Init()
    init.o(i._Z8All_Initv) refers to robo_yun.o(i._Z14Yun_Motor_Initv) for Yun_Motor_Init()
    init.o(i._Z8All_Initv) refers to robo_base.o(i._Z15Base_Motor_Initv) for Base_Motor_Init()
    init.o(i._Z8All_Initv) refers to ifr_tim.o(i._ZN16IFR_TIM_ClassDef11TIM_ITStartEP19__TIM_HandleTypeDefPFvvE) for IFR_TIM_ClassDef::TIM_ITStart(__TIM_HandleTypeDef*, void(*)())
    init.o(i._Z8All_Initv) refers to ifr_usart.o(i._ZN18IFR_UDBRx_ClassDef17UDB_Recevice_InitEP20__UART_HandleTypeDefPFvPhhEPP19tskTaskControlBlock) for IFR_UDBRx_ClassDef::UDB_Recevice_Init(__UART_HandleTypeDef*, void(*)(unsigned char*, unsigned char), tskTaskControlBlock**)
    init.o(i._Z8All_Initv) refers to laser_analysis.o(i._Z10Laser_Openv) for Laser_Open()
[...]
    HAL_TIM_PWM_ConfigChannel                0x08002983   Thumb Code   260  stm32f4xx_hal_tim.o(i.HAL_TIM_PWM_ConfigChannel)
    HAL_TIM_PWM_Init                         0x08002a89   Thumb Code   116  stm32f4xx_hal_tim.o(i.HAL_TIM_PWM_Init)
    HAL_TIM_PWM_MspInit                      0x08002b01   Thumb Code     2  stm32f4xx_hal_tim.o(i.HAL_TIM_PWM_MspInit)
    HAL_TIM_PWM_PulseFinishedCallback        0x08002b03   Thumb Code     2  stm32f4xx_hal_tim.o(i.HAL_TIM_PWM_PulseFinishedCallback)
    HAL_TIM_PWM_PulseFinishedHalfCpltCallback 0x08002b05   Thumb Code     2  stm32f4xx_hal_tim.o(i.HAL_TIM_PWM_PulseFinishedHalfCpltCallback)
    HAL_TIM_PWM_Start                        0x08002b09   Thumb Code   238  stm32f4xx_hal_tim.o(i.HAL_TIM_PWM_Start)
    HAL_TIM_PeriodElapsedCallback            0x08002c15   Thumb Code    18  main.o(i.HAL_TIM_PeriodElapsedCallback)
    HAL_TIM_PeriodElapsedHalfCpltCallback    0x08002c2d   Thumb Code     2  stm32f4xx_hal_tim.o(i.HAL_TIM_PeriodElapsedHalfCpltCallback)
    HAL_TIM_RegisterCallback                 0x08002c2f   Thumb Code   324  stm32f4xx_hal_tim.o(i.HAL_TIM_RegisterCallback)
    HAL_TIM_TriggerCallback                  0x08002d73   Thumb Code     2  stm32f4xx_hal_tim.o(i.HAL_TIM_TriggerCallback)
    HAL_TIM_TriggerHalfCpltCallback          0x08002d75   Thumb Code     2  stm32f4xx_hal_tim.o(i.HAL_TIM_TriggerHalfCpltCallback)
    HAL_UARTEx_RxEventCallback               0x08002d77   Thumb Code     2  stm32f4xx_hal_uart.o(i.HAL_UARTEx_RxEventCallback)
    HAL_UART_AbortCpltCallback               0x08002d79   Thumb Code     2  stm32f4xx_hal_uart.o(i.HAL_UART_AbortCpltCallback)
    HAL_UART_AbortReceiveCpltCallback        0x08002d7b   Thumb Code     2  stm32f4xx_hal_uart.o(i.HAL_UART_AbortReceiveCpltCallback)
    HAL_UART_AbortTransmitCpltCallback       0x08002d7d   Thumb Code     2  stm32f4xx_hal_uart.o(i.HAL_UART_AbortTransmitCpltCallback)
    HAL_UART_ErrorCallback                   0x08002d7f   Thumb Code     2  stm32f4xx_hal_uart.o(i.HAL_UART_ErrorCallback)
    HAL_UART_IRQHandler                      0x08002d81   Thumb Code   732  stm32f4xx_hal_uart.o(i.HAL_UART_IRQHandler)
    HAL_UART_Init                            0x08003061   Thumb Code   128  stm32f4xx_hal_uart.o(i.HAL_UART_Init)
    HAL_UART_MspInit                         0x080030e5   Thumb Code   850  usart.o(i.HAL_UART_MspInit)
    HAL_UART_RegisterRxEventCallback         0x08003471   Thumb Code    76  stm32f4xx_hal_uart.o(i.HAL_UART_RegisterRxEventCallback)
    HAL_UART_RxCpltCallback                  0x080034bd   Thumb Code     2  stm32f4xx_hal_uart.o(i.HAL_UART_RxCpltCallback)
    HAL_UART_RxHalfCpltCallback              0x080034bf   Thumb Code     2  stm32f4xx_hal_uart.o(i.HAL_UART_RxHalfCpltCallback)
    HAL_UART_Transmit_DMA                    0x080034c1   Thumb Code   160  stm32f4xx_hal_uart.o(i.HAL_UART_Transmit_DMA)
    HAL_UART_TxCpltCallback                  0x0800356d   Thumb Code     2  stm32f4xx_hal_uart.o(i.HAL_UART_TxCpltCallback)
    HAL_UART_TxHalfCpltCallback              0x0800356f   Thumb Code     2  stm32f4xx_hal_uart.o(i.HAL_UART_TxHalfCpltCallback)
    HardFault_Handler                        0x08003571   Thumb Code     4  stm32f4xx_it.o(i.HardFault_Handler)
    IFR_DJI_Remote_Analysis                  0x08003575   Thumb Code   104  ifr_remote.o(i.IFR_DJI_Remote_Analysis)
    MX_CAN1_Init                             0x080035e1   Thumb Code    58  can.o(i.MX_CAN1_Init)
    MX_CAN2_Init                             0x08003625   Thumb Code    58  can.o(i.MX_CAN2_Init)
    MX_CRC_Init                              0x08003669   Thumb Code    22  crc.o(i.MX_CRC_Init)
    MX_DMA_Init                              0x08003689   Thumb Code   146  dma.o(i.MX_DMA_Init)
    MX_GPIO_Init                             0x08003721   Thumb Code   308  gpio.o(i.MX_GPIO_Init)
    MX_TIM2_Init                             0x08003865   Thumb Code   104  tim.o(i.MX_TIM2_Init)
    MX_TIM3_Init                             0x080038d1   Thumb Code   176  tim.o(i.MX_TIM3_Init)
    MX_USART1_UART_Init                      0x08003989   Thumb Code    52  usart.o(i.MX_USART1_UART_Init)
    MX_USART2_UART_Init                      0x080039c9   Thumb Code    46  usart.o(i.MX_USART2_UART_Init)
    MX_USART3_UART_Init                      0x08003a01   Thumb Code    54  usart.o(i.MX_USART3_UART_Init)
    MX_USART6_UART_Init                      0x08003a41   Thumb Code    46  usart.o(i.MX_USART6_UART_Init)
    MemManage_Handler                        0x08003a79   Thumb Code     4  stm32f4xx_it.o(i.MemManage_Handler)
    NMI_Handler                              0x08003a7d   Thumb Code     4  stm32f4xx_it.o(i.NMI_Handler)
    SysTick_Handler                          0x08003a81   Thumb Code    46  port.o(i.SysTick_Handler)
    SystemInit                               0x08003ab5   Thumb Code    14  system_stm32f4xx.o(i.SystemInit)
    TIM1_UP_TIM10_IRQHandler                 0x08003ac9   Thumb Code    10  stm32f4xx_it.o(i.TIM1_UP_TIM10_IRQHandler)
    TIM2_IRQHandler                          0x08003ad9   Thumb Code    10  stm32f4xx_it.o(i.TIM2_IRQHandler)
    TIM_Base_SetConfig                       0x08003ae9   Thumb Code   170  stm32f4xx_hal_tim.o(i.TIM_Base_SetConfig)
    TIM_CCxChannelCmd                        0x08003bc1   Thumb Code    34  stm32f4xx_hal_tim.o(i.TIM_CCxChannelCmd)
    TIM_ETR_SetConfig                        0x08003be3   Thumb Code    22  stm32f4xx_hal_tim.o(i.TIM_ETR_SetConfig)
    TIM_OC2_SetConfig                        0x08003c7d   Thumb Code   114  stm32f4xx_hal_tim.o(i.TIM_OC2_SetConfig)
    TIM_ResetCallback                        0x08003dc5   Thumb Code    58  stm32f4xx_hal_tim.o(i.TIM_ResetCallback)
    UART_InitCallbacksToDefault              0x08004001   Thumb Code    38  stm32f4xx_hal_uart.o(i.UART_InitCallbacksToDefault)
    USART1_IRQHandler                        0x080043d1   Thumb Code    10  stm32f4xx_it.o(i.USART1_IRQHandler)
    USART2_IRQHandler                        0x080043e1   Thumb Code    10  stm32f4xx_it.o(i.USART2_IRQHandler)
    USART3_IRQHandler                        0x080043f1   Thumb Code    10  stm32f4xx_it.o(i.USART3_IRQHandler)
    USART6_IRQHandler                        0x08004401   Thumb Code    10  stm32f4xx_it.o(i.USART6_IRQHandler)
    UsageFault_Handler                       0x08004411   Thumb Code     4  stm32f4xx_it.o(i.UsageFault_Handler)
    Laser_Open()                             0x08004415   Thumb Code    14  laser_analysis.o(i._Z10Laser_Openv)
    Vel_Convert(float)                       0x0800442d   Thumb Code    58  robo_base.o(i._Z11Vel_Convertf)
    BaseCtrlTask(const void*)                0x08004475   Thumb Code    16  freertos.o(i._Z12BaseCtrlTaskPKv)
    Base_Control(float, float, float)        0x08004489   Thumb Code   118  robo_base.o(i._Z12Base_Controlfff)
    Change_State()                           0x08004509   Thumb Code   126  robo_task.o(i._Z12Change_Statev)
    IMU_Analysis(unsigned char*, unsigned char) 0x08004591   Thumb Code   236  imu_analysis.o(i._Z12IMU_AnalysisPhh)
    StartInitTask(const void*)               0x08004685   Thumb Code    14  freertos.o(i._Z13StartInitTaskPKv)
    Absolute_Angle()                         0x08004695   Thumb Code   124  imu_analysis.o(i._Z14Absolute_Anglev)
    ArmYunCtrlTask(const void*)              0x08004725   Thumb Code    28  freertos.o(i._Z14ArmYunCtrlTaskPKv)
    Arm_Motor_Init()                         0x08004749   Thumb Code   162  robo_arm.o(i._Z14Arm_Motor_Initv)
    Laser_Analysis(unsigned char*, unsigned char) 0x08004925   Thumb Code    48  laser_analysis.o(i._Z14Laser_AnalysisPhh)
    Yun_Motor_Init()                         0x08004959   Thumb Code   176  robo_yun.o(i._Z14Yun_Motor_Initv)
    Arm_offset_moto(int)                     0x08004a3d   Thumb Code    18  robo_arm.o(i._Z15Arm_offset_motoi)
    Base_Motor_Init()                        0x08004a5d   Thumb Code   200  robo_base.o(i._Z15Base_Motor_Initv)
    RoboControlTask(const void*)             0x08004f89   Thumb Code    14  freertos.o(i._Z15RoboControlTaskPKv)
    duolun_biaoding()                        0x08004f99   Thumb Code   138  robo_base.o(i._Z15duolun_biaodingv)
    DataAnalysisTask(const void*)            0x08005031   Thumb Code   102  freertos.o(i._Z16DataAnalysisTaskPKv)
    MX_FREERTOS_Init()                       0x080050a9   Thumb Code   150  freertos.o(i._Z16MX_FREERTOS_Initv)
    AutomaticCtrlTask(const void*)           0x0800515d   Thumb Code    10  freertos.o(i._Z17AutomaticCtrlTaskPKv)
    Open_Frictiongear(unsigned short)        0x08005169   Thumb Code    24  robo_yun.o(i._Z17Open_Frictiongeart)
    Test_TIM_Function()                      0x08005185   Thumb Code    40  init.o(i._Z17Test_TIM_Functionv)
    Close_Frictiongear()                     0x080051b9   Thumb Code    26  robo_yun.o(i._Z18Close_Frictiongearv)
    SystemClock_Config()                     0x080051d9   Thumb Code   166  main.o(i._Z18SystemClock_Configv)
    Vision_Data_Process(unsigned char*, unsigned char) 0x080052d1   Thumb Code   110  vision_analysis.o(i._Z19Vision_Data_ProcessPhh)
    Yun_pitch_offset_moto(int)               0x08005c1d   Thumb Code    10  robo_yun.o(i._Z21Yun_pitch_offset_motoi)
    IFR_CAN_Recevice_Callback(__CAN_HandleTypeDef*) 0x08005c2d   Thumb Code    24  ifr_can.o(i._Z25IFR_CAN_Recevice_CallbackP19__CAN_HandleTypeDef)
    IFR_CAN_Transmit_Callback(__CAN_HandleTypeDef*) 0x08005c49   Thumb Code    24  ifr_can.o(i._Z25IFR_CAN_Transmit_CallbackP19__CAN_HandleTypeDef)
    IFR_TIM_Overflow_Callback(__TIM_HandleTypeDef*) 0x08005c65   Thumb Code    26  ifr_tim.o(i._Z25IFR_TIM_Overflow_CallbackP19__TIM_HandleTypeDef)
    IFR_FreeRTOS_Uart_DoubleBuffer_Recevice_Callback(__UART_HandleTypeDef*, unsigned short) 0x08005c85   Thumb Code   146  ifr_usart.o(i._Z48IFR_FreeRTOS_Uart_DoubleBuffer_Recevice_CallbackP20__UART_HandleTypeDeft)
    All_Init()                               0x08005d1d   Thumb Code   206  init.o(i._Z8All_Initv)
    Arm_Task(State*)                         0x08005e55   Thumb Code   564  arm_task.o(i._Z8Arm_TaskP5State)
    Yun_Task(State*)                         0x080060bd   Thumb Code  1150  yun_task.o(i._Z8Yun_TaskP5State)
    Base_Task(State*)                        0x0800654d   Thumb Code   772  base_task.o(i._Z9Base_TaskP5State)
    IFR_DJI_Motor::Motor_PosInit(int)        0x080068a1   Thumb Code    10  ifr_motor.o(i._ZN13IFR_DJI_Motor13Motor_PosInitEi)
    IFR_DJI_Motor::DJI_Motor_Analysis(unsigned char*, unsigned) 0x080068ab   Thumb Code   132  ifr_motor.o(i._ZN13IFR_DJI_Motor18DJI_Motor_AnalysisEPhj)
    IFR_DJI_Motor::IFR_DJI_Motor(unsigned short) 0x0800692f   Thumb Code    10  ifr_motor.o(i._ZN13IFR_DJI_MotorC1Et)
    IFR_DJI_Motor::IFR_DJI_Motor__sub_object(unsigned short) 0x0800692f   Thumb Code     0  ifr_motor.o(i._ZN13IFR_DJI_MotorC1Et)
    IFR_Pos_Motor::Motor_Pos_Set(int)        0x08006939   Thumb Code   146  ifr_motor.o(i._ZN13IFR_Pos_Motor13Motor_Pos_SetEi)
    IFR_Pos_Motor::MotorPos_PID_Init(float, float, float, float, float, float, float) 0x080069cb   Thumb Code    78  ifr_motor.o(i._ZN13IFR_Pos_Motor17MotorPos_PID_InitEfffffff)
    IFR_Pos_Motor::MotorSpeed_PID_Init(float, float, float, float, float, float, float) 0x08006a19   Thumb Code    78  ifr_motor.o(i._ZN13IFR_Pos_Motor19MotorSpeed_PID_InitEfffffff)
    IFR_Pos_Motor::Motor_OutputMax_Set(float) 0x08006a67   Thumb Code    30  ifr_motor.o(i._ZN13IFR_Pos_Motor19Motor_OutputMax_SetEf)
    IFR_Pos_Motor::IFR_Pos_Motor(float(*)(int), unsigned short) 0x08006a85   Thumb Code    26  ifr_motor.o(i._ZN13IFR_Pos_MotorC1EPFfiEt)
    IFR_Pos_Motor::IFR_Pos_Motor__sub_object(float(*)(int), unsigned short) 0x08006a85   Thumb Code     0  ifr_motor.o(i._ZN13IFR_Pos_MotorC1EPFfiEt)
    IFR_Pos_Motor::IFR_Pos_Motor(unsigned short) 0x08006a9f   Thumb Code    20  ifr_motor.o(i._ZN13IFR_Pos_MotorC1Et)
    IFR_Pos_Motor::IFR_Pos_Motor__sub_object(unsigned short) 0x08006a9f   Thumb Code     0  ifr_motor.o(i._ZN13IFR_Pos_MotorC1Et)
    IFR_Speed_Motor::Motor_PID_Init(float, float, float, float, float, float, float) 0x08006ab3   Thumb Code    78  ifr_motor.o(i._ZN15IFR_Speed_Motor14Motor_PID_InitEfffffff)
    IFR_Speed_Motor::Motor_Speed_Set(short)  0x08006b01   Thumb Code    56  ifr_motor.o(i._ZN15IFR_Speed_Motor15Motor_Speed_SetEs)
    IFR_Speed_Motor::IFR_Speed_Motor(unsigned short) 0x08006b39   Thumb Code    20  ifr_motor.o(i._ZN15IFR_Speed_MotorC1Et)
    IFR_Speed_Motor::IFR_Speed_Motor__sub_object(unsigned short) 0x08006b39   Thumb Code     0  ifr_motor.o(i._ZN15IFR_Speed_MotorC1Et)
    IFR_CAN_ClassDef::CAN_Recevice()         0x08006b4d   Thumb Code    80  ifr_can.o(i._ZN16IFR_CAN_ClassDef12CAN_ReceviceEv)
    IFR_CAN_ClassDef::CAN_Transmit(CAN_TxHeaderTypeDef*, unsigned char*) 0x08006b9d   Thumb Code   120  ifr_can.o(i._ZN16IFR_CAN_ClassDef12CAN_TransmitEP19CAN_TxHeaderTypeDefPh)
    IFR_CAN_ClassDef::CAN_TransmitForMotor() 0x08006c15   Thumb Code   658  ifr_can.o(i._ZN16IFR_CAN_ClassDef20CAN_TransmitForMotorEv)
    IFR_CAN_ClassDef::CAN_MultiMessage_Transmit() 0x08006ea7   Thumb Code    74  ifr_can.o(i._ZN16IFR_CAN_ClassDef25CAN_MultiMessage_TransmitEv)
    IFR_CAN_ClassDef::CAN_Init(__CAN_HandleTypeDef*, IFR_DJI_Motor*) 0x08006ef1   Thumb Code   156  ifr_can.o(i._ZN16IFR_CAN_ClassDef8CAN_InitEP19__CAN_HandleTypeDefP13IFR_DJI_Motor)
    IFR_TIM_ClassDef::TIM_ITStart(__TIM_HandleTypeDef*, void(*)()) 0x08006f9d   Thumb Code    40  ifr_tim.o(i._ZN16IFR_TIM_ClassDef11TIM_ITStartEP19__TIM_HandleTypeDefPFvvE)
    IFR_TIM_ClassDef::TaskFunction_Call()    0x08006fcd   Thumb Code    14  ifr_tim.o(i._ZN16IFR_TIM_ClassDef17TaskFunction_CallEv)
    IFR_GPIO_ClassDef::Low()                 0x08006fdb   Thumb Code    20  ifr_gpio.o(i._ZN17IFR_GPIO_ClassDef3LowEv)
    IFR_GPIO_ClassDef::High()                0x08006fef   Thumb Code    20  ifr_gpio.o(i._ZN17IFR_GPIO_ClassDef4HighEv)
    IFR_GPIO_ClassDef::Read()                0x08007003   Thumb Code    18  ifr_gpio.o(i._ZN17IFR_GPIO_ClassDef4ReadEv)
    IFR_GPIO_ClassDef::Turn()                0x08007015   Thumb Code    24  ifr_gpio.o(i._ZN17IFR_GPIO_ClassDef4TurnEv)
    IFR_GPIO_ClassDef::IFR_GPIO_ClassDef(GPIO_TypeDef*, unsigned short) 0x0800702d   Thumb Code    10  ifr_gpio.o(i._ZN17IFR_GPIO_ClassDefC1EP12GPIO_TypeDeft)
    IFR_GPIO_ClassDef::IFR_GPIO_ClassDef__sub_object(GPIO_TypeDef*, unsigned short) 0x0800702d   Thumb Code     0  ifr_gpio.o(i._ZN17IFR_GPIO_ClassDefC1EP12GPIO_TypeDeft)
    IFR_OPWM_ClassDef::OPWM_SetCompare(unsigned short) 0x08007037   Thumb Code    48  ifr_pwm.o(i._ZN17IFR_OPWM_ClassDef15OPWM_SetCompareEt)
    IFR_OPWM_ClassDef::OPWM_Init(__TIM_HandleTypeDef*, unsigned) 0x08007067   Thumb Code    22  ifr_pwm.o(i._ZN17IFR_OPWM_ClassDef9OPWM_InitEP19__TIM_HandleTypeDefj)
    IFR_UDBRx_ClassDef::UDB_Recevice_Init(__UART_HandleTypeDef*, void(*)(unsigned char*, unsigned char), tskTaskControlBlock**) 0x0800707d   Thumb Code    90  ifr_usart.o(i._ZN18IFR_UDBRx_ClassDef17UDB_Recevice_InitEP20__UART_HandleTypeDefPFvPhhEPP19tskTaskControlBlock)
    IFR_UDBRx_ClassDef::Uart_DoubleBuffer_Recevice(unsigned short) 0x080070e1   Thumb Code   148  ifr_usart.o(i._ZN18IFR_UDBRx_ClassDef26Uart_DoubleBuffer_ReceviceEt)
    IFR_GyroControl_Motor::IMU_Data_Get(float, float) 0x08007175   Thumb Code    10  ifr_motor.o(i._ZN21IFR_GyroControl_Motor12IMU_Data_GetEff)
    IFR_GyroControl_Motor::Motor_Angle_Set(int) 0x0800717f   Thumb Code   134  ifr_motor.o(i._ZN21IFR_GyroControl_Motor15Motor_Angle_SetEi)
    IFR_GyroControl_Motor::MotorAngle_PID_Init(float, float, float, float, float, float, float) 0x08007205   Thumb Code    78  ifr_motor.o(i._ZN21IFR_GyroControl_Motor19MotorAngle_PID_InitEfffffff)
    IFR_GyroControl_Motor::MotorSpeed_PID_Init(float, float, float, float, float, float, float) 0x08007253   Thumb Code    78  ifr_motor.o(i._ZN21IFR_GyroControl_Motor19MotorSpeed_PID_InitEfffffff)
    IFR_GyroControl_Motor::Motor_OutputMax_Set(float) 0x080072a1   Thumb Code    30  ifr_motor.o(i._ZN21IFR_GyroControl_Motor19Motor_OutputMax_SetEf)
    IFR_GyroControl_Motor::IFR_GyroControl_Motor(float(*)(int), unsigned short) 0x080072bf   Thumb Code    26  ifr_motor.o(i._ZN21IFR_GyroControl_MotorC1EPFfiEt)
    IFR_GyroControl_Motor::IFR_GyroControl_Motor__sub_object(float(*)(int), unsigned short) 0x080072bf   Thumb Code     0  ifr_motor.o(i._ZN21IFR_GyroControl_MotorC1EPFfiEt)
    IFR_PID::OutputMax_Set(float)            0x080072d9   Thumb Code     6  ifr_pid.o(i._ZN7IFR_PID13OutputMax_SetEf)
    IFR_PID::Positional_PID(float, float)    0x080072e1   Thumb Code   358  ifr_pid.o(i._ZN7IFR_PID14Positional_PIDEff)
    IFR_PID::PID_Init(float, float, float, float, float, float, float) 0x0800744d   Thumb Code    30  ifr_pid.o(i._ZN7IFR_PID8PID_InitEfffffff)
    std::sqrt(float)                         0x0800746b   Thumb Code    24  robo_base.o(i._ZSt4sqrtf)
    std::atan2(float, float)                 0x08007483   Thumb Code    32  robo_base.o(i._ZSt5atan2ff)
    __ARM_fpclassify                         0x080074a3   Thumb Code    48  fpclassify.o(i.__ARM_fpclassify)
    __ARM_fpclassifyf                        0x080074d3   Thumb Code    38  fpclassifyf.o(i.__ARM_fpclassifyf)
    __hardfp_atan2f                          0x08007531   Thumb Code   502  atan2f.o(i.__hardfp_atan2f)
    __hardfp_cos                             0x08007781   Thumb Code   180  cos.o(i.__hardfp_cos)
    __hardfp_sin                             0x08007849   Thumb Code   180  sin.o(i.__hardfp_sin)
    __hardfp_sqrtf                           0x08007911   Thumb Code    58  sqrtf.o(i.__hardfp_sqrtf)
    __ieee754_rem_pio2                       0x08007951   Thumb Code   938  rred.o(i.__ieee754_rem_pio2)
    __kernel_cos                             0x08007d89   Thumb Code   322  cos_i.o(i.__kernel_cos)
    __kernel_poly                            0x08007ef9   Thumb Code   248  poly.o(i.__kernel_poly)
    __kernel_sin                             0x08007ff1   Thumb Code   280  sin_i.o(i.__kernel_sin)
    __mathlib_dbl_infnan                     0x08008121   Thumb Code    20  dunder.o(i.__mathlib_dbl_infnan)
    __mathlib_dbl_invalid                    0x08008139   Thumb Code    24  dunder.o(i.__mathlib_dbl_invalid)
    __mathlib_dbl_underflow                  0x08008159   Thumb Code    24  dunder.o(i.__mathlib_dbl_underflow)
    __mathlib_flt_infnan2                    0x08008179   Thumb Code     6  funder.o(i.__mathlib_flt_infnan2)
    __mathlib_flt_underflow                  0x08008181   Thumb Code    10  funder.o(i.__mathlib_flt_underflow)
    fabs                                     0x08008291   Thumb Code    24  fabs.o(i.fabs)
    main                                     0x080082b9   Thumb Code    64  main.o(i.main)
    osDelay                                  0x08008307   Thumb Code    24  cmsis_os.o(i.osDelay)
    osKernelStart                            0x0800831f   Thumb Code    10  cmsis_os.o(i.osKernelStart)
    osSignalSet                              0x08008329   Thumb Code    92  cmsis_os.o(i.osSignalSet)
    osSignalWait                             0x08008389   Thumb Code    98  cmsis_os.o(i.osSignalWait)
    osThreadCreate                           0x080083eb   Thumb Code    48  cmsis_os.o(i.osThreadCreate)
    pvPortMalloc                             0x08008861   Thumb Code   306  heap_4.o(i.pvPortMalloc)
    pxPortInitialiseStack                    0x080089ad   Thumb Code    38  port.o(i.pxPortInitialiseStack)
    uxListRemove                             0x080089d9   Thumb Code    40  list.o(i.uxListRemove)
    vListInitialise                          0x08008a01   Thumb Code    26  list.o(i.vListInitialise)
    vListInitialiseItem                      0x08008a1b   Thumb Code     6  list.o(i.vListInitialiseItem)
    vListInsert                              0x08008a21   Thumb Code    52  list.o(i.vListInsert)
    vListInsertEnd                           0x08008a55   Thumb Code    24  list.o(i.vListInsertEnd)
    vPortEnterCritical                       0x08008a6d   Thumb Code    76  port.o(i.vPortEnterCritical)
    vPortExitCritical                        0x08008ac1   Thumb Code    56  port.o(i.vPortExitCritical)
    vPortFree                                0x08008afd   Thumb Code   150  heap_4.o(i.vPortFree)
    vPortSetupTimerInterrupt                 0x08008ba1   Thumb Code    36  port.o(i.vPortSetupTimerInterrupt)
    vPortValidateInterruptPriority           0x08008bc9   Thumb Code   106  port.o(i.vPortValidateInterruptPriority)
    vTaskDelay                               0x08008c41   Thumb Code    82  tasks.o(i.vTaskDelay)
    vTaskStartScheduler                      0x08008c9d   Thumb Code   108  tasks.o(i.vTaskStartScheduler)
    vTaskSuspendAll                          0x08008d25   Thumb Code    12  tasks.o(i.vTaskSuspendAll)
    vTaskSwitchContext                       0x08008d35   Thumb Code   118  tasks.o(i.vTaskSwitchContext)
    xPortStartScheduler                      0x08008dc1   Thumb Code   330  port.o(i.xPortStartScheduler)
    xTaskCreate                              0x08008f29   Thumb Code    96  tasks.o(i.xTaskCreate)
    xTaskGenericNotify                       0x08008f89   Thumb Code   280  tasks.o(i.xTaskGenericNotify)
    xTaskGenericNotifyFromISR                0x080090b1   Thumb Code   334  tasks.o(i.xTaskGenericNotifyFromISR)
    xTaskIncrementTick                       0x08009219   Thumb Code   282  tasks.o(i.xTaskIncrementTick)
    xTaskNotifyWait                          0x08009361   Thumb Code   150  tasks.o(i.xTaskNotifyWait)
    xTaskResumeAll                           0x08009401   Thumb Code   224  tasks.o(i.xTaskResumeAll)
    __aeabi_dneg                             0x08009505   Thumb Code     0  basic.o(x$fpl$basic)
    _dneg                                    0x08009505   Thumb Code     6  basic.o(x$fpl$basic)
    __aeabi_fneg                             0x0800950b   Thumb Code     0  basic.o(x$fpl$basic)
    _fneg                                    0x0800950b   Thumb Code     6  basic.o(x$fpl$basic)
    _dabs                                    0x08009511   Thumb Code     6  basic.o(x$fpl$basic)
    _fabs                                    0x08009517   Thumb Code     6  basic.o(x$fpl$basic)
    __aeabi_d2f                              0x0800951d   Thumb Code     0  d2f.o(x$fpl$d2f)
    _d2f                                     0x0800951d   Thumb Code    98  d2f.o(x$fpl$d2f)
    __aeabi_dadd                             0x08009581   Thumb Code     0  daddsub_clz.o(x$fpl$dadd)
    _dadd                                    0x08009581   Thumb Code   332  daddsub_clz.o(x$fpl$dadd)
    __fpl_dcmp_Inf                           0x080096d1   Thumb Code    24  dcmpi.o(x$fpl$dcmpinf)
    __aeabi_ddiv                             0x080096e9   Thumb Code     0  ddiv.o(x$fpl$ddiv)
    _ddiv                                    0x080096e9   Thumb Code   552  ddiv.o(x$fpl$ddiv)
    __aeabi_d2iz                             0x08009999   Thumb Code     0  dfix.o(x$fpl$dfix)
    _dfix                                    0x08009999   Thumb Code    94  dfix.o(x$fpl$dfix)
    __aeabi_i2d                              0x080099f7   Thumb Code     0  dflt_clz.o(x$fpl$dflt)
    _dflt                                    0x080099f7   Thumb Code    46  dflt_clz.o(x$fpl$dflt)
    __aeabi_ui2d                             0x08009a25   Thumb Code     0  dflt_clz.o(x$fpl$dfltu)
    _dfltu                                   0x08009a25   Thumb Code    38  dflt_clz.o(x$fpl$dfltu)
    __aeabi_cdcmple                          0x08009a4d   Thumb Code     0  dleqf.o(x$fpl$dleqf)
    _dcmple                                  0x08009a4d   Thumb Code   120  dleqf.o(x$fpl$dleqf)
    __fpl_dcmple_InfNaN                      0x08009aaf   Thumb Code     0  dleqf.o(x$fpl$dleqf)
    __aeabi_dmul                             0x08009ac5   Thumb Code     0  dmul.o(x$fpl$dmul)
    _dmul                                    0x08009ac5   Thumb Code   332  dmul.o(x$fpl$dmul)
    __fpl_dnaninf                            0x08009c19   Thumb Code   156  dnaninf.o(x$fpl$dnaninf)
    __fpl_dretinf                            0x08009cb5   Thumb Code    12  dretinf.o(x$fpl$dretinf)
    __aeabi_cdrcmple                         0x08009cc1   Thumb Code     0  drleqf.o(x$fpl$drleqf)
    _drcmple                                 0x08009cc1   Thumb Code   108  drleqf.o(x$fpl$drleqf)
    __aeabi_drsub                            0x08009d2d   Thumb Code     0  daddsub_clz.o(x$fpl$drsb)
    _drsb                                    0x08009d2d   Thumb Code    22  daddsub_clz.o(x$fpl$drsb)
    __aeabi_dsub                             0x08009d45   Thumb Code     0  daddsub_clz.o(x$fpl$dsub)
    _dsub                                    0x08009d45   Thumb Code   464  daddsub_clz.o(x$fpl$dsub)
    __aeabi_f2d                              0x08009f19   Thumb Code     0  f2d.o(x$fpl$f2d)
    _f2d                                     0x08009f19   Thumb Code    86  f2d.o(x$fpl$f2d)
    __fpl_fnaninf                            0x08009f6f   Thumb Code   140  fnaninf.o(x$fpl$fnaninf)
    _fp_init                                 0x08009ffb   Thumb Code    10  fpinit.o(x$fpl$fpinit)
    __fplib_config_fpu_vfp                   0x0800a003   Thumb Code     0  fpinit.o(x$fpl$fpinit)
    __fplib_config_pureend_doubles           0x0800a003   Thumb Code     0  fpinit.o(x$fpl$fpinit)
    __fpl_fretinf                            0x0800a005   Thumb Code    10  fretinf.o(x$fpl$fretinf)
    __I$use$fp                               0x0800a00e   Number         0  usenofp.o(x$fpl$usenofp)
    AHBPrescTable                            0x0800a090   Data          16  system_stm32f4xx.o(.constdata)
    APBPrescTable                            0x0800a0a0   Data           8  system_stm32f4xx.o(.constdata)
    Region$$Table$$Base                      0x0800a218   Number         0  anon$$obj.o(Region$$Table)
    Region$$Table$$Limit                     0x0800a238   Number         0  anon$$obj.o(Region$$Table)
    SHT$$INIT_ARRAY$$Base                    0x0800a238   Number         0  init.o(.init_array)
    SHT$$INIT_ARRAY$$Limit                   0x0800a248   Number         0  init_aeabi.o(.init_array)
    LED_White                                0x20000000   Data           8  init.o(.data)
    LED_Bule                                 0x20000008   Data           8  init.o(.data)
    Key                                      0x20000010   Data           8  init.o(.data)
    TestTim                                  0x20000018   Data           4  init.o(.data)
    InitTaskHandle                           0x2000001c   Data           4  freertos.o(.data)
    AnalysisTaskHandle                       0x20000020   Data           4  freertos.o(.data)
    RoboTaskHandle                           0x20000024   Data           4  freertos.o(.data)
    BaseTaskHandle                           0x20000028   Data           4  freertos.o(.data)
    ArmYunTaskHandle                         0x2000002c   Data           4  freertos.o(.data)
    AutomaticTaskHandle                      0x20000030   Data           4  freertos.o(.data)
    hcrc                                     0x20000038   Data           8  crc.o(.data)
    V_car                                    0x20000040   Data           8  robo_base.o(.data)
    angle_car                                0x20000048   Data           8  robo_base.o(.data)
    R_car                                    0x20000050   Data           8  robo_base.o(.data)
    a                                        0x20000058   Data           4  robo_base.o(.data)
    b                                        0x2000005c   Data           4  robo_base.o(.data)
    Arm_Tar                                  0x20000060   Data           4  arm_task.o(.data)
    Wrist_Tar                                0x20000064   Data           4  arm_task.o(.data)
    Ball_Flag                                0x20000068   Data           1  arm_task.o(.data)
    Arm_First                                0x20000069   Data           1  arm_task.o(.data)
    First_Angle                              0x2000006c   Data           4  base_task.o(.data)
    Forward_Angle                            0x20000070   Data           4  base_task.o(.data)
    Third_Angle                              0x20000074   Data           4  base_task.o(.data)
    Ball_Angle                               0x20000078   Data           4  base_task.o(.data)
    Yaw_Tar                                  0x2000007c   Data           4  base_task.o(.data)
    Base_W                                   0x20000080   Data           4  base_task.o(.data)
    first                                    0x20000084   Data           1  base_task.o(.data)
    jscope_duolun1                           0x20000088   Data           4  base_task.o(.data)
    jscope_duolun2                           0x2000008c   Data           4  base_task.o(.data)
    jscope_duolun3                           0x20000090   Data           4  base_task.o(.data)
    test                                     0x20000094   Data           4  base_task.o(.data)
    Number_of_launches                       0x20000098   Data           1  base_task.o(.data)
    state                                    0x20000099   Data           1  robo_task.o(.data)
    Pitch_Max                                0x2000009c   Data           2  yun_task.o(.data)
    Pitch_Min                                0x2000009e   Data           2  yun_task.o(.data)
    Pitch_Mid                                0x200000a0   Data           2  yun_task.o(.data)
    Pitch_Tar                                0x200000a4   Data           4  yun_task.o(.data)
    Frictiongear_Flag                        0x200000a8   Data           1  yun_task.o(.data)
    Ball_Time                                0x200000aa   Data           2  yun_task.o(.data)
    Shoot_Flag                               0x200000ac   Data           1  yun_task.o(.data)
    First                                    0x200000ad   Data           1  yun_task.o(.data)
    vision_data                              0x200000b4   Data           8  vision_analysis.o(.data)
    Sum_Send                                 0x200000bc   Data           4  vision_analysis.o(.data)
    Sum_Receive                              0x200000c0   Data           4  vision_analysis.o(.data)
    OpenTxData                               0x200000c4   Data           8  laser_analysis.o(.data)
    CloseTxData                              0x200000cc   Data           8  laser_analysis.o(.data)
    distance                                 0x200000d4   Data           4  laser_analysis.o(.data)
    uwTick                                   0x200000d8   Data           4  stm32f4xx_hal.o(.data)
    uwTickPrio                               0x200000dc   Data           4  stm32f4xx_hal.o(.data)
    uwTickFreq                               0x200000e0   Data           1  stm32f4xx_hal.o(.data)
    SystemCoreClock                          0x200000e4   Data           4  system_stm32f4xx.o(.data)
    pxCurrentTCB                             0x200000e8   Data           4  tasks.o(.data)
    DJI_Remote                               0x20000150   Data          22  ifr_remote.o(.data)
    Remote_Receive                           0x2000016c   Data         116  init.o(.bss)
    IMU_Receive                              0x200001e0   Data         116  init.o(.bss)
    Vision_Receive                           0x20000254   Data         116  init.o(.bss)
    IFR_Remote_Receive                       0x200002c8   Data         116  init.o(.bss)
    Laser_Receive                            0x2000033c   Data         116  init.o(.bss)
    hcan1                                    0x200003b0   Data         100  can.o(.bss)
    hcan2                                    0x20000414   Data         100  can.o(.bss)
    htim2                                    0x20000478   Data         180  tim.o(.bss)
    htim3                                    0x2000052c   Data         180  tim.o(.bss)
    huart1                                   0x200005e0   Data         116  usart.o(.bss)
    huart2                                   0x20000654   Data         116  usart.o(.bss)
    huart3                                   0x200006c8   Data         116  usart.o(.bss)
    huart6                                   0x2000073c   Data         116  usart.o(.bss)
    hdma_usart1_rx                           0x200007b0   Data          96  usart.o(.bss)
    hdma_usart2_rx                           0x20000810   Data          96  usart.o(.bss)
    hdma_usart3_rx                           0x20000870   Data          96  usart.o(.bss)
    hdma_usart6_rx                           0x200008d0   Data          96  usart.o(.bss)
    hdma_usart6_tx                           0x20000930   Data          96  usart.o(.bss)
    htim1                                    0x20000990   Data         180  stm32f4xx_hal_timebase_tim.o(.bss)
    Robo_Base                                0x20000a44   Data         636  robo_base.o(.bss)
    CAN_Base                                 0x20000cc0   Data         372  robo_base.o(.bss)
    BaseFollow_PID                           0x20000e34   Data          52  robo_base.o(.bss)
    angle                                    0x20000e68   Data          20  robo_base.o(.bss)
    speed                                    0x20000e7c   Data          20  robo_base.o(.bss)
    Motor_Tar                                0x20000e90   Data          32  robo_base.o(.bss)
    cir                                      0x20000eb0   Data          16  robo_base.o(.bss)
    MoveMotor_SpeedMix                       0x20000ec0   Data          16  robo_base.o(.bss)
    CAN_Yun                                  0x20000ed0   Data         372  robo_yun.o(.bss)
    Robo_YunAndArm                           0x20001044   Data         568  robo_yun.o(.bss)
    IMU                                      0x2000127c   Data          28  imu_analysis.o(.bss)
    CAN_Pointer                              0x20004f88   Data          12  ifr_can.o(.bss)
    TIM_Pointer                              0x20004f94   Data          60  ifr_tim.o(.bss)
    UDB_Pointer                              0x20004fd0   Data          36  ifr_usart.o(.bss)
    __libspace_start                         0x20004ff4   Data          96  libspace.o(.bss)
    __temporary_stack_top$libspace           0x20005054   Data           0  libspace.o(.bss)



==============================================================================

Memory Map of the image

  Image Entry point : 0x08000189

  Load Region LR_IROM1 (Base: 0x08000000, Size: 0x0000a3b4, Max: 0x00100000, ABSOLUTE, COMPRESSED[0x0000a284])

    Execution Region ER_IROM1 (Exec base: 0x08000000, Load base: 0x08000000, Size: 0x0000a248, Max: 0x00100000, ABSOLUTE)

    Exec Addr    Load Addr    Size         Type   Attr      Idx    E Section Name        Object

    0x08000000   0x08000000   0x00000188   Data   RO            3    RESET               startup_stm32f405xx.o
    0x08000188   0x08000188   0x00000008   Code   RO         6681  * !!!main             c_w.l(__main.o)
    0x08000190   0x08000190   0x00000034   Code   RO         7010    !!!scatter          c_w.l(__scatter.o)
    0x080001c4   0x080001c4   0x0000005a   Code   RO         7008    !!dczerorl2         c_w.l(__dczerorl2.o)
    0x0800021e   0x0800021e   0x00000002   PAD
    0x08000220   0x08000220   0x0000001c   Code   RO         7012    !!handler_zi        c_w.l(__scatter_zi.o)
    0x0800023c   0x0800023c   0x00000002   Code   RO         6934    .ARM.Collect$$libinit$$00000000  c_w.l(libinit.o)
    0x0800023e   0x0800023e   0x00000004   Code   RO         6776    .ARM.Collect$$libinit$$00000001  c_w.l(libinit2.o)
    0x08000242   0x08000242   0x00000000   Code   RO         6779    .ARM.Collect$$libinit$$00000004  c_w.l(libinit2.o)
    0x08000242   0x08000242   0x00000000   Code   RO         6782    .ARM.Collect$$libinit$$0000000A  c_w.l(libinit2.o)
    0x08000242   0x08000242   0x00000000   Code   RO         6784    .ARM.Collect$$libinit$$0000000C  c_w.l(libinit2.o)
    0x08000242   0x08000242   0x00000000   Code   RO         6786    .ARM.Collect$$libinit$$0000000E  c_w.l(libinit2.o)
    0x08000242   0x08000242   0x00000000   Code   RO         6789    .ARM.Collect$$libinit$$00000011  c_w.l(libinit2.o)
    0x08000242   0x08000242   0x00000000   Code   RO         6791    .ARM.Collect$$libinit$$00000013  c_w.l(libinit2.o)
    0x08000242   0x08000242   0x00000000   Code   RO         6793    .ARM.Collect$$libinit$$00000015  c_w.l(libinit2.o)
    0x08000242   0x08000242   0x00000000   Code   RO         6795    .ARM.Collect$$libinit$$00000017  c_w.l(libinit2.o)
    0x08000242   0x08000242   0x00000000   Code   RO         6797    .ARM.Collect$$libinit$$00000019  c_w.l(libinit2.o)
    0x08000242   0x08000242   0x00000000   Code   RO         6799    .ARM.Collect$$libinit$$0000001B  c_w.l(libinit2.o)
    0x08000242   0x08000242   0x00000000   Code   RO         6801    .ARM.Collect$$libinit$$0000001D  c_w.l(libinit2.o)
    0x08000242   0x08000242   0x00000000   Code   RO         6803    .ARM.Collect$$libinit$$0000001F  c_w.l(libinit2.o)
    0x08000242   0x08000242   0x00000000   Code   RO         6805    .ARM.Collect$$libinit$$00000021  c_w.l(libinit2.o)
    0x08000242   0x08000242   0x00000000   Code   RO         6807    .ARM.Collect$$libinit$$00000023  c_w.l(libinit2.o)
    0x08000242   0x08000242   0x00000000   Code   RO         6809    .ARM.Collect$$libinit$$00000025  c_w.l(libinit2.o)
    0x08000242   0x08000242   0x00000000   Code   RO         6813    .ARM.Collect$$libinit$$0000002C  c_w.l(libinit2.o)
    0x08000242   0x08000242   0x00000000   Code   RO         6815    .ARM.Collect$$libinit$$0000002E  c_w.l(libinit2.o)
    0x08000242   0x08000242   0x00000000   Code   RO         6817    .ARM.Collect$$libinit$$00000030  c_w.l(libinit2.o)
    0x08000242   0x08000242   0x00000004   Code   RO         6818    .ARM.Collect$$libinit$$00000031  c_w.l(libinit2.o)
    0x08000246   0x08000246   0x00000000   Code   RO         6819    .ARM.Collect$$libinit$$00000032  c_w.l(libinit2.o)
    0x08000246   0x08000246   0x00000002   Code   RO         6820    .ARM.Collect$$libinit$$00000033  c_w.l(libinit2.o)
    0x08000248   0x08000248   0x00000002   Code   RO         6975    .ARM.Collect$$libshutdown$$00000000  c_w.l(libshutdown.o)
    0x0800024a   0x0800024a   0x00000000   Code   RO         6991    .ARM.Collect$$libshutdown$$00000002  c_w.l(libshutdown2.o)
    0x0800024a   0x0800024a   0x00000000   Code   RO         6993    .ARM.Collect$$libshutdown$$00000004  c_w.l(libshutdown2.o)
    0x0800024a   0x0800024a   0x00000000   Code   RO         6996    .ARM.Collect$$libshutdown$$00000007  c_w.l(libshutdown2.o)
    0x0800024a   0x0800024a   0x00000000   Code   RO         6999    .ARM.Collect$$libshutdown$$0000000A  c_w.l(libshutdown2.o)
    0x0800024a   0x0800024a   0x00000000   Code   RO         7001    .ARM.Collect$$libshutdown$$0000000C  c_w.l(libshutdown2.o)
    0x0800024a   0x0800024a   0x00000000   Code   RO         7004    .ARM.Collect$$libshutdown$$0000000F  c_w.l(libshutdown2.o)
    0x0800024a   0x0800024a   0x00000002   Code   RO         7005    .ARM.Collect$$libshutdown$$00000010  c_w.l(libshutdown2.o)
    0x0800024c   0x0800024c   0x00000000   Code   RO         6767    .ARM.Collect$$rtentry$$00000000  c_w.l(__rtentry.o)
    0x0800024c   0x0800024c   0x00000000   Code   RO         6877    .ARM.Collect$$rtentry$$00000002  c_w.l(__rtentry2.o)
    0x0800024c   0x0800024c   0x00000006   Code   RO         6889    .ARM.Collect$$rtentry$$00000004  c_w.l(__rtentry4.o)
    0x08000252   0x08000252   0x00000000   Code   RO         6879    .ARM.Collect$$rtentry$$00000009  c_w.l(__rtentry2.o)
    0x08000252   0x08000252   0x00000004   Code   RO         6880    .ARM.Collect$$rtentry$$0000000A  c_w.l(__rtentry2.o)
    0x08000256   0x08000256   0x00000000   Code   RO         6882    .ARM.Collect$$rtentry$$0000000C  c_w.l(__rtentry2.o)
    0x08000256   0x08000256   0x00000008   Code   RO         6883    .ARM.Collect$$rtentry$$0000000D  c_w.l(__rtentry2.o)
    0x0800025e   0x0800025e   0x00000002   Code   RO         6937    .ARM.Collect$$rtexit$$00000000  c_w.l(rtexit.o)
    0x08000260   0x08000260   0x00000000   Code   RO         6957    .ARM.Collect$$rtexit$$00000002  c_w.l(rtexit2.o)
    0x08000260   0x08000260   0x00000004   Code   RO         6958    .ARM.Collect$$rtexit$$00000003  c_w.l(rtexit2.o)
    0x08000264   0x08000264   0x00000006   Code   RO         6959    .ARM.Collect$$rtexit$$00000004  c_w.l(rtexit2.o)
    0x0800026a   0x0800026a   0x00000002   PAD
    0x0800026c   0x0800026c   0x000000be   Code   RO         6001    .emb_text           port.o
    0x0800032a   0x0800032a   0x00000002   PAD
    0x0800032c   0x0800032c   0x00000040   Code   RO            4    .text               startup_stm32f405xx.o
    0x0800036c   0x0800036c   0x000000ee   Code   RO         6669    .text               c_w.l(lludivv7m.o)
    0x0800045a   0x0800045a   0x00000064   Code   RO         6673    .text               c_w.l(rt_memcpy_w.o)
    0x080004be   0x080004be   0x0000004e   Code   RO         6677    .text               c_w.l(rt_memclr_w.o)
    0x0800050c   0x0800050c   0x00000006   Code   RO         6679    .text               c_w.l(heapauxi.o)
    0x08000512   0x08000512   0x00000002   PAD
    0x08000514   0x08000514   0x00000024   Code   RO         6686    .text               c_w.l(init_aeabi.o)
    0x08000538   0x08000538   0x00000016   Code   RO         6772    .text               c_w.l(_rserrno.o)
    0x0800054e   0x0800054e   0x00000002   PAD
    0x08000550   0x08000550   0x00000008   Code   RO         6896    .text               c_w.l(rt_errno_addr_intlibspace.o)
    0x08000558   0x08000558   0x00000008   Code   RO         6914    .text               c_w.l(libspace.o)
    0x08000560   0x08000560   0x0000004a   Code   RO         6917    .text               c_w.l(sys_stackheap_outer.o)
    0x080005aa   0x080005aa   0x00000012   Code   RO         6919    .text               c_w.l(exit.o)
    0x080005bc   0x080005bc   0x0000000c   Code   RO         6951    .text               c_w.l(sys_exit.o)
    0x080005c8   0x080005c8   0x00000002   Code   RO         6953    .text               c_w.l(use_no_semi.o)
    0x080005ca   0x080005ca   0x00000000   Code   RO         6955    .text               c_w.l(indicate_semi.o)
    0x080005ca   0x080005ca   0x00000004   Code   RO          899    i.BusFault_Handler  stm32f4xx_it.o
    0x080005ce   0x080005ce   0x00000002   PAD
    0x080005d0   0x080005d0   0x00000010   Code   RO          900    i.CAN1_RX0_IRQHandler  stm32f4xx_it.o
    0x080005e0   0x080005e0   0x00000010   Code   RO          901    i.CAN1_TX_IRQHandler  stm32f4xx_it.o
    0x080005f0   0x080005f0   0x00000010   Code   RO          902    i.CAN2_RX0_IRQHandler  stm32f4xx_it.o
    0x08000600   0x08000600   0x00000010   Code   RO          903    i.CAN2_TX_IRQHandler  stm32f4xx_it.o
    0x08000610   0x08000610   0x00000010   Code   RO          904    i.DMA1_Stream1_IRQHandler  stm32f4xx_it.o
    0x08000620   0x08000620   0x00000010   Code   RO          905    i.DMA1_Stream5_IRQHandler  stm32f4xx_it.o
    0x08000630   0x08000630   0x00000010   Code   RO          906    i.DMA2_Stream1_IRQHandler  stm32f4xx_it.o
    0x08000640   0x08000640   0x00000010   Code   RO          907    i.DMA2_Stream2_IRQHandler  stm32f4xx_it.o
    0x08000650   0x08000650   0x00000010   Code   RO          908    i.DMA2_Stream6_IRQHandler  stm32f4xx_it.o
    0x08000660   0x08000660   0x00000034   Code   RO         2582    i.DMA_CalcBaseAndBitshift  stm32f4xx_hal_dma.o
    0x08000694   0x08000694   0x000000aa   Code   RO         2583    i.DMA_CheckFifoParam  stm32f4xx_hal_dma.o
    0x0800073e   0x0800073e   0x00000020   Code   RO         2541    i.DMA_MultiBufferSetConfig  stm32f4xx_hal_dma_ex.o
    0x0800075e   0x0800075e   0x0000002c   Code   RO         2584    i.DMA_SetConfig     stm32f4xx_hal_dma.o
    0x0800078a   0x0800078a   0x00000002   Code   RO          909    i.DebugMon_Handler  stm32f4xx_it.o
    0x0800078c   0x0800078c   0x00000006   Code   RO          281    i.Error_Handler     main.o
    0x08000792   0x08000792   0x0000002a   Code   RO         1833    i.HAL_CAN_ActivateNotification  stm32f4xx_hal_can.o
    0x080007bc   0x080007bc   0x00000156   Code   RO         1834    i.HAL_CAN_AddTxMessage  stm32f4xx_hal_can.o
    0x08000912   0x08000912   0x00000002   PAD
    0x08000914   0x08000914   0x00000124   Code   RO         1835    i.HAL_CAN_ConfigFilter  stm32f4xx_hal_can.o
    0x08000a38   0x08000a38   0x0000002a   Code   RO         1837    i.HAL_CAN_DeactivateNotification  stm32f4xx_hal_can.o
    0x08000a62   0x08000a62   0x00000002   Code   RO         1838    i.HAL_CAN_ErrorCallback  stm32f4xx_hal_can.o
    0x08000a64   0x08000a64   0x0000017a   Code   RO         1841    i.HAL_CAN_GetRxMessage  stm32f4xx_hal_can.o
    0x08000bde   0x08000bde   0x00000036   Code   RO         1843    i.HAL_CAN_GetTxMailboxesFreeLevel  stm32f4xx_hal_can.o
    0x08000c14   0x08000c14   0x0000024e   Code   RO         1845    i.HAL_CAN_IRQHandler  stm32f4xx_hal_can.o
    0x08000e62   0x08000e62   0x00000002   PAD
    0x08000e64   0x08000e64   0x000001ec   Code   RO         1846    i.HAL_CAN_Init      stm32f4xx_hal_can.o
    0x08001050   0x08001050   0x00000184   Code   RO          668    i.HAL_CAN_MspInit   can.o
    0x080011d4   0x080011d4   0x000000b2   Code   RO         1851    i.HAL_CAN_RegisterCallback  stm32f4xx_hal_can.o
    0x08001286   0x08001286   0x00000002   Code   RO         1854    i.HAL_CAN_RxFifo0FullCallback  stm32f4xx_hal_can.o
    0x08001288   0x08001288   0x00000002   Code   RO         1855    i.HAL_CAN_RxFifo0MsgPendingCallback  stm32f4xx_hal_can.o
    0x0800128a   0x0800128a   0x00000002   Code   RO         1856    i.HAL_CAN_RxFifo1FullCallback  stm32f4xx_hal_can.o
    0x0800128c   0x0800128c   0x00000002   Code   RO         1857    i.HAL_CAN_RxFifo1MsgPendingCallback  stm32f4xx_hal_can.o
    0x0800128e   0x0800128e   0x00000002   Code   RO         1858    i.HAL_CAN_SleepCallback  stm32f4xx_hal_can.o
    0x08001290   0x08001290   0x0000005e   Code   RO         1859    i.HAL_CAN_Start     stm32f4xx_hal_can.o
    0x080012ee   0x080012ee   0x00000002   Code   RO         1861    i.HAL_CAN_TxMailbox0AbortCallback  stm32f4xx_hal_can.o
    0x080012f0   0x080012f0   0x00000002   Code   RO         1862    i.HAL_CAN_TxMailbox0CompleteCallback  stm32f4xx_hal_can.o
    0x080012f2   0x080012f2   0x00000002   Code   RO         1863    i.HAL_CAN_TxMailbox1AbortCallback  stm32f4xx_hal_can.o
    0x080012f4   0x080012f4   0x00000002   Code   RO         1864    i.HAL_CAN_TxMailbox1CompleteCallback  stm32f4xx_hal_can.o
    0x080012f6   0x080012f6   0x00000002   Code   RO         1865    i.HAL_CAN_TxMailbox2AbortCallback  stm32f4xx_hal_can.o
    0x080012f8   0x080012f8   0x00000002   Code   RO         1866    i.HAL_CAN_TxMailbox2CompleteCallback  stm32f4xx_hal_can.o
    0x080012fa   0x080012fa   0x00000002   Code   RO         1869    i.HAL_CAN_WakeUpFromRxMsgCallback  stm32f4xx_hal_can.o
    0x080012fc   0x080012fc   0x00000020   Code   RO         3264    i.HAL_CRC_Init      stm32f4xx_hal_crc.o
    0x0800131c   0x0800131c   0x00000034   Code   RO          717    i.HAL_CRC_MspInit   crc.o
    0x08001350   0x08001350   0x0000007c   Code   RO         2543    i.HAL_DMAEx_MultiBufferStart  stm32f4xx_hal_dma_ex.o
    0x080013cc   0x080013cc   0x000000ac   Code   RO         2585    i.HAL_DMA_Abort     stm32f4xx_hal_dma.o
    0x08001478   0x08001478   0x00000028   Code   RO         2586    i.HAL_DMA_Abort_IT  stm32f4xx_hal_dma.o
    0x080014a0   0x080014a0   0x00000240   Code   RO         2590    i.HAL_DMA_IRQHandler  stm32f4xx_hal_dma.o
    0x080016e0   0x080016e0   0x000000ec   Code   RO         2591    i.HAL_DMA_Init      stm32f4xx_hal_dma.o
    0x080017cc   0x080017cc   0x00000092   Code   RO         2595    i.HAL_DMA_Start_IT  stm32f4xx_hal_dma.o
    0x0800185e   0x0800185e   0x00000002   PAD
    0x08001860   0x08001860   0x00000028   Code   RO         3009    i.HAL_Delay         stm32f4xx_hal.o
    0x08001888   0x08001888   0x000001f0   Code   RO         2478    i.HAL_GPIO_Init     stm32f4xx_hal_gpio.o
    0x08001a78   0x08001a78   0x00000010   Code   RO         2480    i.HAL_GPIO_ReadPin  stm32f4xx_hal_gpio.o
    0x08001a88   0x08001a88   0x00000014   Code   RO         2481    i.HAL_GPIO_TogglePin  stm32f4xx_hal_gpio.o
    0x08001a9c   0x08001a9c   0x0000000c   Code   RO         2482    i.HAL_GPIO_WritePin  stm32f4xx_hal_gpio.o
    0x08001aa8   0x08001aa8   0x0000000c   Code   RO         3015    i.HAL_GetTick       stm32f4xx_hal.o
    0x08001ab4   0x08001ab4   0x00000018   Code   RO         3021    i.HAL_IncTick       stm32f4xx_hal.o
    0x08001acc   0x08001acc   0x0000003c   Code   RO         3022    i.HAL_Init          stm32f4xx_hal.o
    0x08001b08   0x08001b08   0x0000008c   Code   RO         1071    i.HAL_InitTick      stm32f4xx_hal_timebase_tim.o
    0x08001b94   0x08001b94   0x00000054   Code   RO         1047    i.HAL_MspInit       stm32f4xx_hal_msp.o
    0x08001be8   0x08001be8   0x00000020   Code   RO         2867    i.HAL_NVIC_EnableIRQ  stm32f4xx_hal_cortex.o
    0x08001c08   0x08001c08   0x0000007c   Code   RO         2873    i.HAL_NVIC_SetPriority  stm32f4xx_hal_cortex.o
    0x08001c84   0x08001c84   0x00000028   Code   RO         2874    i.HAL_NVIC_SetPriorityGrouping  stm32f4xx_hal_cortex.o
    0x08001cac   0x08001cac   0x00000184   Code   RO         2079    i.HAL_RCC_ClockConfig  stm32f4xx_hal_rcc.o
    0x08001e30   0x08001e30   0x00000044   Code   RO         2083    i.HAL_RCC_GetClockConfig  stm32f4xx_hal_rcc.o
    0x08001e74   0x08001e74   0x0000000c   Code   RO         2084    i.HAL_RCC_GetHCLKFreq  stm32f4xx_hal_rcc.o
    0x08001e80   0x08001e80   0x00000020   Code   RO         2086    i.HAL_RCC_GetPCLK1Freq  stm32f4xx_hal_rcc.o
    0x08001ea0   0x08001ea0   0x00000020   Code   RO         2087    i.HAL_RCC_GetPCLK2Freq  stm32f4xx_hal_rcc.o
    0x08001ec0   0x08001ec0   0x000000b0   Code   RO         2088    i.HAL_RCC_GetSysClockFreq  stm32f4xx_hal_rcc.o
    0x08001f70   0x08001f70   0x0000049c   Code   RO         2091    i.HAL_RCC_OscConfig  stm32f4xx_hal_rcc.o
    0x0800240c   0x0800240c   0x00000002   Code   RO         4055    i.HAL_TIMEx_BreakCallback  stm32f4xx_hal_tim_ex.o
    0x0800240e   0x0800240e   0x00000002   Code   RO         4056    i.HAL_TIMEx_CommutCallback  stm32f4xx_hal_tim_ex.o
    0x08002410   0x08002410   0x00000002   Code   RO         4057    i.HAL_TIMEx_CommutHalfCpltCallback  stm32f4xx_hal_tim_ex.o
    0x08002412   0x08002412   0x00000002   PAD
    0x08002414   0x08002414   0x000000b4   Code   RO         4074    i.HAL_TIMEx_MasterConfigSynchronization  stm32f4xx_hal_tim_ex.o
    0x080024c8   0x080024c8   0x00000078   Code   RO         3322    i.HAL_TIM_Base_Init  stm32f4xx_hal_tim.o
    0x08002540   0x08002540   0x00000070   Code   RO          786    i.HAL_TIM_Base_MspInit  tim.o
    0x080025b0   0x080025b0   0x000000a8   Code   RO         3327    i.HAL_TIM_Base_Start_IT  stm32f4xx_hal_tim.o
    0x08002658   0x08002658   0x0000010c   Code   RO         3331    i.HAL_TIM_ConfigClockSource  stm32f4xx_hal_tim.o
    0x08002764   0x08002764   0x00000002   Code   RO         3352    i.HAL_TIM_ErrorCallback  stm32f4xx_hal_tim.o
    0x08002766   0x08002766   0x00000002   Code   RO         3356    i.HAL_TIM_IC_CaptureCallback  stm32f4xx_hal_tim.o
    0x08002768   0x08002768   0x00000002   Code   RO         3357    i.HAL_TIM_IC_CaptureHalfCpltCallback  stm32f4xx_hal_tim.o
    0x0800276a   0x0800276a   0x000001b6   Code   RO         3370    i.HAL_TIM_IRQHandler  stm32f4xx_hal_tim.o
    0x08002920   0x08002920   0x00000060   Code   RO          787    i.HAL_TIM_MspPostInit  tim.o
    0x08002980   0x08002980   0x00000002   Code   RO         3373    i.HAL_TIM_OC_DelayElapsedCallback  stm32f4xx_hal_tim.o
    0x08002982   0x08002982   0x00000104   Code   RO         3394    i.HAL_TIM_PWM_ConfigChannel  stm32f4xx_hal_tim.o
    0x08002a86   0x08002a86   0x00000002   PAD
    0x08002a88   0x08002a88   0x00000078   Code   RO         3397    i.HAL_TIM_PWM_Init  stm32f4xx_hal_tim.o
    0x08002b00   0x08002b00   0x00000002   Code   RO         3399    i.HAL_TIM_PWM_MspInit  stm32f4xx_hal_tim.o
    0x08002b02   0x08002b02   0x00000002   Code   RO         3400    i.HAL_TIM_PWM_PulseFinishedCallback  stm32f4xx_hal_tim.o
    0x08002b04   0x08002b04   0x00000002   Code   RO         3401    i.HAL_TIM_PWM_PulseFinishedHalfCpltCallback  stm32f4xx_hal_tim.o
    0x08002b06   0x08002b06   0x00000002   PAD
    0x08002b08   0x08002b08   0x0000010c   Code   RO         3402    i.HAL_TIM_PWM_Start  stm32f4xx_hal_tim.o
    0x08002c14   0x08002c14   0x00000018   Code   RO          282    i.HAL_TIM_PeriodElapsedCallback  main.o
    0x08002c2c   0x08002c2c   0x00000002   Code   RO         3409    i.HAL_TIM_PeriodElapsedHalfCpltCallback  stm32f4xx_hal_tim.o
    0x08002c2e   0x08002c2e   0x00000144   Code   RO         3411    i.HAL_TIM_RegisterCallback  stm32f4xx_hal_tim.o
    0x08002d72   0x08002d72   0x00000002   Code   RO         3414    i.HAL_TIM_TriggerCallback  stm32f4xx_hal_tim.o
    0x08002d74   0x08002d74   0x00000002   Code   RO         3415    i.HAL_TIM_TriggerHalfCpltCallback  stm32f4xx_hal_tim.o
    0x08002d76   0x08002d76   0x00000002   Code   RO         4333    i.HAL_UARTEx_RxEventCallback  stm32f4xx_hal_uart.o
    0x08002d78   0x08002d78   0x00000002   Code   RO         4335    i.HAL_UART_AbortCpltCallback  stm32f4xx_hal_uart.o
    0x08002d7a   0x08002d7a   0x00000002   Code   RO         4337    i.HAL_UART_AbortReceiveCpltCallback  stm32f4xx_hal_uart.o
    0x08002d7c   0x08002d7c   0x00000002   Code   RO         4340    i.HAL_UART_AbortTransmitCpltCallback  stm32f4xx_hal_uart.o
    0x08002d7e   0x08002d7e   0x00000002   Code   RO         4347    i.HAL_UART_ErrorCallback  stm32f4xx_hal_uart.o
    0x08002d80   0x08002d80   0x000002e0   Code   RO         4350    i.HAL_UART_IRQHandler  stm32f4xx_hal_uart.o
    0x08003060   0x08003060   0x00000084   Code   RO         4351    i.HAL_UART_Init     stm32f4xx_hal_uart.o
    0x080030e4   0x080030e4   0x0000038c   Code   RO          840    i.HAL_UART_MspInit  usart.o
    0x08003470   0x08003470   0x0000004c   Code   RO         4358    i.HAL_UART_RegisterRxEventCallback  stm32f4xx_hal_uart.o
    0x080034bc   0x080034bc   0x00000002   Code   RO         4359    i.HAL_UART_RxCpltCallback  stm32f4xx_hal_uart.o
    0x080034be   0x080034be   0x00000002   Code   RO         4360    i.HAL_UART_RxHalfCpltCallback  stm32f4xx_hal_uart.o
    0x080034c0   0x080034c0   0x000000ac   Code   RO         4362    i.HAL_UART_Transmit_DMA  stm32f4xx_hal_uart.o
    0x0800356c   0x0800356c   0x00000002   Code   RO         4364    i.HAL_UART_TxCpltCallback  stm32f4xx_hal_uart.o
    0x0800356e   0x0800356e   0x00000002   Code   RO         4365    i.HAL_UART_TxHalfCpltCallback  stm32f4xx_hal_uart.o
    0x08003570   0x08003570   0x00000004   Code   RO          910    i.HardFault_Handler  stm32f4xx_it.o
    0x08003574   0x08003574   0x0000006c   Code   RO         6127    i.IFR_DJI_Remote_Analysis  ifr_remote.o
    0x080035e0   0x080035e0   0x00000044   Code   RO          669    i.MX_CAN1_Init      can.o
    0x08003624   0x08003624   0x00000044   Code   RO          670    i.MX_CAN2_Init      can.o
    0x08003668   0x08003668   0x00000020   Code   RO          718    i.MX_CRC_Init       crc.o
    0x08003688   0x08003688   0x00000098   Code   RO          758    i.MX_DMA_Init       dma.o
    0x08003720   0x08003720   0x00000144   Code   RO          439    i.MX_GPIO_Init      gpio.o
    0x08003864   0x08003864   0x0000006c   Code   RO          788    i.MX_TIM2_Init      tim.o
    0x080038d0   0x080038d0   0x000000b8   Code   RO          789    i.MX_TIM3_Init      tim.o
    0x08003988   0x08003988   0x00000040   Code   RO          841    i.MX_USART1_UART_Init  usart.o
    0x080039c8   0x080039c8   0x00000038   Code   RO          842    i.MX_USART2_UART_Init  usart.o
    0x08003a00   0x08003a00   0x00000040   Code   RO          843    i.MX_USART3_UART_Init  usart.o
    0x08003a40   0x08003a40   0x00000038   Code   RO          844    i.MX_USART6_UART_Init  usart.o
    0x08003a78   0x08003a78   0x00000004   Code   RO          911    i.MemManage_Handler  stm32f4xx_it.o
    0x08003a7c   0x08003a7c   0x00000004   Code   RO          912    i.NMI_Handler       stm32f4xx_it.o
    0x08003a80   0x08003a80   0x00000034   Code   RO         6002    i.SysTick_Handler   port.o
    0x08003ab4   0x08003ab4   0x00000014   Code   RO         4720    i.SystemInit        system_stm32f4xx.o
    0x08003ac8   0x08003ac8   0x00000010   Code   RO          913    i.TIM1_UP_TIM10_IRQHandler  stm32f4xx_it.o
    0x08003ad8   0x08003ad8   0x00000010   Code   RO          914    i.TIM2_IRQHandler   stm32f4xx_it.o
    0x08003ae8   0x08003ae8   0x000000d8   Code   RO         3417    i.TIM_Base_SetConfig  stm32f4xx_hal_tim.o
    0x08003bc0   0x08003bc0   0x00000022   Code   RO         3418    i.TIM_CCxChannelCmd  stm32f4xx_hal_tim.o
    0x08003be2   0x08003be2   0x00000016   Code   RO         3428    i.TIM_ETR_SetConfig  stm32f4xx_hal_tim.o
    0x08003bf8   0x08003bf8   0x00000012   Code   RO         3429    i.TIM_ITRx_SetConfig  stm32f4xx_hal_tim.o
    0x08003c0a   0x08003c0a   0x00000002   PAD
    0x08003c0c   0x08003c0c   0x00000070   Code   RO         3430    i.TIM_OC1_SetConfig  stm32f4xx_hal_tim.o
    0x08003c7c   0x08003c7c   0x0000007c   Code   RO         3431    i.TIM_OC2_SetConfig  stm32f4xx_hal_tim.o
    0x08003cf8   0x08003cf8   0x00000078   Code   RO         3432    i.TIM_OC3_SetConfig  stm32f4xx_hal_tim.o
    0x08003d70   0x08003d70   0x00000054   Code   RO         3433    i.TIM_OC4_SetConfig  stm32f4xx_hal_tim.o
    0x08003dc4   0x08003dc4   0x00000070   Code   RO         3434    i.TIM_ResetCallback  stm32f4xx_hal_tim.o
    0x08003e34   0x08003e34   0x00000026   Code   RO         3436    i.TIM_TI1_ConfigInputStage  stm32f4xx_hal_tim.o
    0x08003e5a   0x08003e5a   0x00000028   Code   RO         3438    i.TIM_TI2_ConfigInputStage  stm32f4xx_hal_tim.o
    0x08003e82   0x08003e82   0x00000014   Code   RO         4368    i.UART_DMAAbortOnError  stm32f4xx_hal_uart.o
    0x08003e96   0x08003e96   0x00000050   Code   RO         4369    i.UART_DMAError     stm32f4xx_hal_uart.o
    0x08003ee6   0x08003ee6   0x00000058   Code   RO         4374    i.UART_DMATransmitCplt  stm32f4xx_hal_uart.o
    0x08003f3e   0x08003f3e   0x0000000e   Code   RO         4376    i.UART_DMATxHalfCplt  stm32f4xx_hal_uart.o
    0x08003f4c   0x08003f4c   0x0000006c   Code   RO         4378    i.UART_EndRxTransfer  stm32f4xx_hal_uart.o
    0x08003fb8   0x08003fb8   0x00000020   Code   RO         4379    i.UART_EndTransmit_IT  stm32f4xx_hal_uart.o
    0x08003fd8   0x08003fd8   0x00000026   Code   RO         4380    i.UART_EndTxTransfer  stm32f4xx_hal_uart.o
    0x08003ffe   0x08003ffe   0x00000002   PAD
    0x08004000   0x08004000   0x0000004c   Code   RO         4381    i.UART_InitCallbacksToDefault  stm32f4xx_hal_uart.o
    0x0800404c   0x0800404c   0x000000f8   Code   RO         4382    i.UART_Receive_IT   stm32f4xx_hal_uart.o
    0x08004144   0x08004144   0x0000022c   Code   RO         4383    i.UART_SetConfig    stm32f4xx_hal_uart.o
    0x08004370   0x08004370   0x00000060   Code   RO         4386    i.UART_Transmit_IT  stm32f4xx_hal_uart.o
    0x080043d0   0x080043d0   0x00000010   Code   RO          915    i.USART1_IRQHandler  stm32f4xx_it.o
    0x080043e0   0x080043e0   0x00000010   Code   RO          916    i.USART2_IRQHandler  stm32f4xx_it.o
    0x080043f0   0x080043f0   0x00000010   Code   RO          917    i.USART3_IRQHandler  stm32f4xx_it.o
    0x08004400   0x08004400   0x00000010   Code   RO          918    i.USART6_IRQHandler  stm32f4xx_it.o
    0x08004410   0x08004410   0x00000004   Code   RO          919    i.UsageFault_Handler  stm32f4xx_it.o
    0x08004414   0x08004414   0x00000018   Code   RO         1771    i._Z10Laser_Openv   laser_analysis.o
    0x0800442c   0x0800442c   0x00000048   Code   RO         1163    i._Z11Vel_Convertf  robo_base.o
    0x08004474   0x08004474   0x00000014   Code   RO          569    i._Z12BaseCtrlTaskPKv  freertos.o
    0x08004488   0x08004488   0x00000080   Code   RO         1164    i._Z12Base_Controlfff  robo_base.o
    0x08004508   0x08004508   0x00000088   Code   RO         1379    i._Z12Change_Statev  robo_task.o
    0x08004590   0x08004590   0x000000f4   Code   RO         1635    i._Z12IMU_AnalysisPhh  imu_analysis.o
    0x08004684   0x08004684   0x0000000e   Code   RO          570    i._Z13StartInitTaskPKv  freertos.o
    0x08004692   0x08004692   0x00000002   PAD
    0x08004694   0x08004694   0x00000090   Code   RO         1636    i._Z14Absolute_Anglev  imu_analysis.o
    0x08004724   0x08004724   0x00000024   Code   RO          571    i._Z14ArmYunCtrlTaskPKv  freertos.o
    0x08004748   0x08004748   0x000000d0   Code   RO         1110    i._Z14Arm_Motor_Initv  robo_arm.o
    0x08004818   0x08004818   0x00000028   Code   RO         6176    i._Z14IFR_Can_ID_GetP19__CAN_HandleTypeDef  ifr_can.o
    0x08004840   0x08004840   0x000000e4   Code   RO         6553    i._Z14IFR_TIM_ID_GETP19__TIM_HandleTypeDef  ifr_tim.o
    0x08004924   0x08004924   0x00000034   Code   RO         1773    i._Z14Laser_AnalysisPhh  laser_analysis.o
    0x08004958   0x08004958   0x000000e4   Code   RO         1260    i._Z14Yun_Motor_Initv  robo_yun.o
    0x08004a3c   0x08004a3c   0x00000020   Code   RO         1111    i._Z15Arm_offset_motoi  robo_arm.o
    0x08004a5c   0x08004a5c   0x000000fc   Code   RO         1165    i._Z15Base_Motor_Initv  robo_base.o
    0x08004b58   0x08004b58   0x00000068   Code   RO         6608    i._Z15IFR_Uart_ID_GetP20__UART_HandleTypeDef  ifr_usart.o
    0x08004bc0   0x08004bc0   0x000003c8   Code   RO         1166    i._Z15MotorTarget_Setv  robo_base.o
    0x08004f88   0x08004f88   0x0000000e   Code   RO          572    i._Z15RoboControlTaskPKv  freertos.o
    0x08004f96   0x08004f96   0x00000002   PAD
    0x08004f98   0x08004f98   0x00000098   Code   RO         1167    i._Z15duolun_biaodingv  robo_base.o
    0x08005030   0x08005030   0x00000078   Code   RO          573    i._Z16DataAnalysisTaskPKv  freertos.o
    0x080050a8   0x080050a8   0x000000b4   Code   RO          574    i._Z16MX_FREERTOS_Initv  freertos.o
    0x0800515c   0x0800515c   0x0000000a   Code   RO          575    i._Z17AutomaticCtrlTaskPKv  freertos.o
    0x08005166   0x08005166   0x00000002   PAD
    0x08005168   0x08005168   0x0000001c   Code   RO         1262    i._Z17Open_Frictiongeart  robo_yun.o
    0x08005184   0x08005184   0x00000034   Code   RO           13    i._Z17Test_TIM_Functionv  init.o
    0x080051b8   0x080051b8   0x00000020   Code   RO         1263    i._Z18Close_Frictiongearv  robo_yun.o
    0x080051d8   0x080051d8   0x000000b0   Code   RO          283    i._Z18SystemClock_Configv  main.o
    0x08005288   0x08005288   0x00000048   Code   RO         1168    i._Z19Rad_Turn_MotorAnglef  robo_base.o
    0x080052d0   0x080052d0   0x0000007c   Code   RO         1740    i._Z19Vision_Data_ProcessPhh  vision_analysis.o
    0x0800534c   0x0800534c   0x000008d0   Code   RO         1169    i._Z20ThreeSteering_MoveIKfff  robo_base.o
    0x08005c1c   0x08005c1c   0x00000010   Code   RO         1264    i._Z21Yun_pitch_offset_motoi  robo_yun.o
    0x08005c2c   0x08005c2c   0x0000001c   Code   RO         6177    i._Z25IFR_CAN_Recevice_CallbackP19__CAN_HandleTypeDef  ifr_can.o
    0x08005c48   0x08005c48   0x0000001c   Code   RO         6178    i._Z25IFR_CAN_Transmit_CallbackP19__CAN_HandleTypeDef  ifr_can.o
    0x08005c64   0x08005c64   0x00000020   Code   RO         6554    i._Z25IFR_TIM_Overflow_CallbackP19__TIM_HandleTypeDef  ifr_tim.o
    0x08005c84   0x08005c84   0x00000098   Code   RO         6610    i._Z48IFR_FreeRTOS_Uart_DoubleBuffer_Recevice_CallbackP20__UART_HandleTypeDeft  ifr_usart.o
    0x08005d1c   0x08005d1c   0x00000138   Code   RO           14    i._Z8All_Initv      init.o
    0x08005e54   0x08005e54   0x00000268   Code   RO         1323    i._Z8Arm_TaskP5State  arm_task.o
    0x080060bc   0x080060bc   0x00000490   Code   RO         1483    i._Z8Yun_TaskP5State  yun_task.o
    0x0800654c   0x0800654c   0x00000354   Code   RO         1351    i._Z9Base_TaskP5State  base_task.o
    0x080068a0   0x080068a0   0x0000000a   Code   RO         6317    i._ZN13IFR_DJI_Motor13Motor_PosInitEi  ifr_motor.o
    0x080068aa   0x080068aa   0x00000084   Code   RO         6318    i._ZN13IFR_DJI_Motor18DJI_Motor_AnalysisEPhj  ifr_motor.o
    0x0800692e   0x0800692e   0x0000000a   Code   RO         6319    i._ZN13IFR_DJI_MotorC1Et  ifr_motor.o
    0x08006938   0x08006938   0x00000092   Code   RO         6320    i._ZN13IFR_Pos_Motor13Motor_Pos_SetEi  ifr_motor.o
    0x080069ca   0x080069ca   0x0000004e   Code   RO         6321    i._ZN13IFR_Pos_Motor17MotorPos_PID_InitEfffffff  ifr_motor.o
    0x08006a18   0x08006a18   0x0000004e   Code   RO         6322    i._ZN13IFR_Pos_Motor19MotorSpeed_PID_InitEfffffff  ifr_motor.o
    0x08006a66   0x08006a66   0x0000001e   Code   RO         6323    i._ZN13IFR_Pos_Motor19Motor_OutputMax_SetEf  ifr_motor.o
    0x08006a84   0x08006a84   0x0000001a   Code   RO         6324    i._ZN13IFR_Pos_MotorC1EPFfiEt  ifr_motor.o
    0x08006a9e   0x08006a9e   0x00000014   Code   RO         6325    i._ZN13IFR_Pos_MotorC1Et  ifr_motor.o
    0x08006ab2   0x08006ab2   0x0000004e   Code   RO         6326    i._ZN15IFR_Speed_Motor14Motor_PID_InitEfffffff  ifr_motor.o
    0x08006b00   0x08006b00   0x00000038   Code   RO         6327    i._ZN15IFR_Speed_Motor15Motor_Speed_SetEs  ifr_motor.o
    0x08006b38   0x08006b38   0x00000014   Code   RO         6328    i._ZN15IFR_Speed_MotorC1Et  ifr_motor.o
    0x08006b4c   0x08006b4c   0x00000050   Code   RO         6180    i._ZN16IFR_CAN_ClassDef12CAN_ReceviceEv  ifr_can.o
    0x08006b9c   0x08006b9c   0x00000078   Code   RO         6181    i._ZN16IFR_CAN_ClassDef12CAN_TransmitEP19CAN_TxHeaderTypeDefPh  ifr_can.o
    0x08006c14   0x08006c14   0x00000292   Code   RO         6182    i._ZN16IFR_CAN_ClassDef20CAN_TransmitForMotorEv  ifr_can.o
    0x08006ea6   0x08006ea6   0x0000004a   Code   RO         6183    i._ZN16IFR_CAN_ClassDef25CAN_MultiMessage_TransmitEv  ifr_can.o
    0x08006ef0   0x08006ef0   0x000000ac   Code   RO         6184    i._ZN16IFR_CAN_ClassDef8CAN_InitEP19__CAN_HandleTypeDefP13IFR_DJI_Motor  ifr_can.o
    0x08006f9c   0x08006f9c   0x00000030   Code   RO         6556    i._ZN16IFR_TIM_ClassDef11TIM_ITStartEP19__TIM_HandleTypeDefPFvvE  ifr_tim.o
    0x08006fcc   0x08006fcc   0x0000000e   Code   RO         6557    i._ZN16IFR_TIM_ClassDef17TaskFunction_CallEv  ifr_tim.o
    0x08006fda   0x08006fda   0x00000014   Code   RO         6266    i._ZN17IFR_GPIO_ClassDef3LowEv  ifr_gpio.o
    0x08006fee   0x08006fee   0x00000014   Code   RO         6267    i._ZN17IFR_GPIO_ClassDef4HighEv  ifr_gpio.o
    0x08007002   0x08007002   0x00000012   Code   RO         6268    i._ZN17IFR_GPIO_ClassDef4ReadEv  ifr_gpio.o
    0x08007014   0x08007014   0x00000018   Code   RO         6269    i._ZN17IFR_GPIO_ClassDef4TurnEv  ifr_gpio.o
    0x0800702c   0x0800702c   0x0000000a   Code   RO         6270    i._ZN17IFR_GPIO_ClassDefC1EP12GPIO_TypeDeft  ifr_gpio.o
    0x08007036   0x08007036   0x00000030   Code   RO         6460    i._ZN17IFR_OPWM_ClassDef15OPWM_SetCompareEt  ifr_pwm.o
    0x08007066   0x08007066   0x00000016   Code   RO         6461    i._ZN17IFR_OPWM_ClassDef9OPWM_InitEP19__TIM_HandleTypeDefj  ifr_pwm.o
    0x0800707c   0x0800707c   0x00000064   Code   RO         6612    i._ZN18IFR_UDBRx_ClassDef17UDB_Recevice_InitEP20__UART_HandleTypeDefPFvPhhEPP19tskTaskControlBlock  ifr_usart.o
    0x080070e0   0x080070e0   0x00000094   Code   RO         6613    i._ZN18IFR_UDBRx_ClassDef26Uart_DoubleBuffer_ReceviceEt  ifr_usart.o
    0x08007174   0x08007174   0x0000000a   Code   RO         6329    i._ZN21IFR_GyroControl_Motor12IMU_Data_GetEff  ifr_motor.o
    0x0800717e   0x0800717e   0x00000086   Code   RO         6330    i._ZN21IFR_GyroControl_Motor15Motor_Angle_SetEi  ifr_motor.o
    0x08007204   0x08007204   0x0000004e   Code   RO         6331    i._ZN21IFR_GyroControl_Motor19MotorAngle_PID_InitEfffffff  ifr_motor.o
    0x08007252   0x08007252   0x0000004e   Code   RO         6332    i._ZN21IFR_GyroControl_Motor19MotorSpeed_PID_InitEfffffff  ifr_motor.o
    0x080072a0   0x080072a0   0x0000001e   Code   RO         6333    i._ZN21IFR_GyroControl_Motor19Motor_OutputMax_SetEf  ifr_motor.o
    0x080072be   0x080072be   0x0000001a   Code   RO         6334    i._ZN21IFR_GyroControl_MotorC1EPFfiEt  ifr_motor.o
    0x080072d8   0x080072d8   0x00000006   Code   RO         6081    i._ZN7IFR_PID13OutputMax_SetEf  ifr_pid.o
    0x080072de   0x080072de   0x00000002   PAD
    0x080072e0   0x080072e0   0x0000016c   Code   RO         6082    i._ZN7IFR_PID14Positional_PIDEff  ifr_pid.o
    0x0800744c   0x0800744c   0x0000001e   Code   RO         6084    i._ZN7IFR_PID8PID_InitEfffffff  ifr_pid.o
    0x0800746a   0x0800746a   0x00000018   Code   RO         1229    i._ZSt4sqrtf        robo_base.o
    0x08007482   0x08007482   0x00000020   Code   RO         1235    i._ZSt5atan2ff      robo_base.o
    0x080074a2   0x080074a2   0x00000030   Code   RO         6910    i.__ARM_fpclassify  m_wm.l(fpclassify.o)
    0x080074d2   0x080074d2   0x00000026   Code   RO         6849    i.__ARM_fpclassifyf  m_wm.l(fpclassifyf.o)
    0x080074f8   0x080074f8   0x00000010   Code   RO         2880    i.__NVIC_GetPriorityGrouping  stm32f4xx_hal_cortex.o
    0x08007508   0x08007508   0x00000028   Code   RO         2881    i.__NVIC_SetPriority  stm32f4xx_hal_cortex.o
    0x08007530   0x08007530   0x00000250   Code   RO         6719    i.__hardfp_atan2f   m_wm.l(atan2f.o)
    0x08007780   0x08007780   0x000000c8   Code   RO         6731    i.__hardfp_cos      m_wm.l(cos.o)
    0x08007848   0x08007848   0x000000c8   Code   RO         6743    i.__hardfp_sin      m_wm.l(sin.o)
    0x08007910   0x08007910   0x0000003a   Code   RO         6755    i.__hardfp_sqrtf    m_wm.l(sqrtf.o)
    0x0800794a   0x0800794a   0x00000006   PAD
    0x08007950   0x08007950   0x00000438   Code   RO         6865    i.__ieee754_rem_pio2  m_wm.l(rred.o)
    0x08007d88   0x08007d88   0x00000170   Code   RO         6832    i.__kernel_cos      m_wm.l(cos_i.o)
    0x08007ef8   0x08007ef8   0x000000f8   Code   RO         6912    i.__kernel_poly     m_wm.l(poly.o)
    0x08007ff0   0x08007ff0   0x00000130   Code   RO         6870    i.__kernel_sin      m_wm.l(sin_i.o)
    0x08008120   0x08008120   0x00000014   Code   RO         6836    i.__mathlib_dbl_infnan  m_wm.l(dunder.o)
    0x08008134   0x08008134   0x00000004   PAD
    0x08008138   0x08008138   0x00000020   Code   RO         6838    i.__mathlib_dbl_invalid  m_wm.l(dunder.o)
    0x08008158   0x08008158   0x00000020   Code   RO         6841    i.__mathlib_dbl_underflow  m_wm.l(dunder.o)
    0x08008178   0x08008178   0x00000006   Code   RO         6853    i.__mathlib_flt_infnan2  m_wm.l(funder.o)
    0x0800817e   0x0800817e   0x00000002   PAD
    0x08008180   0x08008180   0x00000010   Code   RO         6857    i.__mathlib_flt_underflow  m_wm.l(funder.o)
    0x08008190   0x08008190   0x00000014   Code   RO         1484    i.__sti___12_Yun_Task_cpp_adeef987  yun_task.o
    0x080081a4   0x080081a4   0x00000068   Code   RO         1265    i.__sti___12_robo_yun_cpp_99dffa86  robo_yun.o
    0x0800820c   0x0800820c   0x00000050   Code   RO         1170    i.__sti___13_robo_base_cpp_ad6cf953  robo_base.o
    0x0800825c   0x0800825c   0x00000034   Code   RO           15    i.__sti___8_init_cpp_b762d6c1  init.o
    0x08008290   0x08008290   0x00000018   Code   RO         6906    i.fabs              m_wm.l(fabs.o)
    0x080082a8   0x080082a8   0x00000010   Code   RO         5562    i.inHandlerMode     cmsis_os.o
    0x080082b8   0x080082b8   0x00000040   Code   RO          284    i.main              main.o
    0x080082f8   0x080082f8   0x0000000e   Code   RO         5564    i.makeFreeRtosPriority  cmsis_os.o
    0x08008306   0x08008306   0x00000018   Code   RO         5566    i.osDelay           cmsis_os.o
    0x0800831e   0x0800831e   0x0000000a   Code   RO         5569    i.osKernelStart     cmsis_os.o
    0x08008328   0x08008328   0x00000060   Code   RO         5600    i.osSignalSet       cmsis_os.o
    0x08008388   0x08008388   0x00000062   Code   RO         5601    i.osSignalWait      cmsis_os.o
    0x080083ea   0x080083ea   0x00000030   Code   RO         5603    i.osThreadCreate    cmsis_os.o
    0x0800841a   0x0800841a   0x00000002   PAD
    0x0800841c   0x0800841c   0x00000098   Code   RO         5238    i.prvAddCurrentTaskToDelayedList  tasks.o
    0x080084b4   0x080084b4   0x000000b4   Code   RO         5239    i.prvAddNewTaskToReadyList  tasks.o
    0x08008568   0x08008568   0x00000048   Code   RO         5240    i.prvCheckTasksWaitingTermination  tasks.o
    0x080085b0   0x080085b0   0x00000012   Code   RO         5241    i.prvDeleteTCB      tasks.o
    0x080085c2   0x080085c2   0x00000002   PAD
    0x080085c4   0x080085c4   0x0000007c   Code   RO         5934    i.prvHeapInit       heap_4.o
    0x08008640   0x08008640   0x00000028   Code   RO         5242    i.prvIdleTask       tasks.o
    0x08008668   0x08008668   0x000000b4   Code   RO         5243    i.prvInitialiseNewTask  tasks.o
    0x0800871c   0x0800871c   0x00000068   Code   RO         5244    i.prvInitialiseTaskLists  tasks.o
    0x08008784   0x08008784   0x00000068   Code   RO         5935    i.prvInsertBlockIntoFreeList  heap_4.o
    0x080087ec   0x080087ec   0x00000034   Code   RO         5245    i.prvResetNextTaskUnblockTime  tasks.o
    0x08008820   0x08008820   0x00000040   Code   RO         6003    i.prvTaskExitError  port.o
    0x08008860   0x08008860   0x0000014c   Code   RO         5936    i.pvPortMalloc      heap_4.o
    0x080089ac   0x080089ac   0x0000002c   Code   RO         6004    i.pxPortInitialiseStack  port.o
    0x080089d8   0x080089d8   0x00000028   Code   RO         4882    i.uxListRemove      list.o
    0x08008a00   0x08008a00   0x0000001a   Code   RO         4883    i.vListInitialise   list.o
    0x08008a1a   0x08008a1a   0x00000006   Code   RO         4884    i.vListInitialiseItem  list.o
    0x08008a20   0x08008a20   0x00000034   Code   RO         4885    i.vListInsert       list.o
    0x08008a54   0x08008a54   0x00000018   Code   RO         4886    i.vListInsertEnd    list.o
    0x08008a6c   0x08008a6c   0x00000054   Code   RO         6006    i.vPortEnterCritical  port.o
    0x08008ac0   0x08008ac0   0x0000003c   Code   RO         6007    i.vPortExitCritical  port.o
    0x08008afc   0x08008afc   0x000000a4   Code   RO         5937    i.vPortFree         heap_4.o
    0x08008ba0   0x08008ba0   0x00000028   Code   RO         6008    i.vPortSetupTimerInterrupt  port.o
    0x08008bc8   0x08008bc8   0x00000078   Code   RO         6009    i.vPortValidateInterruptPriority  port.o
    0x08008c40   0x08008c40   0x0000005c   Code   RO         5254    i.vTaskDelay        tasks.o
    0x08008c9c   0x08008c9c   0x00000088   Code   RO         5267    i.vTaskStartScheduler  tasks.o
    0x08008d24   0x08008d24   0x00000010   Code   RO         5269    i.vTaskSuspendAll   tasks.o
    0x08008d34   0x08008d34   0x0000008c   Code   RO         5270    i.vTaskSwitchContext  tasks.o
    0x08008dc0   0x08008dc0   0x00000168   Code   RO         6010    i.xPortStartScheduler  port.o
    0x08008f28   0x08008f28   0x00000060   Code   RO         5273    i.xTaskCreate       tasks.o
    0x08008f88   0x08008f88   0x00000128   Code   RO         5274    i.xTaskGenericNotify  tasks.o
    0x080090b0   0x080090b0   0x00000168   Code   RO         5275    i.xTaskGenericNotifyFromISR  tasks.o
    0x08009218   0x08009218   0x00000148   Code   RO         5280    i.xTaskIncrementTick  tasks.o
    0x08009360   0x08009360   0x000000a0   Code   RO         5282    i.xTaskNotifyWait   tasks.o
    0x08009400   0x08009400   0x00000104   Code   RO         5286    i.xTaskResumeAll    tasks.o
    0x08009504   0x08009504   0x00000018   Code   RO         6689    x$fpl$basic         fz_wm.l(basic.o)
    0x0800951c   0x0800951c   0x00000062   Code   RO         6691    x$fpl$d2f           fz_wm.l(d2f.o)
    0x0800957e   0x0800957e   0x00000002   PAD
    0x08009580   0x08009580   0x00000150   Code   RO         6693    x$fpl$dadd          fz_wm.l(daddsub_clz.o)
    0x080096d0   0x080096d0   0x00000018   Code   RO         6900    x$fpl$dcmpinf       fz_wm.l(dcmpi.o)
    0x080096e8   0x080096e8   0x000002b0   Code   RO         6700    x$fpl$ddiv          fz_wm.l(ddiv.o)
    0x08009998   0x08009998   0x0000005e   Code   RO         6703    x$fpl$dfix          fz_wm.l(dfix.o)
    0x080099f6   0x080099f6   0x0000002e   Code   RO         6708    x$fpl$dflt          fz_wm.l(dflt_clz.o)
    0x08009a24   0x08009a24   0x00000026   Code   RO         6707    x$fpl$dfltu         fz_wm.l(dflt_clz.o)
    0x08009a4a   0x08009a4a   0x00000002   PAD
    0x08009a4c   0x08009a4c   0x00000078   Code   RO         6821    x$fpl$dleqf         fz_wm.l(dleqf.o)
    0x08009ac4   0x08009ac4   0x00000154   Code   RO         6713    x$fpl$dmul          fz_wm.l(dmul.o)
    0x08009c18   0x08009c18   0x0000009c   Code   RO         6823    x$fpl$dnaninf       fz_wm.l(dnaninf.o)
    0x08009cb4   0x08009cb4   0x0000000c   Code   RO         6825    x$fpl$dretinf       fz_wm.l(dretinf.o)
    0x08009cc0   0x08009cc0   0x0000006c   Code   RO         6715    x$fpl$drleqf        fz_wm.l(drleqf.o)
    0x08009d2c   0x08009d2c   0x00000016   Code   RO         6694    x$fpl$drsb          fz_wm.l(daddsub_clz.o)
    0x08009d42   0x08009d42   0x00000002   PAD
    0x08009d44   0x08009d44   0x000001d4   Code   RO         6695    x$fpl$dsub          fz_wm.l(daddsub_clz.o)
    0x08009f18   0x08009f18   0x00000056   Code   RO         6717    x$fpl$f2d           fz_wm.l(f2d.o)
    0x08009f6e   0x08009f6e   0x0000008c   Code   RO         6827    x$fpl$fnaninf       fz_wm.l(fnaninf.o)
    0x08009ffa   0x08009ffa   0x0000000a   Code   RO         6902    x$fpl$fpinit        fz_wm.l(fpinit.o)
    0x0800a004   0x0800a004   0x0000000a   Code   RO         6829    x$fpl$fretinf       fz_wm.l(fretinf.o)
    0x0800a00e   0x0800a00e   0x00000000   Code   RO         6831    x$fpl$usenofp       fz_wm.l(usenofp.o)
    0x0800a00e   0x0800a00e   0x00000002   PAD
    0x0800a010   0x0800a010   0x00000078   Data   RO          583    .constdata          freertos.o
    0x0800a088   0x0800a088   0x00000008   Data   RO         2597    .constdata          stm32f4xx_hal_dma.o
    0x0800a090   0x0800a090   0x00000018   Data   RO         4721    .constdata          system_stm32f4xx.o
    0x0800a0a8   0x0800a0a8   0x00000030   Data   RO         6833    .constdata          m_wm.l(cos_i.o)
    0x0800a0d8   0x0800a0d8   0x000000c8   Data   RO         6867    .constdata          m_wm.l(rred.o)
    0x0800a1a0   0x0800a1a0   0x00000028   Data   RO         6871    .constdata          m_wm.l(sin_i.o)
    0x0800a1c8   0x0800a1c8   0x0000004d   Data   RO          584    .conststring        freertos.o
    0x0800a215   0x0800a215   0x00000003   PAD
    0x0800a218   0x0800a218   0x00000020   Data   RO         7006    Region$$Table       anon$$obj.o
    0x0800a238   0x0800a238   0x00000004   Data   RO           21    .init_array         init.o
    0x0800a23c   0x0800a238   0x00000004   Data   RO         1181    .init_array         robo_base.o
    0x0800a240   0x0800a238   0x00000004   Data   RO         1273    .init_array         robo_yun.o
    0x0800a244   0x0800a238   0x00000004   Data   RO         1488    .init_array         yun_task.o
    0x0800a248   0x0800a238   0x00000000   Data   RO         6684    .init_array         c_w.l(init_aeabi.o)


    Execution Region RW_IRAM2 (Exec base: 0x10000000, Load base: 0x0800a284, Size: 0x00000000, Max: 0x00010000, ABSOLUTE)

    **** No section assigned to this execution region ****


    Execution Region RW_IRAM1 (Exec base: 0x20000000, Load base: 0x0800a248, Size: 0x00005658, Max: 0x00020000, ABSOLUTE, COMPRESSED[0x0000003c])

    Exec Addr    Load Addr    Size         Type   Attr      Idx    E Section Name        Object

    0x20000000   COMPRESSED   0x0000001c   Data   RW           20    .data               init.o
    0x2000001c   COMPRESSED   0x00000018   Data   RW          585    .data               freertos.o
    0x20000034   COMPRESSED   0x00000004   Data   RW          672    .data               can.o
    0x20000038   COMPRESSED   0x00000008   Data   RW          719    .data               crc.o
    0x20000040   COMPRESSED   0x00000020   Data   RW         1180    .data               robo_base.o
    0x20000060   COMPRESSED   0x0000000a   Data   RW         1325    .data               arm_task.o
    0x2000006a   COMPRESSED   0x00000002   PAD
    0x2000006c   COMPRESSED   0x0000002d   Data   RW         1353    .data               base_task.o
    0x20000099   COMPRESSED   0x00000001   Data   RW         1381    .data               robo_task.o
    0x2000009a   COMPRESSED   0x00000002   PAD
    0x2000009c   COMPRESSED   0x00000012   Data   RW         1487    .data               yun_task.o
    0x200000ae   COMPRESSED   0x00000002   PAD
    0x200000b0   COMPRESSED   0x00000004   Data   RW         1640    .data               imu_analysis.o
    0x200000b4   COMPRESSED   0x00000010   Data   RW         1742    .data               vision_analysis.o
    0x200000c4   COMPRESSED   0x00000014   Data   RW         1782    .data               laser_analysis.o
    0x200000d8   COMPRESSED   0x00000009   Data   RW         3029    .data               stm32f4xx_hal.o
    0x200000e1   COMPRESSED   0x00000003   PAD
    0x200000e4   COMPRESSED   0x00000004   Data   RW         4722    .data               system_stm32f4xx.o
    0x200000e8   COMPRESSED   0x0000003c   Data   RW         5289    .data               tasks.o
    0x20000124   COMPRESSED   0x00000020   Data   RW         5943    .data               heap_4.o
    0x20000144   COMPRESSED   0x0000000c   Data   RW         6011    .data               port.o
    0x20000150   COMPRESSED   0x0000001c   Data   RW         6129    .data               ifr_remote.o
    0x2000016c        -       0x00000244   Zero   RW           19    .bss                init.o
    0x200003b0        -       0x000000c8   Zero   RW          671    .bss                can.o
    0x20000478        -       0x00000168   Zero   RW          790    .bss                tim.o
    0x200005e0        -       0x000003b0   Zero   RW          845    .bss                usart.o
    0x20000990        -       0x000000b4   Zero   RW         1074    .bss                stm32f4xx_hal_timebase_tim.o
    0x20000a44        -       0x0000048c   Zero   RW         1179    .bss                robo_base.o
    0x20000ed0        -       0x000003ac   Zero   RW         1272    .bss                robo_yun.o
    0x2000127c        -       0x0000001c   Zero   RW         1639    .bss                imu_analysis.o
    0x20001298        -       0x000000f0   Zero   RW         5288    .bss                tasks.o
    0x20001388        -       0x00003c00   Zero   RW         5942    .bss                heap_4.o
    0x20004f88        -       0x0000000c   Zero   RW         6196    .bss                ifr_can.o
    0x20004f94        -       0x0000003c   Zero   RW         6563    .bss                ifr_tim.o
    0x20004fd0        -       0x00000024   Zero   RW         6620    .bss                ifr_usart.o
    0x20004ff4        -       0x00000060   Zero   RW         6915    .bss                c_w.l(libspace.o)
    0x20005054   COMPRESSED   0x00000004   PAD
    0x20005058        -       0x00000200   Zero   RW            2    HEAP                startup_stm32f405xx.o
    0x20005258        -       0x00000400   Zero   RW            1    STACK               startup_stm32f405xx.o


==============================================================================

Image component sizes


      Code (inc. data)   RO Data    RW Data    ZI Data      Debug   Object Name

       616         62          0         10          0       1555   arm_task.o
       852         90          0         45          0       1733   base_task.o
       524         46          0          4        200       2394   can.o
       306          4          0          0          0      22000   cmsis_os.o
        84         18          0          8          0       1447   crc.o
         0          0          0          0          0       7400   croutine.o
       152          6          0          0          0        810   dma.o
         0          0          0          0          0      10128   event_groups.o
       394         60        197         24          0       9941   freertos.o
       324         16          0          0          0     658819   gpio.o
       724         74          0         32      15360       7415   heap_4.o
      1200         46          0          0         12      10186   ifr_can.o
        92          0          0          0          0       3428   ifr_gpio.o
      1040          0          0          0          0      12968   ifr_motor.o
       400          6          0          0          0       2020   ifr_pid.o
        70          0          0          0          0       1980   ifr_pwm.o
       108          4          0         28          0       2545   ifr_remote.o
       322         68          0          0         60       3414   ifr_tim.o
       504         52          0          0         36       4653   ifr_usart.o
       388         28          0          4         28     579174   imu_analysis.o
       416        136          4         28        580     622819   init.o
        76         14          0         20          0       1805   laser_analysis.o
       148          0          0          0          0       3566   list.o
       270         16          0          0          0     646996   main.o
      1014         92          0         12          0      12025   port.o
       240         60          0          0          0       1075   robo_arm.o
      4036        278          4         32       1164       8311   robo_base.o
       136         20          0          1          0       2479   robo_task.o
       408         98          4          0        940       3163   robo_yun.o
        64         26        392          0       1536        844   startup_stm32f405xx.o
       136         24          0          9          0       8702   stm32f4xx_hal.o
      2530         80          0          0          0      17313   stm32f4xx_hal_can.o
       252         22          0          0          0      33674   stm32f4xx_hal_cortex.o
        32          0          0          0          0       1031   stm32f4xx_hal_crc.o
      1436         16          8          0          0       7010   stm32f4xx_hal_dma.o
       156          0          0          0          0       2057   stm32f4xx_hal_dma_ex.o
       544         44          0          0          0       3424   stm32f4xx_hal_gpio.o
        84          6          0          0          0        830   stm32f4xx_hal_msp.o
      1888         94          0          0          0       6257   stm32f4xx_hal_rcc.o
      2906        246          0          0          0      20958   stm32f4xx_hal_tim.o
       186         30          0          0          0       3076   stm32f4xx_hal_tim_ex.o
       140         18          0          0        180       1443   stm32f4xx_hal_timebase_tim.o
      2490         68          0          0          0      17287   stm32f4xx_hal_uart.o
       262         90          0          0          0      10094   stm32f4xx_it.o
        20          6         24          4          0       1103   system_stm32f4xx.o
      2682        332          0         60        240      22448   tasks.o
       500         32          0          0        360       3065   tim.o
         0          0          0          0          0       2280   timers.o
      1148        100          0          0        944       4144   usart.o
       124         14          0         16          0       1657   vision_analysis.o
      1188        128          4         18          0     539619   yun_task.o

    ----------------------------------------------------------------------
     33644       2670        672        364      21640    3354565   Object Totals
         0          0         32          0          0          0   (incl. Generated)
        32          0          3          9          0          0   (incl. Padding)

    ----------------------------------------------------------------------

      Code (inc. data)   RO Data    RW Data    ZI Data      Debug   Library Member Name

        90          0          0          0          0          0   __dczerorl2.o
         8          0          0          0          0         68   __main.o
         0          0          0          0          0          0   __rtentry.o
        12          0          0          0          0          0   __rtentry2.o
         6          0          0          0          0          0   __rtentry4.o
        52          8          0          0          0          0   __scatter.o
        28          0          0          0          0          0   __scatter_zi.o
        22          0          0          0          0        100   _rserrno.o
        18          0          0          0          0         80   exit.o
         6          0          0          0          0        152   heapauxi.o
         0          0          0          0          0          0   indicate_semi.o
        36         10          0          0          0         80   init_aeabi.o
         2          0          0          0          0          0   libinit.o
        10          0          0          0          0          0   libinit2.o
         2          0          0          0          0          0   libshutdown.o
         2          0          0          0          0          0   libshutdown2.o
         8          4          0          0         96         68   libspace.o
       238          0          0          0          0        100   lludivv7m.o
         8          4          0          0          0         68   rt_errno_addr_intlibspace.o
        78          0          0          0          0         80   rt_memclr_w.o
       100          0          0          0          0         80   rt_memcpy_w.o
         2          0          0          0          0          0   rtexit.o
        10          0          0          0          0          0   rtexit2.o
        12          4          0          0          0         68   sys_exit.o
        74          0          0          0          0         80   sys_stackheap_outer.o
         2          0          0          0          0         68   use_no_semi.o
        24          0          0          0          0        164   basic.o
        98          4          0          0          0        140   d2f.o
       826         16          0          0          0        492   daddsub_clz.o
        24          0          0          0          0        116   dcmpi.o
       688        140          0          0          0        256   ddiv.o
        94          4          0          0          0        140   dfix.o
        84          0          0          0          0        232   dflt_clz.o
       120          4          0          0          0        140   dleqf.o
       340         12          0          0          0        152   dmul.o
       156          4          0          0          0        140   dnaninf.o
        12          0          0          0          0        116   dretinf.o
       108          0          0          0          0        128   drleqf.o
        86          4          0          0          0        132   f2d.o
       140          4          0          0          0        132   fnaninf.o
        10          0          0          0          0        116   fpinit.o
        10          0          0          0          0        116   fretinf.o
         0          0          0          0          0          0   usenofp.o
       592         90          0          0          0        184   atan2f.o
       200         20          0          0          0        164   cos.o
       368         46         48          0          0        200   cos_i.o
        84         16          0          0          0        372   dunder.o
        24          0          0          0          0        124   fabs.o
        48          0          0          0          0        124   fpclassify.o
        38          0          0          0          0        116   fpclassifyf.o
        22          6          0          0          0        232   funder.o
       248          0          0          0          0        152   poly.o
      1080        142        200          0          0        188   rred.o
       200         20          0          0          0        164   sin.o
       304         24         40          0          0        208   sin_i.o
        58          0          0          0          0        136   sqrtf.o

    ----------------------------------------------------------------------
      6940        586        288          0        100       6168   Library Totals
        28          0          0          0          4          0   (incl. Padding)

    ----------------------------------------------------------------------

      Code (inc. data)   RO Data    RW Data    ZI Data      Debug   Library Name

       826         30          0          0         96       1092   c_w.l
      2820        192          0          0          0       2712   fz_wm.l
      3266        364        288          0          0       2364   m_wm.l

    ----------------------------------------------------------------------
      6940        586        288          0        100       6168   Library Totals

    ----------------------------------------------------------------------

==============================================================================


      Code (inc. data)   RO Data    RW Data    ZI Data      Debug   

     40584       3256        960        364      21740    3330165   Grand Totals
     40584       3256        960         60      21740    3330165   ELF Image Totals (compressed)
     40584       3256        960         60          0          0   ROM Totals

==============================================================================

    Total RO  Size (Code + RO Data)                41544 (  40.57kB)
    Total RW  Size (RW Data + ZI Data)             22104 (  21.59kB)
    Total ROM Size (Code + RO Data + RW Data)      41604 (  40.63kB)

==============================================================================

