Component: ARM Compiler 5.06 update 7 (build 960) Tool: armlink [4d3601]

==============================================================================

Section Cross References

    startup_stm32f405xx.o(STACK) refers (Special) to heapauxi.o(.text) for __use_two_region_memory
    startup_stm32f405xx.o(HEAP) refers (Special) to heapauxi.o(.text) for __use_two_region_memory
    startup_stm32f405xx.o(RESET) refers (Special) to heapauxi.o(.text) for __use_two_region_memory
    startup_stm32f405xx.o(RESET) refers to startup_stm32f405xx.o(STACK) for __initial_sp
    startup_stm32f405xx.o(RESET) refers to startup_stm32f405xx.o(.text) for Reset_Handler
    startup_stm32f405xx.o(RESET) refers to stm32f4xx_it.o(i.NMI_Handler) for NMI_Handler
    startup_stm32f405xx.o(RESET) refers to stm32f4xx_it.o(i.HardFault_Handler) for HardFault_Handler
    startup_stm32f405xx.o(RESET) refers to stm32f4xx_it.o(i.MemManage_Handler) for MemManage_Handler
    startup_stm32f405xx.o(RESET) refers to stm32f4xx_it.o(i.BusFault_Handler) for BusFault_Handler
    startup_stm32f405xx.o(RESET) refers to stm32f4xx_it.o(i.UsageFault_Handler) for UsageFault_Handler
    startup_stm32f405xx.o(RESET) refers to stm32f4xx_it.o(i.SVC_Handler) for SVC_Handler
    startup_stm32f405xx.o(RESET) refers to stm32f4xx_it.o(i.DebugMon_Handler) for DebugMon_Handler
    startup_stm32f405xx.o(RESET) refers to stm32f4xx_it.o(i.PendSV_Handler) for PendSV_Handler
    startup_stm32f405xx.o(RESET) refers to stm32f4xx_it.o(i.SysTick_Handler) for SysTick_Handler
    startup_stm32f405xx.o(RESET) refers to stm32f4xx_it.o(i.DMA1_Stream1_IRQHandler) for DMA1_Stream1_IRQHandler
    startup_stm32f405xx.o(RESET) refers to stm32f4xx_it.o(i.DMA1_Stream3_IRQHandler) for DMA1_Stream3_IRQHandler
    startup_stm32f405xx.o(RESET) refers to stm32f4xx_it.o(i.DMA1_Stream5_IRQHandler) for DMA1_Stream5_IRQHandler
    startup_stm32f405xx.o(RESET) refers to stm32f4xx_it.o(i.DMA1_Stream6_IRQHandler) for DMA1_Stream6_IRQHandler
    startup_stm32f405xx.o(RESET) refers to stm32f4xx_it.o(i.CAN1_RX0_IRQHandler) for CAN1_RX0_IRQHandler
    startup_stm32f405xx.o(RESET) refers to stm32f4xx_it.o(i.TIM2_IRQHandler) for TIM2_IRQHandler
    startup_stm32f405xx.o(RESET) refers to stm32f4xx_it.o(i.USART1_IRQHandler) for USART1_IRQHandler
    startup_stm32f405xx.o(RESET) refers to stm32f4xx_it.o(i.USART2_IRQHandler) for USART2_IRQHandler
    startup_stm32f405xx.o(RESET) refers to stm32f4xx_it.o(i.USART3_IRQHandler) for USART3_IRQHandler
    startup_stm32f405xx.o(RESET) refers to stm32f4xx_it.o(i.DMA2_Stream1_IRQHandler) for DMA2_Stream1_IRQHandler
    startup_stm32f405xx.o(RESET) refers to stm32f4xx_it.o(i.DMA2_Stream2_IRQHandler) for DMA2_Stream2_IRQHandler
    startup_stm32f405xx.o(RESET) refers to stm32f4xx_it.o(i.CAN2_RX0_IRQHandler) for CAN2_RX0_IRQHandler
    startup_stm32f405xx.o(RESET) refers to stm32f4xx_it.o(i.DMA2_Stream6_IRQHandler) for DMA2_Stream6_IRQHandler
    startup_stm32f405xx.o(RESET) refers to stm32f4xx_it.o(i.USART6_IRQHandler) for USART6_IRQHandler
    startup_stm32f405xx.o(.text) refers (Special) to heapauxi.o(.text) for __use_two_region_memory
    startup_stm32f405xx.o(.text) refers to system_stm32f4xx.o(i.SystemInit) for SystemInit
    startup_stm32f405xx.o(.text) refers to __main.o(!!!main) for __main
    startup_stm32f405xx.o(.text) refers to startup_stm32f405xx.o(HEAP) for Heap_Mem
    startup_stm32f405xx.o(.text) refers to startup_stm32f405xx.o(STACK) for Stack_Mem
    main.o(i.SystemClock_Config) refers to rt_memclr_w.o(.text) for __aeabi_memclr4
    main.o(i.SystemClock_Config) refers to stm32f4xx_hal_rcc.o(i.HAL_RCC_OscConfig) for HAL_RCC_OscConfig
    main.o(i.SystemClock_Config) refers to main.o(i.Error_Handler) for Error_Handler
    main.o(i.SystemClock_Config) refers to stm32f4xx_hal_rcc.o(i.HAL_RCC_ClockConfig) for HAL_RCC_ClockConfig
    main.o(i.main) refers to stm32f4xx_hal.o(i.HAL_Init) for HAL_Init
    main.o(i.main) refers to main.o(i.SystemClock_Config) for SystemClock_Config
    main.o(i.main) refers to gpio.o(i.MX_GPIO_Init) for MX_GPIO_Init
    main.o(i.main) refers to dma.o(i.MX_DMA_Init) for MX_DMA_Init
    main.o(i.main) refers to can.o(i.MX_CAN1_Init) for MX_CAN1_Init
    main.o(i.main) refers to usart.o(i.MX_USART1_UART_Init) for MX_USART1_UART_Init
    main.o(i.main) refers to tim.o(i.MX_TIM2_Init) for MX_TIM2_Init
    main.o(i.main) refers to can.o(i.MX_CAN2_Init) for MX_CAN2_Init
    main.o(i.main) refers to usart.o(i.MX_USART2_UART_Init) for MX_USART2_UART_Init
    main.o(i.main) refers to usart.o(i.MX_USART3_UART_Init) for MX_USART3_UART_Init
    main.o(i.main) refers to usart.o(i.MX_USART6_UART_Init) for MX_USART6_UART_Init
    main.o(i.main) refers to chassis_task.o(i.ALL_Init) for ALL_Init
    gpio.o(i.MX_GPIO_Init) refers to rt_memclr_w.o(.text) for __aeabi_memclr4
    gpio.o(i.MX_GPIO_Init) refers to stm32f4xx_hal_gpio.o(i.HAL_GPIO_WritePin) for HAL_GPIO_WritePin
[...]
    _init_user_alloc                          - Undefined Weak Reference
    _initio                                   - Undefined Weak Reference
    _rand_init                                - Undefined Weak Reference
    _signal_finish                            - Undefined Weak Reference
    _signal_init                              - Undefined Weak Reference
    _terminate_alloc                          - Undefined Weak Reference
    _terminate_user_alloc                     - Undefined Weak Reference
    _terminateio                              - Undefined Weak Reference
    __Vectors_Size                           0x00000188   Number         0  startup_stm32f405xx.o ABSOLUTE
    __Vectors                                0x08000000   Data           4  startup_stm32f405xx.o(RESET)
    __Vectors_End                            0x08000188   Data           0  startup_stm32f405xx.o(RESET)
    __main                                   0x08000189   Thumb Code     8  __main.o(!!!main)
    __scatterload                            0x08000191   Thumb Code     0  __scatter.o(!!!scatter)
    __scatterload_rt2                        0x08000191   Thumb Code    44  __scatter.o(!!!scatter)
    __scatterload_rt2_thumb_only             0x08000191   Thumb Code     0  __scatter.o(!!!scatter)
    __scatterload_null                       0x0800019f   Thumb Code     0  __scatter.o(!!!scatter)
    __scatterload_copy                       0x080001c5   Thumb Code    26  __scatter_copy.o(!!handler_copy)
    __scatterload_zeroinit                   0x080001e1   Thumb Code    28  __scatter_zi.o(!!handler_zi)
    __rt_lib_init                            0x080001fd   Thumb Code     0  libinit.o(.ARM.Collect$$libinit$$00000000)
    __rt_lib_init_fp_1                       0x080001ff   Thumb Code     0  libinit2.o(.ARM.Collect$$libinit$$00000001)
    __rt_lib_init_alloca_1                   0x08000203   Thumb Code     0  libinit2.o(.ARM.Collect$$libinit$$0000002E)
    __rt_lib_init_argv_1                     0x08000203   Thumb Code     0  libinit2.o(.ARM.Collect$$libinit$$0000002C)
    __rt_lib_init_atexit_1                   0x08000203   Thumb Code     0  libinit2.o(.ARM.Collect$$libinit$$0000001B)
    __rt_lib_init_clock_1                    0x08000203   Thumb Code     0  libinit2.o(.ARM.Collect$$libinit$$00000021)
    __rt_lib_init_cpp_1                      0x08000203   Thumb Code     0  libinit2.o(.ARM.Collect$$libinit$$00000032)
    __rt_lib_init_exceptions_1               0x08000203   Thumb Code     0  libinit2.o(.ARM.Collect$$libinit$$00000030)
    __rt_lib_init_fp_trap_1                  0x08000203   Thumb Code     0  libinit2.o(.ARM.Collect$$libinit$$0000001F)
    __rt_lib_init_getenv_1                   0x08000203   Thumb Code     0  libinit2.o(.ARM.Collect$$libinit$$00000023)
    __rt_lib_init_heap_1                     0x08000203   Thumb Code     0  libinit2.o(.ARM.Collect$$libinit$$0000000A)
    __rt_lib_init_lc_collate_1               0x08000203   Thumb Code     0  libinit2.o(.ARM.Collect$$libinit$$00000011)
    __rt_lib_init_lc_ctype_1                 0x08000203   Thumb Code     0  libinit2.o(.ARM.Collect$$libinit$$00000013)
    __rt_lib_init_lc_monetary_1              0x08000203   Thumb Code     0  libinit2.o(.ARM.Collect$$libinit$$00000015)
    __rt_lib_init_lc_numeric_1               0x08000203   Thumb Code     0  libinit2.o(.ARM.Collect$$libinit$$00000017)
    __rt_lib_init_lc_time_1                  0x08000203   Thumb Code     0  libinit2.o(.ARM.Collect$$libinit$$00000019)
    __rt_lib_init_preinit_1                  0x08000203   Thumb Code     0  libinit2.o(.ARM.Collect$$libinit$$00000004)
    __rt_lib_init_rand_1                     0x08000203   Thumb Code     0  libinit2.o(.ARM.Collect$$libinit$$0000000E)
    __rt_lib_init_return                     0x08000203   Thumb Code     0  libinit2.o(.ARM.Collect$$libinit$$00000033)
    __rt_lib_init_signal_1                   0x08000203   Thumb Code     0  libinit2.o(.ARM.Collect$$libinit$$0000001D)
    __rt_lib_init_stdio_1                    0x08000203   Thumb Code     0  libinit2.o(.ARM.Collect$$libinit$$00000025)
    __rt_lib_init_user_alloc_1               0x08000203   Thumb Code     0  libinit2.o(.ARM.Collect$$libinit$$0000000C)
    __rt_lib_shutdown                        0x08000205   Thumb Code     0  libshutdown.o(.ARM.Collect$$libshutdown$$00000000)
    __rt_lib_shutdown_cpp_1                  0x08000207   Thumb Code     0  libshutdown2.o(.ARM.Collect$$libshutdown$$00000004)
    __rt_lib_shutdown_fini_1                 0x08000207   Thumb Code     0  libshutdown2.o(.ARM.Collect$$libshutdown$$00000002)
    __rt_lib_shutdown_fp_trap_1              0x08000207   Thumb Code     0  libshutdown2.o(.ARM.Collect$$libshutdown$$00000009)
    __rt_lib_shutdown_heap_1                 0x08000207   Thumb Code     0  libshutdown2.o(.ARM.Collect$$libshutdown$$00000011)
    __rt_lib_shutdown_return                 0x08000207   Thumb Code     0  libshutdown2.o(.ARM.Collect$$libshutdown$$00000012)
    __rt_lib_shutdown_signal_1               0x08000207   Thumb Code     0  libshutdown2.o(.ARM.Collect$$libshutdown$$0000000C)
    __rt_lib_shutdown_stdio_1                0x08000207   Thumb Code     0  libshutdown2.o(.ARM.Collect$$libshutdown$$00000006)
    __rt_lib_shutdown_user_alloc_1           0x08000207   Thumb Code     0  libshutdown2.o(.ARM.Collect$$libshutdown$$0000000E)
    __rt_entry                               0x08000209   Thumb Code     0  __rtentry.o(.ARM.Collect$$rtentry$$00000000)
    __rt_entry_presh_1                       0x08000209   Thumb Code     0  __rtentry2.o(.ARM.Collect$$rtentry$$00000002)
    __rt_entry_sh                            0x08000209   Thumb Code     0  __rtentry4.o(.ARM.Collect$$rtentry$$00000004)
    __rt_entry_li                            0x0800020f   Thumb Code     0  __rtentry2.o(.ARM.Collect$$rtentry$$0000000A)
    __rt_entry_postsh_1                      0x0800020f   Thumb Code     0  __rtentry2.o(.ARM.Collect$$rtentry$$00000009)
    __rt_entry_main                          0x08000213   Thumb Code     0  __rtentry2.o(.ARM.Collect$$rtentry$$0000000D)
    __rt_entry_postli_1                      0x08000213   Thumb Code     0  __rtentry2.o(.ARM.Collect$$rtentry$$0000000C)
    __rt_exit                                0x0800021b   Thumb Code     0  rtexit.o(.ARM.Collect$$rtexit$$00000000)
    __rt_exit_ls                             0x0800021d   Thumb Code     0  rtexit2.o(.ARM.Collect$$rtexit$$00000003)
    __rt_exit_prels_1                        0x0800021d   Thumb Code     0  rtexit2.o(.ARM.Collect$$rtexit$$00000002)
    __rt_exit_exit                           0x08000221   Thumb Code     0  rtexit2.o(.ARM.Collect$$rtexit$$00000004)
    Reset_Handler                            0x08000229   Thumb Code     8  startup_stm32f405xx.o(.text)
    ADC_IRQHandler                           0x08000243   Thumb Code     0  startup_stm32f405xx.o(.text)
    CAN1_RX1_IRQHandler                      0x08000243   Thumb Code     0  startup_stm32f405xx.o(.text)
    CAN1_SCE_IRQHandler                      0x08000243   Thumb Code     0  startup_stm32f405xx.o(.text)
    CAN1_TX_IRQHandler                       0x08000243   Thumb Code     0  startup_stm32f405xx.o(.text)
    CAN2_RX1_IRQHandler                      0x08000243   Thumb Code     0  startup_stm32f405xx.o(.text)
    CAN2_SCE_IRQHandler                      0x08000243   Thumb Code     0  startup_stm32f405xx.o(.text)
    CAN2_TX_IRQHandler                       0x08000243   Thumb Code     0  startup_stm32f405xx.o(.text)
    DMA1_Stream0_IRQHandler                  0x08000243   Thumb Code     0  startup_stm32f405xx.o(.text)
    DMA1_Stream2_IRQHandler                  0x08000243   Thumb Code     0  startup_stm32f405xx.o(.text)
    DMA1_Stream4_IRQHandler                  0x08000243   Thumb Code     0  startup_stm32f405xx.o(.text)
    DMA1_Stream7_IRQHandler                  0x08000243   Thumb Code     0  startup_stm32f405xx.o(.text)
    DMA2_Stream0_IRQHandler                  0x08000243   Thumb Code     0  startup_stm32f405xx.o(.text)
    DMA2_Stream3_IRQHandler                  0x08000243   Thumb Code     0  startup_stm32f405xx.o(.text)
    DMA2_Stream4_IRQHandler                  0x08000243   Thumb Code     0  startup_stm32f405xx.o(.text)
    DMA2_Stream5_IRQHandler                  0x08000243   Thumb Code     0  startup_stm32f405xx.o(.text)
    DMA2_Stream7_IRQHandler                  0x08000243   Thumb Code     0  startup_stm32f405xx.o(.text)
    EXTI0_IRQHandler                         0x08000243   Thumb Code     0  startup_stm32f405xx.o(.text)
    EXTI15_10_IRQHandler                     0x08000243   Thumb Code     0  startup_stm32f405xx.o(.text)
    EXTI1_IRQHandler                         0x08000243   Thumb Code     0  startup_stm32f405xx.o(.text)
    EXTI2_IRQHandler                         0x08000243   Thumb Code     0  startup_stm32f405xx.o(.text)
    EXTI3_IRQHandler                         0x08000243   Thumb Code     0  startup_stm32f405xx.o(.text)
    EXTI4_IRQHandler                         0x08000243   Thumb Code     0  startup_stm32f405xx.o(.text)
    EXTI9_5_IRQHandler                       0x08000243   Thumb Code     0  startup_stm32f405xx.o(.text)
    FLASH_IRQHandler                         0x08000243   Thumb Code     0  startup_stm32f405xx.o(.text)
    FMC_IRQHandler                           0x08000243   Thumb Code     0  startup_stm32f405xx.o(.text)
    FPU_IRQHandler                           0x08000243   Thumb Code     0  startup_stm32f405xx.o(.text)
    HASH_RNG_IRQHandler                      0x08000243   Thumb Code     0  startup_stm32f405xx.o(.text)
    I2C1_ER_IRQHandler                       0x08000243   Thumb Code     0  startup_stm32f405xx.o(.text)
    I2C1_EV_IRQHandler                       0x08000243   Thumb Code     0  startup_stm32f405xx.o(.text)
    I2C2_ER_IRQHandler                       0x08000243   Thumb Code     0  startup_stm32f405xx.o(.text)
    I2C2_EV_IRQHandler                       0x08000243   Thumb Code     0  startup_stm32f405xx.o(.text)
    I2C3_ER_IRQHandler                       0x08000243   Thumb Code     0  startup_stm32f405xx.o(.text)
    I2C3_EV_IRQHandler                       0x08000243   Thumb Code     0  startup_stm32f405xx.o(.text)
    OTG_FS_IRQHandler                        0x08000243   Thumb Code     0  startup_stm32f405xx.o(.text)
    OTG_FS_WKUP_IRQHandler                   0x08000243   Thumb Code     0  startup_stm32f405xx.o(.text)
    OTG_HS_EP1_IN_IRQHandler                 0x08000243   Thumb Code     0  startup_stm32f405xx.o(.text)
    OTG_HS_EP1_OUT_IRQHandler                0x08000243   Thumb Code     0  startup_stm32f405xx.o(.text)
    OTG_HS_IRQHandler                        0x08000243   Thumb Code     0  startup_stm32f405xx.o(.text)
    OTG_HS_WKUP_IRQHandler                   0x08000243   Thumb Code     0  startup_stm32f405xx.o(.text)
    PVD_IRQHandler                           0x08000243   Thumb Code     0  startup_stm32f405xx.o(.text)
    RCC_IRQHandler                           0x08000243   Thumb Code     0  startup_stm32f405xx.o(.text)
    RTC_Alarm_IRQHandler                     0x08000243   Thumb Code     0  startup_stm32f405xx.o(.text)
    RTC_WKUP_IRQHandler                      0x08000243   Thumb Code     0  startup_stm32f405xx.o(.text)
    SDIO_IRQHandler                          0x08000243   Thumb Code     0  startup_stm32f405xx.o(.text)
    SPI1_IRQHandler                          0x08000243   Thumb Code     0  startup_stm32f405xx.o(.text)
    SPI2_IRQHandler                          0x08000243   Thumb Code     0  startup_stm32f405xx.o(.text)
    SPI3_IRQHandler                          0x08000243   Thumb Code     0  startup_stm32f405xx.o(.text)
    TAMP_STAMP_IRQHandler                    0x08000243   Thumb Code     0  startup_stm32f405xx.o(.text)
    TIM1_BRK_TIM9_IRQHandler                 0x08000243   Thumb Code     0  startup_stm32f405xx.o(.text)
    TIM1_CC_IRQHandler                       0x08000243   Thumb Code     0  startup_stm32f405xx.o(.text)
    TIM1_TRG_COM_TIM11_IRQHandler            0x08000243   Thumb Code     0  startup_stm32f405xx.o(.text)
    TIM1_UP_TIM10_IRQHandler                 0x08000243   Thumb Code     0  startup_stm32f405xx.o(.text)
    TIM3_IRQHandler                          0x08000243   Thumb Code     0  startup_stm32f405xx.o(.text)
    TIM4_IRQHandler                          0x08000243   Thumb Code     0  startup_stm32f405xx.o(.text)
    TIM5_IRQHandler                          0x08000243   Thumb Code     0  startup_stm32f405xx.o(.text)
    TIM6_DAC_IRQHandler                      0x08000243   Thumb Code     0  startup_stm32f405xx.o(.text)
    TIM7_IRQHandler                          0x08000243   Thumb Code     0  startup_stm32f405xx.o(.text)
    TIM8_BRK_TIM12_IRQHandler                0x08000243   Thumb Code     0  startup_stm32f405xx.o(.text)
    TIM8_CC_IRQHandler                       0x08000243   Thumb Code     0  startup_stm32f405xx.o(.text)
    TIM8_TRG_COM_TIM14_IRQHandler            0x08000243   Thumb Code     0  startup_stm32f405xx.o(.text)
    TIM8_UP_TIM13_IRQHandler                 0x08000243   Thumb Code     0  startup_stm32f405xx.o(.text)
    UART4_IRQHandler                         0x08000243   Thumb Code     0  startup_stm32f405xx.o(.text)
    UART5_IRQHandler                         0x08000243   Thumb Code     0  startup_stm32f405xx.o(.text)
    WWDG_IRQHandler                          0x08000243   Thumb Code     0  startup_stm32f405xx.o(.text)
    __user_initial_stackheap                 0x08000245   Thumb Code     0  startup_stm32f405xx.o(.text)
    __aeabi_uldivmod                         0x08000269   Thumb Code     0  lludivv7m.o(.text)
    _ll_udiv                                 0x08000269   Thumb Code   238  lludivv7m.o(.text)
    __aeabi_memcpy4                          0x08000357   Thumb Code     0  rt_memcpy_w.o(.text)
    __aeabi_memcpy8                          0x08000357   Thumb Code     0  rt_memcpy_w.o(.text)
    __rt_memcpy_w                            0x08000357   Thumb Code   100  rt_memcpy_w.o(.text)
    _memcpy_lastbytes_aligned                0x0800039f   Thumb Code     0  rt_memcpy_w.o(.text)
    __aeabi_memclr4                          0x080003bb   Thumb Code     0  rt_memclr_w.o(.text)
    __aeabi_memclr8                          0x080003bb   Thumb Code     0  rt_memclr_w.o(.text)
    __rt_memclr_w                            0x080003bb   Thumb Code    78  rt_memclr_w.o(.text)
    _memset_w                                0x080003bf   Thumb Code     0  rt_memclr_w.o(.text)
    __use_two_region_memory                  0x08000409   Thumb Code     2  heapauxi.o(.text)
    __rt_heap_escrow$2region                 0x0800040b   Thumb Code     2  heapauxi.o(.text)
    __rt_heap_expand$2region                 0x0800040d   Thumb Code     2  heapauxi.o(.text)
    __read_errno                             0x0800040f   Thumb Code    10  _rserrno.o(.text)
    __set_errno                              0x08000419   Thumb Code    12  _rserrno.o(.text)
    __aeabi_errno_addr                       0x08000425   Thumb Code     8  rt_errno_addr_intlibspace.o(.text)
    __errno$intlibspace                      0x08000425   Thumb Code     0  rt_errno_addr_intlibspace.o(.text)
    __rt_errno_addr$intlibspace              0x08000425   Thumb Code     0  rt_errno_addr_intlibspace.o(.text)
    __user_libspace                          0x0800042d   Thumb Code     8  libspace.o(.text)
    __user_perproc_libspace                  0x0800042d   Thumb Code     0  libspace.o(.text)
    __user_perthread_libspace                0x0800042d   Thumb Code     0  libspace.o(.text)
    __user_setup_stackheap                   0x08000435   Thumb Code    74  sys_stackheap_outer.o(.text)
    exit                                     0x0800047f   Thumb Code    18  exit.o(.text)
    _sys_exit                                0x08000491   Thumb Code     8  sys_exit.o(.text)
    __I$use$semihosting                      0x0800049d   Thumb Code     0  use_no_semi.o(.text)
    __use_no_semihosting_swi                 0x0800049d   Thumb Code     2  use_no_semi.o(.text)
    __semihosting_library_function           0x0800049f   Thumb Code     0  indicate_semi.o(.text)
    ALL_Init                                 0x080004a1   Thumb Code   114  chassis_task.o(i.ALL_Init)
    Absolute_Angle                           0x08000561   Thumb Code   124  imu_analyse.o(i.Absolute_Angle)
    Auto_Catch_Task                          0x080005f1   Thumb Code   654  chassis_behavior.o(i.Auto_Catch_Task)
    Auto_Put_Task                            0x080008bd   Thumb Code   240  chassis_behavior.o(i.Auto_Put_Task)
    Base_Reset                               0x080009dd   Thumb Code   192  chassis_behavior.o(i.Base_Reset)
    BusFault_Handler                         0x08000ad9   Thumb Code     4  stm32f4xx_it.o(i.BusFault_Handler)
    CAN1_RX0_IRQHandler                      0x08000add   Thumb Code    10  stm32f4xx_it.o(i.CAN1_RX0_IRQHandler)
    CAN2_RX0_IRQHandler                      0x08000aed   Thumb Code    10  stm32f4xx_it.o(i.CAN2_RX0_IRQHandler)
    ChassisMove_Control                      0x08000afd   Thumb Code   324  chassis_task.o(i.ChassisMove_Control)
    ChassisMove_back                         0x08000c75   Thumb Code    98  chassis_task.o(i.ChassisMove_back)
    ChassisMove_lock                         0x08000cf1   Thumb Code    98  chassis_task.o(i.ChassisMove_lock)
    Chassis_Move                             0x08000d65   Thumb Code   394  chassis_task.o(i.Chassis_Move)
    DMA1_Stream1_IRQHandler                  0x08000f45   Thumb Code    10  stm32f4xx_it.o(i.DMA1_Stream1_IRQHandler)
    DMA1_Stream3_IRQHandler                  0x08000f55   Thumb Code    10  stm32f4xx_it.o(i.DMA1_Stream3_IRQHandler)
    DMA1_Stream5_IRQHandler                  0x08000f65   Thumb Code    10  stm32f4xx_it.o(i.DMA1_Stream5_IRQHandler)
    DMA1_Stream6_IRQHandler                  0x08000f75   Thumb Code    10  stm32f4xx_it.o(i.DMA1_Stream6_IRQHandler)
    DMA2_Stream1_IRQHandler                  0x08000f85   Thumb Code    10  stm32f4xx_it.o(i.DMA2_Stream1_IRQHandler)
    DMA2_Stream2_IRQHandler                  0x08000f95   Thumb Code    10  stm32f4xx_it.o(i.DMA2_Stream2_IRQHandler)
    DMA2_Stream6_IRQHandler                  0x08000fa5   Thumb Code    10  stm32f4xx_it.o(i.DMA2_Stream6_IRQHandler)
    DebugMon_Handler                         0x080010b3   Thumb Code     2  stm32f4xx_it.o(i.DebugMon_Handler)
    Error_Handler                            0x080010b5   Thumb Code     6  main.o(i.Error_Handler)
    FourSteering_MoveIK                      0x080010bd   Thumb Code  3754  chassis_behavior.o(i.FourSteering_MoveIK)
    HAL_CAN_ActivateNotification             0x08001f81   Thumb Code    42  stm32f4xx_hal_can.o(i.HAL_CAN_ActivateNotification)
    HAL_CAN_AddTxMessage                     0x08001fab   Thumb Code   342  stm32f4xx_hal_can.o(i.HAL_CAN_AddTxMessage)
    HAL_CAN_ConfigFilter                     0x08002101   Thumb Code   286  stm32f4xx_hal_can.o(i.HAL_CAN_ConfigFilter)
    HAL_CAN_DeactivateNotification           0x08002225   Thumb Code    42  stm32f4xx_hal_can.o(i.HAL_CAN_DeactivateNotification)
    HAL_CAN_ErrorCallback                    0x0800224f   Thumb Code     2  stm32f4xx_hal_can.o(i.HAL_CAN_ErrorCallback)
    HAL_CAN_GetRxMessage                     0x08002251   Thumb Code   378  stm32f4xx_hal_can.o(i.HAL_CAN_GetRxMessage)
    HAL_CAN_GetTxMailboxesFreeLevel          0x080023cb   Thumb Code    54  stm32f4xx_hal_can.o(i.HAL_CAN_GetTxMailboxesFreeLevel)
    HAL_CAN_IRQHandler                       0x08002401   Thumb Code   590  stm32f4xx_hal_can.o(i.HAL_CAN_IRQHandler)
    HAL_CAN_Init                             0x08002651   Thumb Code   434  stm32f4xx_hal_can.o(i.HAL_CAN_Init)
    HAL_CAN_MspInit                          0x0800283d   Thumb Code   330  can.o(i.HAL_CAN_MspInit)
    HAL_CAN_RegisterCallback                 0x080029a1   Thumb Code   178  stm32f4xx_hal_can.o(i.HAL_CAN_RegisterCallback)
    HAL_CAN_RxFifo0FullCallback              0x08002a53   Thumb Code     2  stm32f4xx_hal_can.o(i.HAL_CAN_RxFifo0FullCallback)
    HAL_CAN_RxFifo0MsgPendingCallback        0x08002a55   Thumb Code     2  stm32f4xx_hal_can.o(i.HAL_CAN_RxFifo0MsgPendingCallback)
    HAL_CAN_RxFifo1FullCallback              0x08002a57   Thumb Code     2  stm32f4xx_hal_can.o(i.HAL_CAN_RxFifo1FullCallback)
    HAL_CAN_RxFifo1MsgPendingCallback        0x08002a59   Thumb Code     2  stm32f4xx_hal_can.o(i.HAL_CAN_RxFifo1MsgPendingCallback)
    HAL_CAN_SleepCallback                    0x08002a5b   Thumb Code     2  stm32f4xx_hal_can.o(i.HAL_CAN_SleepCallback)
    HAL_CAN_Start                            0x08002a5d   Thumb Code    94  stm32f4xx_hal_can.o(i.HAL_CAN_Start)
    HAL_CAN_TxMailbox0AbortCallback          0x08002abb   Thumb Code     2  stm32f4xx_hal_can.o(i.HAL_CAN_TxMailbox0AbortCallback)
    HAL_CAN_TxMailbox0CompleteCallback       0x08002abd   Thumb Code     2  stm32f4xx_hal_can.o(i.HAL_CAN_TxMailbox0CompleteCallback)
    HAL_CAN_TxMailbox1AbortCallback          0x08002abf   Thumb Code     2  stm32f4xx_hal_can.o(i.HAL_CAN_TxMailbox1AbortCallback)
    HAL_CAN_TxMailbox1CompleteCallback       0x08002ac1   Thumb Code     2  stm32f4xx_hal_can.o(i.HAL_CAN_TxMailbox1CompleteCallback)
    HAL_CAN_TxMailbox2AbortCallback          0x08002ac3   Thumb Code     2  stm32f4xx_hal_can.o(i.HAL_CAN_TxMailbox2AbortCallback)
    HAL_CAN_TxMailbox2CompleteCallback       0x08002ac5   Thumb Code     2  stm32f4xx_hal_can.o(i.HAL_CAN_TxMailbox2CompleteCallback)
    HAL_CAN_WakeUpFromRxMsgCallback          0x08002ac7   Thumb Code     2  stm32f4xx_hal_can.o(i.HAL_CAN_WakeUpFromRxMsgCallback)
    HAL_DMAEx_MultiBufferStart               0x08002ac9   Thumb Code   124  stm32f4xx_hal_dma_ex.o(i.HAL_DMAEx_MultiBufferStart)
    HAL_DMA_Abort                            0x08002b45   Thumb Code   172  stm32f4xx_hal_dma.o(i.HAL_DMA_Abort)
    HAL_DMA_Abort_IT                         0x08002bf1   Thumb Code    40  stm32f4xx_hal_dma.o(i.HAL_DMA_Abort_IT)
    HAL_DMA_IRQHandler                       0x08002c19   Thumb Code   570  stm32f4xx_hal_dma.o(i.HAL_DMA_IRQHandler)
    HAL_DMA_Init                             0x08002e59   Thumb Code   232  stm32f4xx_hal_dma.o(i.HAL_DMA_Init)
    HAL_Delay                                0x08002f45   Thumb Code    36  stm32f4xx_hal.o(i.HAL_Delay)
    HAL_GPIO_Init                            0x08002f6d   Thumb Code   452  stm32f4xx_hal_gpio.o(i.HAL_GPIO_Init)
    HAL_GPIO_WritePin                        0x0800315d   Thumb Code    12  stm32f4xx_hal_gpio.o(i.HAL_GPIO_WritePin)
    HAL_GetTick                              0x08003169   Thumb Code     6  stm32f4xx_hal.o(i.HAL_GetTick)
    HAL_IncTick                              0x08003175   Thumb Code    16  stm32f4xx_hal.o(i.HAL_IncTick)
    HAL_Init                                 0x0800318d   Thumb Code    54  stm32f4xx_hal.o(i.HAL_Init)
    HAL_InitTick                             0x080031c9   Thumb Code    64  stm32f4xx_hal.o(i.HAL_InitTick)
    HAL_MspInit                              0x08003215   Thumb Code    68  stm32f4xx_hal_msp.o(i.HAL_MspInit)
    HAL_NVIC_EnableIRQ                       0x0800325d   Thumb Code    32  stm32f4xx_hal_cortex.o(i.HAL_NVIC_EnableIRQ)
    HAL_NVIC_SetPriority                     0x0800327d   Thumb Code   124  stm32f4xx_hal_cortex.o(i.HAL_NVIC_SetPriority)
    HAL_NVIC_SetPriorityGrouping             0x080032f9   Thumb Code    32  stm32f4xx_hal_cortex.o(i.HAL_NVIC_SetPriorityGrouping)
    HAL_RCC_ClockConfig                      0x08003321   Thumb Code   368  stm32f4xx_hal_rcc.o(i.HAL_RCC_ClockConfig)
    HAL_RCC_GetHCLKFreq                      0x080034a5   Thumb Code     6  stm32f4xx_hal_rcc.o(i.HAL_RCC_GetHCLKFreq)
    HAL_RCC_GetPCLK1Freq                     0x080034b1   Thumb Code    22  stm32f4xx_hal_rcc.o(i.HAL_RCC_GetPCLK1Freq)
    HAL_RCC_GetPCLK2Freq                     0x080034d1   Thumb Code    22  stm32f4xx_hal_rcc.o(i.HAL_RCC_GetPCLK2Freq)
    HAL_RCC_GetSysClockFreq                  0x080034f1   Thumb Code   162  stm32f4xx_hal_rcc.o(i.HAL_RCC_GetSysClockFreq)
    HAL_RCC_OscConfig                        0x080035a1   Thumb Code  1172  stm32f4xx_hal_rcc.o(i.HAL_RCC_OscConfig)
    HAL_SYSTICK_Config                       0x08003a3d   Thumb Code    52  stm32f4xx_hal_cortex.o(i.HAL_SYSTICK_Config)
    HAL_TIMEx_BreakCallback                  0x08003a71   Thumb Code     2  stm32f4xx_hal_tim_ex.o(i.HAL_TIMEx_BreakCallback)
    HAL_TIMEx_CommutCallback                 0x08003a73   Thumb Code     2  stm32f4xx_hal_tim_ex.o(i.HAL_TIMEx_CommutCallback)
    HAL_TIMEx_CommutHalfCpltCallback         0x08003a75   Thumb Code     2  stm32f4xx_hal_tim_ex.o(i.HAL_TIMEx_CommutHalfCpltCallback)
    HAL_TIMEx_MasterConfigSynchronization    0x08003a79   Thumb Code   150  stm32f4xx_hal_tim_ex.o(i.HAL_TIMEx_MasterConfigSynchronization)
    HAL_TIM_Base_Init                        0x08003b2d   Thumb Code   116  stm32f4xx_hal_tim.o(i.HAL_TIM_Base_Init)
    HAL_TIM_Base_MspInit                     0x08003ba5   Thumb Code    62  tim.o(i.HAL_TIM_Base_MspInit)
    HAL_TIM_Base_Start_IT                    0x08003be9   Thumb Code   138  stm32f4xx_hal_tim.o(i.HAL_TIM_Base_Start_IT)
    HAL_TIM_ConfigClockSource                0x08003c91   Thumb Code   268  stm32f4xx_hal_tim.o(i.HAL_TIM_ConfigClockSource)
    HAL_TIM_ErrorCallback                    0x08003d9d   Thumb Code     2  stm32f4xx_hal_tim.o(i.HAL_TIM_ErrorCallback)
    HAL_TIM_IC_CaptureCallback               0x08003d9f   Thumb Code     2  stm32f4xx_hal_tim.o(i.HAL_TIM_IC_CaptureCallback)
    HAL_TIM_IC_CaptureHalfCpltCallback       0x08003da1   Thumb Code     2  stm32f4xx_hal_tim.o(i.HAL_TIM_IC_CaptureHalfCpltCallback)
    HAL_TIM_IRQHandler                       0x08003da3   Thumb Code   438  stm32f4xx_hal_tim.o(i.HAL_TIM_IRQHandler)
    HAL_TIM_OC_DelayElapsedCallback          0x08003f59   Thumb Code     2  stm32f4xx_hal_tim.o(i.HAL_TIM_OC_DelayElapsedCallback)
    HAL_TIM_PWM_PulseFinishedCallback        0x08003f5b   Thumb Code     2  stm32f4xx_hal_tim.o(i.HAL_TIM_PWM_PulseFinishedCallback)
    HAL_TIM_PWM_PulseFinishedHalfCpltCallback 0x08003f5d   Thumb Code     2  stm32f4xx_hal_tim.o(i.HAL_TIM_PWM_PulseFinishedHalfCpltCallback)
    HAL_TIM_PeriodElapsedCallback            0x08003f5f   Thumb Code     2  stm32f4xx_hal_tim.o(i.HAL_TIM_PeriodElapsedCallback)
    HAL_TIM_PeriodElapsedHalfCpltCallback    0x08003f61   Thumb Code     2  stm32f4xx_hal_tim.o(i.HAL_TIM_PeriodElapsedHalfCpltCallback)
    HAL_TIM_RegisterCallback                 0x08003f63   Thumb Code   324  stm32f4xx_hal_tim.o(i.HAL_TIM_RegisterCallback)
    HAL_TIM_TriggerCallback                  0x080040a7   Thumb Code     2  stm32f4xx_hal_tim.o(i.HAL_TIM_TriggerCallback)
    HAL_TIM_TriggerHalfCpltCallback          0x080040a9   Thumb Code     2  stm32f4xx_hal_tim.o(i.HAL_TIM_TriggerHalfCpltCallback)
    HAL_UARTEx_RxEventCallback               0x080040ab   Thumb Code     2  stm32f4xx_hal_uart.o(i.HAL_UARTEx_RxEventCallback)
    HAL_UART_AbortCpltCallback               0x080040ad   Thumb Code     2  stm32f4xx_hal_uart.o(i.HAL_UART_AbortCpltCallback)
    HAL_UART_AbortReceiveCpltCallback        0x080040af   Thumb Code     2  stm32f4xx_hal_uart.o(i.HAL_UART_AbortReceiveCpltCallback)
    HAL_UART_AbortTransmitCpltCallback       0x080040b1   Thumb Code     2  stm32f4xx_hal_uart.o(i.HAL_UART_AbortTransmitCpltCallback)
    HAL_UART_ErrorCallback                   0x080040b3   Thumb Code     2  stm32f4xx_hal_uart.o(i.HAL_UART_ErrorCallback)
    HAL_UART_IRQHandler                      0x080040b5   Thumb Code   732  stm32f4xx_hal_uart.o(i.HAL_UART_IRQHandler)
    HAL_UART_Init                            0x08004395   Thumb Code   128  stm32f4xx_hal_uart.o(i.HAL_UART_Init)
    HAL_UART_MspInit                         0x08004419   Thumb Code   982  usart.o(i.HAL_UART_MspInit)
    HAL_UART_RegisterRxEventCallback         0x08004831   Thumb Code    76  stm32f4xx_hal_uart.o(i.HAL_UART_RegisterRxEventCallback)
    HAL_UART_RxCpltCallback                  0x0800487d   Thumb Code     2  stm32f4xx_hal_uart.o(i.HAL_UART_RxCpltCallback)
    HAL_UART_RxHalfCpltCallback              0x0800487f   Thumb Code     2  stm32f4xx_hal_uart.o(i.HAL_UART_RxHalfCpltCallback)
    HAL_UART_TxCpltCallback                  0x08004881   Thumb Code     2  stm32f4xx_hal_uart.o(i.HAL_UART_TxCpltCallback)
    HAL_UART_TxHalfCpltCallback              0x08004883   Thumb Code     2  stm32f4xx_hal_uart.o(i.HAL_UART_TxHalfCpltCallback)
    HardFault_Handler                        0x08004885   Thumb Code     4  stm32f4xx_it.o(i.HardFault_Handler)
    IFR_CAN_Init                             0x08004905   Thumb Code   222  ifr_can.o(i.IFR_CAN_Init)
    IFR_CAN_Recevice_Callback                0x080049f9   Thumb Code   182  ifr_can.o(i.IFR_CAN_Recevice_Callback)
    IFR_CAN_Transmit                         0x08004abd   Thumb Code   256  ifr_can.o(i.IFR_CAN_Transmit)
    IFR_CAN_Transmit_Callback                0x08004bc9   Thumb Code   208  ifr_can.o(i.IFR_CAN_Transmit_Callback)
    IFR_DJI_Motor_Analysis                   0x08004ca5   Thumb Code   220  ifr_dji_motor.o(i.IFR_DJI_Motor_Analysis)
    IFR_DJI_Motor_Init                       0x08004d85   Thumb Code    28  ifr_dji_motor.o(i.IFR_DJI_Motor_Init)
    IFR_DJI_Motor_Transmit                   0x08004da5   Thumb Code   336  ifr_dji_motor.o(i.IFR_DJI_Motor_Transmit)
    IFR_DJI_Remote_Analysis                  0x08004f01   Thumb Code   182  ifr_dji_remote.o(i.IFR_DJI_Remote_Analysis)
    IFR_Incremental_PID                      0x08004fbd   Thumb Code   286  ifr_pid.o(i.IFR_Incremental_PID)
    IFR_PID_Param_Init                       0x080051c1   Thumb Code    30  ifr_pid.o(i.IFR_PID_Param_Init)
    IFR_Positional_PID                       0x080051e1   Thumb Code   364  ifr_pid.o(i.IFR_Positional_PID)
    IFR_TIM_Init                             0x08005351   Thumb Code   202  ifr_tim.o(i.IFR_TIM_Init)
    IFR_TIM_Overflow_Callback                0x08005459   Thumb Code   194  ifr_tim.o(i.IFR_TIM_Overflow_Callback)
    IFR_UART_Double_Buffer_Recevice_Callback 0x08005555   Thumb Code   266  ifr_usart.o(i.IFR_UART_Double_Buffer_Recevice_Callback)
    IFR_UART_Init                            0x0800567d   Thumb Code   204  ifr_usart.o(i.IFR_UART_Init)
    IMU_Analysis                             0x08005769   Thumb Code   236  imu_analyse.o(i.IMU_Analysis)
    Judge_state                              0x0800585d   Thumb Code    92  chassis_behavior.o(i.Judge_state)
    MX_CAN1_Init                             0x080058c5   Thumb Code    56  can.o(i.MX_CAN1_Init)
    MX_CAN2_Init                             0x08005905   Thumb Code    56  can.o(i.MX_CAN2_Init)
    MX_DMA_Init                              0x08005945   Thumb Code   178  dma.o(i.MX_DMA_Init)
    MX_GPIO_Init                             0x080059fd   Thumb Code   206  gpio.o(i.MX_GPIO_Init)
    MX_TIM2_Init                             0x08005ad9   Thumb Code   102  tim.o(i.MX_TIM2_Init)
    MX_USART1_UART_Init                      0x08005b45   Thumb Code    52  usart.o(i.MX_USART1_UART_Init)
    MX_USART2_UART_Init                      0x08005b85   Thumb Code    46  usart.o(i.MX_USART2_UART_Init)
    MX_USART3_UART_Init                      0x08005bbd   Thumb Code    46  usart.o(i.MX_USART3_UART_Init)
    MX_USART6_UART_Init                      0x08005bf5   Thumb Code    46  usart.o(i.MX_USART6_UART_Init)
    Manual_Catch_Put                         0x08005c2d   Thumb Code   874  chassis_behavior.o(i.Manual_Catch_Put)
    MemManage_Handler                        0x08005fd5   Thumb Code     4  stm32f4xx_it.o(i.MemManage_Handler)
    MotorTarget_Set                          0x08005fd9   Thumb Code  1524  chassis_behavior.o(i.MotorTarget_Set)
    Motor_ALL_Init                           0x08006625   Thumb Code   856  chassis_task.o(i.Motor_ALL_Init)
    Motor_Drive                              0x080069d1   Thumb Code   854  chassis_behavior.o(i.Motor_Drive)
    Motor_Mix                                0x08006d51   Thumb Code    66  chassis_behavior.o(i.Motor_Mix)
    NMI_Handler                              0x08006d9d   Thumb Code     4  stm32f4xx_it.o(i.NMI_Handler)
    PendSV_Handler                           0x08006da1   Thumb Code     2  stm32f4xx_it.o(i.PendSV_Handler)
    Rad_Turn_MotorAngle                      0x08006da5   Thumb Code    48  chassis_behavior.o(i.Rad_Turn_MotorAngle)
    SVC_Handler                              0x08006de9   Thumb Code     2  stm32f4xx_it.o(i.SVC_Handler)
    State_Machine                            0x08006e99   Thumb Code    12  ifr_state.o(i.State_Machine)
    SysTick_Handler                          0x08007025   Thumb Code     8  stm32f4xx_it.o(i.SysTick_Handler)
    SystemClock_Config                       0x0800702d   Thumb Code   170  main.o(i.SystemClock_Config)
    SystemInit                               0x080070e1   Thumb Code    14  system_stm32f4xx.o(i.SystemInit)
    TIM2_IRQHandler                          0x080070f5   Thumb Code    10  stm32f4xx_it.o(i.TIM2_IRQHandler)
    TIM_Base_SetConfig                       0x08007105   Thumb Code   170  stm32f4xx_hal_tim.o(i.TIM_Base_SetConfig)
    TIM_ETR_SetConfig                        0x080071dd   Thumb Code    22  stm32f4xx_hal_tim.o(i.TIM_ETR_SetConfig)
    TIM_ResetCallback                        0x08007205   Thumb Code    58  stm32f4xx_hal_tim.o(i.TIM_ResetCallback)
    Task_Flag_Reset                          0x080072c5   Thumb Code    36  chassis_behavior.o(i.Task_Flag_Reset)
    UART_InitCallbacksToDefault              0x080073a9   Thumb Code    38  stm32f4xx_hal_uart.o(i.UART_InitCallbacksToDefault)
    USART1_IRQHandler                        0x08007779   Thumb Code    10  stm32f4xx_it.o(i.USART1_IRQHandler)
    USART2_IRQHandler                        0x08007789   Thumb Code    10  stm32f4xx_it.o(i.USART2_IRQHandler)
    USART3_IRQHandler                        0x08007799   Thumb Code    10  stm32f4xx_it.o(i.USART3_IRQHandler)
    USART6_IRQHandler                        0x080077a9   Thumb Code    10  stm32f4xx_it.o(i.USART6_IRQHandler)
    UsageFault_Handler                       0x080077b9   Thumb Code     4  stm32f4xx_it.o(i.UsageFault_Handler)
    Vel_Convert                              0x080077bd   Thumb Code    58  chassis_behavior.o(i.Vel_Convert)
    __ARM_fpclassify                         0x08007805   Thumb Code    48  fpclassify.o(i.__ARM_fpclassify)
    __hardfp_atan                            0x08007871   Thumb Code   622  atan.o(i.__hardfp_atan)
    __hardfp_atan2                           0x08007b49   Thumb Code   448  atan2.o(i.__hardfp_atan2)
    __hardfp_cos                             0x08007d49   Thumb Code   180  cos.o(i.__hardfp_cos)
    __hardfp_sin                             0x08007e11   Thumb Code   180  sin.o(i.__hardfp_sin)
    __hardfp_sqrt                            0x08007ed9   Thumb Code   122  sqrt.o(i.__hardfp_sqrt)
    __ieee754_rem_pio2                       0x08007f59   Thumb Code   938  rred.o(i.__ieee754_rem_pio2)
    __kernel_cos                             0x08008391   Thumb Code   322  cos_i.o(i.__kernel_cos)
    __kernel_poly                            0x08008501   Thumb Code   248  poly.o(i.__kernel_poly)
    __kernel_sin                             0x080085f9   Thumb Code   280  sin_i.o(i.__kernel_sin)
    __mathlib_dbl_infnan                     0x08008729   Thumb Code    20  dunder.o(i.__mathlib_dbl_infnan)
    __mathlib_dbl_infnan2                    0x0800873d   Thumb Code    20  dunder.o(i.__mathlib_dbl_infnan2)
    __mathlib_dbl_invalid                    0x08008751   Thumb Code    24  dunder.o(i.__mathlib_dbl_invalid)
    __mathlib_dbl_underflow                  0x08008771   Thumb Code    24  dunder.o(i.__mathlib_dbl_underflow)
    analysis1                                0x08008791   Thumb Code    66  chassis_task.o(i.analysis1)
    analysis2                                0x080087dd   Thumb Code    32  chassis_task.o(i.analysis2)
    atan                                     0x08008801   Thumb Code    16  atan.o(i.atan)
    fabs                                     0x08008811   Thumb Code    24  fabs.o(i.fabs)
    main                                     0x08008829   Thumb Code    52  main.o(i.main)
    __aeabi_dneg                             0x0800885d   Thumb Code     0  basic.o(x$fpl$basic)
    _dneg                                    0x0800885d   Thumb Code     6  basic.o(x$fpl$basic)
    __aeabi_fneg                             0x08008863   Thumb Code     0  basic.o(x$fpl$basic)
    _fneg                                    0x08008863   Thumb Code     6  basic.o(x$fpl$basic)
    _dabs                                    0x08008869   Thumb Code     6  basic.o(x$fpl$basic)
    _fabs                                    0x0800886f   Thumb Code     6  basic.o(x$fpl$basic)
    __aeabi_d2f                              0x08008875   Thumb Code     0  d2f.o(x$fpl$d2f)
    _d2f                                     0x08008875   Thumb Code    98  d2f.o(x$fpl$d2f)
    __aeabi_dadd                             0x080088d9   Thumb Code     0  daddsub_clz.o(x$fpl$dadd)
    _dadd                                    0x080088d9   Thumb Code   332  daddsub_clz.o(x$fpl$dadd)
    __fpl_dcmp_Inf                           0x08008a29   Thumb Code    24  dcmpi.o(x$fpl$dcmpinf)
    __aeabi_ddiv                             0x08008a41   Thumb Code     0  ddiv.o(x$fpl$ddiv)
    _ddiv                                    0x08008a41   Thumb Code   552  ddiv.o(x$fpl$ddiv)
    __aeabi_cdcmpeq                          0x08008cf1   Thumb Code     0  deqf.o(x$fpl$deqf)
    _dcmpeq                                  0x08008cf1   Thumb Code   120  deqf.o(x$fpl$deqf)
    __aeabi_d2iz                             0x08008d69   Thumb Code     0  dfix.o(x$fpl$dfix)
    _dfix                                    0x08008d69   Thumb Code    94  dfix.o(x$fpl$dfix)
    __aeabi_i2d                              0x08008dc7   Thumb Code     0  dflt_clz.o(x$fpl$dflt)
    _dflt                                    0x08008dc7   Thumb Code    46  dflt_clz.o(x$fpl$dflt)
    __aeabi_ui2d                             0x08008df5   Thumb Code     0  dflt_clz.o(x$fpl$dfltu)
    _dfltu                                   0x08008df5   Thumb Code    38  dflt_clz.o(x$fpl$dfltu)
    __aeabi_cdcmple                          0x08008e1d   Thumb Code     0  dleqf.o(x$fpl$dleqf)
    _dcmple                                  0x08008e1d   Thumb Code   120  dleqf.o(x$fpl$dleqf)
    __fpl_dcmple_InfNaN                      0x08008e7f   Thumb Code     0  dleqf.o(x$fpl$dleqf)
    __aeabi_dmul                             0x08008e95   Thumb Code     0  dmul.o(x$fpl$dmul)
    _dmul                                    0x08008e95   Thumb Code   332  dmul.o(x$fpl$dmul)
    __fpl_dnaninf                            0x08008fe9   Thumb Code   156  dnaninf.o(x$fpl$dnaninf)
    __fpl_dretinf                            0x08009085   Thumb Code    12  dretinf.o(x$fpl$dretinf)
    __aeabi_cdrcmple                         0x08009091   Thumb Code     0  drleqf.o(x$fpl$drleqf)
    _drcmple                                 0x08009091   Thumb Code   108  drleqf.o(x$fpl$drleqf)
    __aeabi_drsub                            0x080090fd   Thumb Code     0  daddsub_clz.o(x$fpl$drsb)
    _drsb                                    0x080090fd   Thumb Code    22  daddsub_clz.o(x$fpl$drsb)
    _dsqrt                                   0x08009115   Thumb Code   404  dsqrt_umaal.o(x$fpl$dsqrt)
    __aeabi_dsub                             0x080092ad   Thumb Code     0  daddsub_clz.o(x$fpl$dsub)
    _dsub                                    0x080092ad   Thumb Code   464  daddsub_clz.o(x$fpl$dsub)
    __aeabi_f2d                              0x08009481   Thumb Code     0  f2d.o(x$fpl$f2d)
    _f2d                                     0x08009481   Thumb Code    86  f2d.o(x$fpl$f2d)
    __fpl_fnaninf                            0x080094d7   Thumb Code   140  fnaninf.o(x$fpl$fnaninf)
    _fp_init                                 0x08009563   Thumb Code    10  fpinit.o(x$fpl$fpinit)
    __fplib_config_fpu_vfp                   0x0800956b   Thumb Code     0  fpinit.o(x$fpl$fpinit)
    __fplib_config_pureend_doubles           0x0800956b   Thumb Code     0  fpinit.o(x$fpl$fpinit)
    __fpl_fretinf                            0x0800956d   Thumb Code    10  fretinf.o(x$fpl$fretinf)
    AHBPrescTable                            0x08009576   Data          16  system_stm32f4xx.o(.constdata)
    __I$use$fp                               0x08009576   Number         0  usenofp.o(x$fpl$usenofp)
    APBPrescTable                            0x08009586   Data           8  system_stm32f4xx.o(.constdata)
    __mathlib_zero                           0x08009660   Data           8  qnan.o(.constdata)
    Region$$Table$$Base                      0x08009758   Number         0  anon$$obj.o(Region$$Table)
    Region$$Table$$Limit                     0x08009778   Number         0  anon$$obj.o(Region$$Table)
    SystemCoreClock                          0x20000004   Data           4  system_stm32f4xx.o(.data)
    yaw_tar                                  0x20000008   Data           8  chassis_task.o(.data)
    output_w                                 0x20000010   Data           4  chassis_task.o(.data)
    distance_fix                             0x20000014   Data           4  chassis_task.o(.data)
    speed_now1_1                             0x20000018   Data           4  chassis_task.o(.data)
    speed_tar1_1                             0x2000001c   Data           4  chassis_task.o(.data)
    distance1                                0x20000020   Data           4  chassis_task.o(.data)
    distance2                                0x20000024   Data           4  chassis_task.o(.data)
    qwe                                      0x20000028   Data           8  chassis_task.o(.data)
    DJI_Remote                               0x20000030   Data          22  ifr_dji_remote.o(.data)
    State                                    0x2000004c   Data           1  ifr_state.o(.data)
    Carry_step                               0x20000050   Data           4  ifr_state.o(.data)
    Remote_flag                              0x20000054   Data           4  ifr_state.o(.data)
    asd                                      0x20000058   Data           4  ifr_state.o(.data)
    Auto_Put_flag_2                          0x2000005c   Data           1  ifr_state.o(.data)
    Auto_Put_flag_1                          0x2000005d   Data           1  ifr_state.o(.data)
    Auto_Catch_flag                          0x2000005e   Data           1  ifr_state.o(.data)
    IMU_error_Yaw                            0x20000060   Data           1  imu_analyse.o(.data)
    Angle_add                                0x20000064   Data           4  imu_analyse.o(.data)
    situation                                0x20000070   Data           1  chassis_behavior.o(.data)
    target_num                               0x20000071   Data           1  chassis_behavior.o(.data)
    Auto_Put_1                               0x20000072   Data           1  chassis_behavior.o(.data)
    Auto_Put_2                               0x20000073   Data           1  chassis_behavior.o(.data)
    Auto_Catch_Finish                        0x20000074   Data           1  chassis_behavior.o(.data)
    Auto_Catch                               0x20000075   Data           1  chassis_behavior.o(.data)
    Manual_Agle                              0x20000078   Data           4  chassis_behavior.o(.data)
    wait_delay_catch                         0x2000007c   Data           4  chassis_behavior.o(.data)
    wait_delay_put                           0x20000080   Data           4  chassis_behavior.o(.data)
    subtraction_target_num                   0x20000084   Data           4  chassis_behavior.o(.data)
    Air_Rump_State                           0x20000088   Data           1  chassis_behavior.o(.data)
    Cylinder_State                           0x20000089   Data           1  chassis_behavior.o(.data)
    Flag_bit_1                               0x2000008a   Data           1  chassis_behavior.o(.data)
    Flag_bit_2                               0x2000008b   Data           1  chassis_behavior.o(.data)
    left_switch_state_1                      0x2000008c   Data           1  chassis_behavior.o(.data)
    Claw_level                               0x20000090   Data           4  chassis_behavior.o(.data)
    Claw_level_set                           0x20000094   Data           4  chassis_behavior.o(.data)
    Lift_level                               0x20000098   Data           4  chassis_behavior.o(.data)
    Lift_level_set                           0x2000009c   Data           4  chassis_behavior.o(.data)
    Lift_level_reset                         0x200000a0   Data           4  chassis_behavior.o(.data)
    Rotate_pos                               0x200000a4   Data           4  chassis_behavior.o(.data)
    num                                      0x200000a8   Data           4  chassis_behavior.o(.data)
    V_car                                    0x200000b0   Data           8  chassis_behavior.o(.data)
    angle_car                                0x200000b8   Data           8  chassis_behavior.o(.data)
    R_car                                    0x200000c0   Data           8  chassis_behavior.o(.data)
    a                                        0x200000c8   Data           4  chassis_behavior.o(.data)
    b                                        0x200000cc   Data           4  chassis_behavior.o(.data)
    Motor_Angle                              0x200000d0   Data           4  chassis_behavior.o(.data)
    qwerty                                   0x200000d4   Data           4  chassis_behavior.o(.data)
    tar                                      0x200000d8   Data           4  chassis_behavior.o(.data)
    num_                                     0x200000dc   Data           4  chassis_behavior.o(.data)
    err                                      0x200000e0   Data           4  chassis_behavior.o(.data)
    sp_tar                                   0x200000e4   Data           4  chassis_behavior.o(.data)
    exchange_transmit_flag                   0x200000e8   Data           1  chassis_behavior.o(.data)
    uwTick                                   0x200000ec   Data           4  stm32f4xx_hal.o(.data)
    uwTickPrio                               0x200000f0   Data           4  stm32f4xx_hal.o(.data)
    uwTickFreq                               0x200000f4   Data           1  stm32f4xx_hal.o(.data)
    hcan1                                    0x200000f8   Data         100  can.o(.bss)
    hcan2                                    0x2000015c   Data         100  can.o(.bss)
    htim2                                    0x200001c0   Data         180  tim.o(.bss)
    huart1                                   0x20000274   Data         116  usart.o(.bss)
    huart2                                   0x200002e8   Data         116  usart.o(.bss)
    huart3                                   0x2000035c   Data         116  usart.o(.bss)
    huart6                                   0x200003d0   Data         116  usart.o(.bss)
    hdma_usart1_rx                           0x20000444   Data          96  usart.o(.bss)
    hdma_usart2_rx                           0x200004a4   Data          96  usart.o(.bss)
    hdma_usart2_tx                           0x20000504   Data          96  usart.o(.bss)
    hdma_usart3_rx                           0x20000564   Data          96  usart.o(.bss)
    hdma_usart3_tx                           0x200005c4   Data          96  usart.o(.bss)
    hdma_usart6_rx                           0x20000624   Data          96  usart.o(.bss)
    hdma_usart6_tx                           0x20000684   Data          96  usart.o(.bss)
    imu_pid                                  0x200006e8   Data          52  chassis_task.o(.bss)
    Chassis_control                          0x20000720   Data        1760  chassis_task.o(.bss)
    Uart3_Rx                                 0x20000e00   Data          12  chassis_task.o(.bss)
    Uart2_Rx                                 0x20000e0c   Data          12  chassis_task.o(.bss)
    Uart6_Rx                                 0x20000e18   Data          12  chassis_task.o(.bss)
    CAN_List                                 0x20000e24   Data         972  ifr_can.o(.bss)
    DJI_Motor                                0x200011f0   Data         324  ifr_dji_motor.o(.bss)
    Keyboard_Data                            0x20001334   Data          96  ifr_dji_remote.o(.bss)
    TIM_List                                 0x20001394   Data          60  ifr_tim.o(.bss)
    UART_List                                0x200013d0   Data         972  ifr_usart.o(.bss)
    IMU_Data                                 0x2000179c   Data          40  imu_analyse.o(.bss)
    IMU                                      0x200017c4   Data          28  imu_analyse.o(.bss)
    angle                                    0x200017e0   Data          20  chassis_behavior.o(.bss)
    speed                                    0x200017f4   Data          20  chassis_behavior.o(.bss)
    Motor_Tar                                0x20001808   Data          32  chassis_behavior.o(.bss)
    cir                                      0x20001828   Data          16  chassis_behavior.o(.bss)
    rx_vel                                   0x20001838   Data          10  chassis_behavior.o(.bss)
    MoveMotor_SpeedMix                       0x20001844   Data          16  chassis_behavior.o(.bss)
    __libspace_start                         0x20001854   Data          96  libspace.o(.bss)
    __temporary_stack_top$libspace           0x200018b4   Data           0  libspace.o(.bss)



==============================================================================

Memory Map of the image

  Image Entry point : 0x08000189

  Load Region LR_IROM1 (Base: 0x08000000, Size: 0x00009870, Max: 0x00100000, ABSOLUTE)

    Execution Region ER_IROM1 (Exec base: 0x08000000, Load base: 0x08000000, Size: 0x00009778, Max: 0x00100000, ABSOLUTE)

    Exec Addr    Load Addr    Size         Type   Attr      Idx    E Section Name        Object

    0x08000000   0x08000000   0x00000188   Data   RO            3    RESET               startup_stm32f405xx.o
    0x08000188   0x08000188   0x00000008   Code   RO         4124  * !!!main             c_w.l(__main.o)
    0x08000190   0x08000190   0x00000034   Code   RO         4448    !!!scatter          c_w.l(__scatter.o)
    0x080001c4   0x080001c4   0x0000001a   Code   RO         4450    !!handler_copy      c_w.l(__scatter_copy.o)
    0x080001de   0x080001de   0x00000002   PAD
    0x080001e0   0x080001e0   0x0000001c   Code   RO         4452    !!handler_zi        c_w.l(__scatter_zi.o)
    0x080001fc   0x080001fc   0x00000002   Code   RO         4319    .ARM.Collect$$libinit$$00000000  c_w.l(libinit.o)
    0x080001fe   0x080001fe   0x00000004   Code   RO         4328    .ARM.Collect$$libinit$$00000001  c_w.l(libinit2.o)
    0x08000202   0x08000202   0x00000000   Code   RO         4331    .ARM.Collect$$libinit$$00000004  c_w.l(libinit2.o)
    0x08000202   0x08000202   0x00000000   Code   RO         4334    .ARM.Collect$$libinit$$0000000A  c_w.l(libinit2.o)
    0x08000202   0x08000202   0x00000000   Code   RO         4336    .ARM.Collect$$libinit$$0000000C  c_w.l(libinit2.o)
    0x08000202   0x08000202   0x00000000   Code   RO         4338    .ARM.Collect$$libinit$$0000000E  c_w.l(libinit2.o)
    0x08000202   0x08000202   0x00000000   Code   RO         4341    .ARM.Collect$$libinit$$00000011  c_w.l(libinit2.o)
    0x08000202   0x08000202   0x00000000   Code   RO         4343    .ARM.Collect$$libinit$$00000013  c_w.l(libinit2.o)
    0x08000202   0x08000202   0x00000000   Code   RO         4345    .ARM.Collect$$libinit$$00000015  c_w.l(libinit2.o)
    0x08000202   0x08000202   0x00000000   Code   RO         4347    .ARM.Collect$$libinit$$00000017  c_w.l(libinit2.o)
    0x08000202   0x08000202   0x00000000   Code   RO         4349    .ARM.Collect$$libinit$$00000019  c_w.l(libinit2.o)
    0x08000202   0x08000202   0x00000000   Code   RO         4351    .ARM.Collect$$libinit$$0000001B  c_w.l(libinit2.o)
    0x08000202   0x08000202   0x00000000   Code   RO         4353    .ARM.Collect$$libinit$$0000001D  c_w.l(libinit2.o)
    0x08000202   0x08000202   0x00000000   Code   RO         4355    .ARM.Collect$$libinit$$0000001F  c_w.l(libinit2.o)
    0x08000202   0x08000202   0x00000000   Code   RO         4357    .ARM.Collect$$libinit$$00000021  c_w.l(libinit2.o)
    0x08000202   0x08000202   0x00000000   Code   RO         4359    .ARM.Collect$$libinit$$00000023  c_w.l(libinit2.o)
    0x08000202   0x08000202   0x00000000   Code   RO         4361    .ARM.Collect$$libinit$$00000025  c_w.l(libinit2.o)
    0x08000202   0x08000202   0x00000000   Code   RO         4365    .ARM.Collect$$libinit$$0000002C  c_w.l(libinit2.o)
    0x08000202   0x08000202   0x00000000   Code   RO         4367    .ARM.Collect$$libinit$$0000002E  c_w.l(libinit2.o)
    0x08000202   0x08000202   0x00000000   Code   RO         4369    .ARM.Collect$$libinit$$00000030  c_w.l(libinit2.o)
    0x08000202   0x08000202   0x00000000   Code   RO         4371    .ARM.Collect$$libinit$$00000032  c_w.l(libinit2.o)
    0x08000202   0x08000202   0x00000002   Code   RO         4372    .ARM.Collect$$libinit$$00000033  c_w.l(libinit2.o)
    0x08000204   0x08000204   0x00000002   Code   RO         4403    .ARM.Collect$$libshutdown$$00000000  c_w.l(libshutdown.o)
    0x08000206   0x08000206   0x00000000   Code   RO         4429    .ARM.Collect$$libshutdown$$00000002  c_w.l(libshutdown2.o)
    0x08000206   0x08000206   0x00000000   Code   RO         4431    .ARM.Collect$$libshutdown$$00000004  c_w.l(libshutdown2.o)
    0x08000206   0x08000206   0x00000000   Code   RO         4433    .ARM.Collect$$libshutdown$$00000006  c_w.l(libshutdown2.o)
    0x08000206   0x08000206   0x00000000   Code   RO         4436    .ARM.Collect$$libshutdown$$00000009  c_w.l(libshutdown2.o)
    0x08000206   0x08000206   0x00000000   Code   RO         4439    .ARM.Collect$$libshutdown$$0000000C  c_w.l(libshutdown2.o)
    0x08000206   0x08000206   0x00000000   Code   RO         4441    .ARM.Collect$$libshutdown$$0000000E  c_w.l(libshutdown2.o)
    0x08000206   0x08000206   0x00000000   Code   RO         4444    .ARM.Collect$$libshutdown$$00000011  c_w.l(libshutdown2.o)
    0x08000206   0x08000206   0x00000002   Code   RO         4445    .ARM.Collect$$libshutdown$$00000012  c_w.l(libshutdown2.o)
    0x08000208   0x08000208   0x00000000   Code   RO         4204    .ARM.Collect$$rtentry$$00000000  c_w.l(__rtentry.o)
    0x08000208   0x08000208   0x00000000   Code   RO         4274    .ARM.Collect$$rtentry$$00000002  c_w.l(__rtentry2.o)
    0x08000208   0x08000208   0x00000006   Code   RO         4286    .ARM.Collect$$rtentry$$00000004  c_w.l(__rtentry4.o)
    0x0800020e   0x0800020e   0x00000000   Code   RO         4276    .ARM.Collect$$rtentry$$00000009  c_w.l(__rtentry2.o)
    0x0800020e   0x0800020e   0x00000004   Code   RO         4277    .ARM.Collect$$rtentry$$0000000A  c_w.l(__rtentry2.o)
    0x08000212   0x08000212   0x00000000   Code   RO         4279    .ARM.Collect$$rtentry$$0000000C  c_w.l(__rtentry2.o)
    0x08000212   0x08000212   0x00000008   Code   RO         4280    .ARM.Collect$$rtentry$$0000000D  c_w.l(__rtentry2.o)
    0x0800021a   0x0800021a   0x00000002   Code   RO         4320    .ARM.Collect$$rtexit$$00000000  c_w.l(rtexit.o)
    0x0800021c   0x0800021c   0x00000000   Code   RO         4376    .ARM.Collect$$rtexit$$00000002  c_w.l(rtexit2.o)
    0x0800021c   0x0800021c   0x00000004   Code   RO         4377    .ARM.Collect$$rtexit$$00000003  c_w.l(rtexit2.o)
    0x08000220   0x08000220   0x00000006   Code   RO         4378    .ARM.Collect$$rtexit$$00000004  c_w.l(rtexit2.o)
    0x08000226   0x08000226   0x00000002   PAD
    0x08000228   0x08000228   0x00000040   Code   RO            4    .text               startup_stm32f405xx.o
    0x08000268   0x08000268   0x000000ee   Code   RO         4110    .text               c_w.l(lludivv7m.o)
    0x08000356   0x08000356   0x00000064   Code   RO         4118    .text               c_w.l(rt_memcpy_w.o)
    0x080003ba   0x080003ba   0x0000004e   Code   RO         4120    .text               c_w.l(rt_memclr_w.o)
    0x08000408   0x08000408   0x00000006   Code   RO         4122    .text               c_w.l(heapauxi.o)
    0x0800040e   0x0800040e   0x00000016   Code   RO         4209    .text               c_w.l(_rserrno.o)
    0x08000424   0x08000424   0x00000008   Code   RO         4293    .text               c_w.l(rt_errno_addr_intlibspace.o)
    0x0800042c   0x0800042c   0x00000008   Code   RO         4303    .text               c_w.l(libspace.o)
    0x08000434   0x08000434   0x0000004a   Code   RO         4306    .text               c_w.l(sys_stackheap_outer.o)
    0x0800047e   0x0800047e   0x00000012   Code   RO         4308    .text               c_w.l(exit.o)
    0x08000490   0x08000490   0x0000000c   Code   RO         4373    .text               c_w.l(sys_exit.o)
    0x0800049c   0x0800049c   0x00000002   Code   RO         4392    .text               c_w.l(use_no_semi.o)
    0x0800049e   0x0800049e   0x00000000   Code   RO         4394    .text               c_w.l(indicate_semi.o)
    0x0800049e   0x0800049e   0x00000002   PAD
    0x080004a0   0x080004a0   0x000000c0   Code   RO          636    i.ALL_Init          chassis_task.o
    0x08000560   0x08000560   0x00000090   Code   RO          995    i.Absolute_Angle    imu_analyse.o
    0x080005f0   0x080005f0   0x000002cc   Code   RO         1030    i.Auto_Catch_Task   chassis_behavior.o
    0x080008bc   0x080008bc   0x00000120   Code   RO         1031    i.Auto_Put_Task     chassis_behavior.o
    0x080009dc   0x080009dc   0x000000fc   Code   RO         1032    i.Base_Reset        chassis_behavior.o
    0x08000ad8   0x08000ad8   0x00000004   Code   RO          412    i.BusFault_Handler  stm32f4xx_it.o
    0x08000adc   0x08000adc   0x00000010   Code   RO          413    i.CAN1_RX0_IRQHandler  stm32f4xx_it.o
    0x08000aec   0x08000aec   0x00000010   Code   RO          414    i.CAN2_RX0_IRQHandler  stm32f4xx_it.o
    0x08000afc   0x08000afc   0x00000178   Code   RO          638    i.ChassisMove_Control  chassis_task.o
    0x08000c74   0x08000c74   0x0000007c   Code   RO          639    i.ChassisMove_back  chassis_task.o
    0x08000cf0   0x08000cf0   0x00000074   Code   RO          640    i.ChassisMove_lock  chassis_task.o
    0x08000d64   0x08000d64   0x000001e0   Code   RO          641    i.Chassis_Move      chassis_task.o
    0x08000f44   0x08000f44   0x00000010   Code   RO          415    i.DMA1_Stream1_IRQHandler  stm32f4xx_it.o
    0x08000f54   0x08000f54   0x00000010   Code   RO          416    i.DMA1_Stream3_IRQHandler  stm32f4xx_it.o
    0x08000f64   0x08000f64   0x00000010   Code   RO          417    i.DMA1_Stream5_IRQHandler  stm32f4xx_it.o
    0x08000f74   0x08000f74   0x00000010   Code   RO          418    i.DMA1_Stream6_IRQHandler  stm32f4xx_it.o
    0x08000f84   0x08000f84   0x00000010   Code   RO          419    i.DMA2_Stream1_IRQHandler  stm32f4xx_it.o
    0x08000f94   0x08000f94   0x00000010   Code   RO          420    i.DMA2_Stream2_IRQHandler  stm32f4xx_it.o
    0x08000fa4   0x08000fa4   0x00000010   Code   RO          421    i.DMA2_Stream6_IRQHandler  stm32f4xx_it.o
    0x08000fb4   0x08000fb4   0x00000034   Code   RO         2034    i.DMA_CalcBaseAndBitshift  stm32f4xx_hal_dma.o
    0x08000fe8   0x08000fe8   0x000000aa   Code   RO         2035    i.DMA_CheckFifoParam  stm32f4xx_hal_dma.o
    0x08001092   0x08001092   0x00000020   Code   RO         1993    i.DMA_MultiBufferSetConfig  stm32f4xx_hal_dma_ex.o
    0x080010b2   0x080010b2   0x00000002   Code   RO          422    i.DebugMon_Handler  stm32f4xx_it.o
    0x080010b4   0x080010b4   0x00000006   Code   RO           13    i.Error_Handler     main.o
    0x080010ba   0x080010ba   0x00000002   PAD
    0x080010bc   0x080010bc   0x00000ec4   Code   RO         1034    i.FourSteering_MoveIK  chassis_behavior.o
    0x08001f80   0x08001f80   0x0000002a   Code   RO         1285    i.HAL_CAN_ActivateNotification  stm32f4xx_hal_can.o
    0x08001faa   0x08001faa   0x00000156   Code   RO         1286    i.HAL_CAN_AddTxMessage  stm32f4xx_hal_can.o
    0x08002100   0x08002100   0x00000124   Code   RO         1287    i.HAL_CAN_ConfigFilter  stm32f4xx_hal_can.o
    0x08002224   0x08002224   0x0000002a   Code   RO         1289    i.HAL_CAN_DeactivateNotification  stm32f4xx_hal_can.o
    0x0800224e   0x0800224e   0x00000002   Code   RO         1290    i.HAL_CAN_ErrorCallback  stm32f4xx_hal_can.o
    0x08002250   0x08002250   0x0000017a   Code   RO         1293    i.HAL_CAN_GetRxMessage  stm32f4xx_hal_can.o
    0x080023ca   0x080023ca   0x00000036   Code   RO         1295    i.HAL_CAN_GetTxMailboxesFreeLevel  stm32f4xx_hal_can.o
    0x08002400   0x08002400   0x0000024e   Code   RO         1297    i.HAL_CAN_IRQHandler  stm32f4xx_hal_can.o
    0x0800264e   0x0800264e   0x00000002   PAD
    0x08002650   0x08002650   0x000001ec   Code   RO         1298    i.HAL_CAN_Init      stm32f4xx_hal_can.o
    0x0800283c   0x0800283c   0x00000164   Code   RO          233    i.HAL_CAN_MspInit   can.o
    0x080029a0   0x080029a0   0x000000b2   Code   RO         1303    i.HAL_CAN_RegisterCallback  stm32f4xx_hal_can.o
    0x08002a52   0x08002a52   0x00000002   Code   RO         1306    i.HAL_CAN_RxFifo0FullCallback  stm32f4xx_hal_can.o
    0x08002a54   0x08002a54   0x00000002   Code   RO         1307    i.HAL_CAN_RxFifo0MsgPendingCallback  stm32f4xx_hal_can.o
    0x08002a56   0x08002a56   0x00000002   Code   RO         1308    i.HAL_CAN_RxFifo1FullCallback  stm32f4xx_hal_can.o
    0x08002a58   0x08002a58   0x00000002   Code   RO         1309    i.HAL_CAN_RxFifo1MsgPendingCallback  stm32f4xx_hal_can.o
    0x08002a5a   0x08002a5a   0x00000002   Code   RO         1310    i.HAL_CAN_SleepCallback  stm32f4xx_hal_can.o
    0x08002a5c   0x08002a5c   0x0000005e   Code   RO         1311    i.HAL_CAN_Start     stm32f4xx_hal_can.o
    0x08002aba   0x08002aba   0x00000002   Code   RO         1313    i.HAL_CAN_TxMailbox0AbortCallback  stm32f4xx_hal_can.o
    0x08002abc   0x08002abc   0x00000002   Code   RO         1314    i.HAL_CAN_TxMailbox0CompleteCallback  stm32f4xx_hal_can.o
    0x08002abe   0x08002abe   0x00000002   Code   RO         1315    i.HAL_CAN_TxMailbox1AbortCallback  stm32f4xx_hal_can.o
    0x08002ac0   0x08002ac0   0x00000002   Code   RO         1316    i.HAL_CAN_TxMailbox1CompleteCallback  stm32f4xx_hal_can.o
    0x08002ac2   0x08002ac2   0x00000002   Code   RO         1317    i.HAL_CAN_TxMailbox2AbortCallback  stm32f4xx_hal_can.o
    0x08002ac4   0x08002ac4   0x00000002   Code   RO         1318    i.HAL_CAN_TxMailbox2CompleteCallback  stm32f4xx_hal_can.o
    0x08002ac6   0x08002ac6   0x00000002   Code   RO         1321    i.HAL_CAN_WakeUpFromRxMsgCallback  stm32f4xx_hal_can.o
    0x08002ac8   0x08002ac8   0x0000007c   Code   RO         1995    i.HAL_DMAEx_MultiBufferStart  stm32f4xx_hal_dma_ex.o
    0x08002b44   0x08002b44   0x000000ac   Code   RO         2037    i.HAL_DMA_Abort     stm32f4xx_hal_dma.o
    0x08002bf0   0x08002bf0   0x00000028   Code   RO         2038    i.HAL_DMA_Abort_IT  stm32f4xx_hal_dma.o
    0x08002c18   0x08002c18   0x00000240   Code   RO         2042    i.HAL_DMA_IRQHandler  stm32f4xx_hal_dma.o
    0x08002e58   0x08002e58   0x000000ec   Code   RO         2043    i.HAL_DMA_Init      stm32f4xx_hal_dma.o
    0x08002f44   0x08002f44   0x00000028   Code   RO         2461    i.HAL_Delay         stm32f4xx_hal.o
    0x08002f6c   0x08002f6c   0x000001f0   Code   RO         1930    i.HAL_GPIO_Init     stm32f4xx_hal_gpio.o
    0x0800315c   0x0800315c   0x0000000c   Code   RO         1934    i.HAL_GPIO_WritePin  stm32f4xx_hal_gpio.o
    0x08003168   0x08003168   0x0000000c   Code   RO         2467    i.HAL_GetTick       stm32f4xx_hal.o
    0x08003174   0x08003174   0x00000018   Code   RO         2473    i.HAL_IncTick       stm32f4xx_hal.o
    0x0800318c   0x0800318c   0x0000003c   Code   RO         2474    i.HAL_Init          stm32f4xx_hal.o
    0x080031c8   0x080031c8   0x0000004c   Code   RO         2475    i.HAL_InitTick      stm32f4xx_hal.o
    0x08003214   0x08003214   0x00000048   Code   RO          575    i.HAL_MspInit       stm32f4xx_hal_msp.o
    0x0800325c   0x0800325c   0x00000020   Code   RO         2319    i.HAL_NVIC_EnableIRQ  stm32f4xx_hal_cortex.o
    0x0800327c   0x0800327c   0x0000007c   Code   RO         2325    i.HAL_NVIC_SetPriority  stm32f4xx_hal_cortex.o
    0x080032f8   0x080032f8   0x00000028   Code   RO         2326    i.HAL_NVIC_SetPriorityGrouping  stm32f4xx_hal_cortex.o
    0x08003320   0x08003320   0x00000184   Code   RO         1531    i.HAL_RCC_ClockConfig  stm32f4xx_hal_rcc.o
    0x080034a4   0x080034a4   0x0000000c   Code   RO         1536    i.HAL_RCC_GetHCLKFreq  stm32f4xx_hal_rcc.o
    0x080034b0   0x080034b0   0x00000020   Code   RO         1538    i.HAL_RCC_GetPCLK1Freq  stm32f4xx_hal_rcc.o
    0x080034d0   0x080034d0   0x00000020   Code   RO         1539    i.HAL_RCC_GetPCLK2Freq  stm32f4xx_hal_rcc.o
    0x080034f0   0x080034f0   0x000000b0   Code   RO         1540    i.HAL_RCC_GetSysClockFreq  stm32f4xx_hal_rcc.o
    0x080035a0   0x080035a0   0x0000049c   Code   RO         1543    i.HAL_RCC_OscConfig  stm32f4xx_hal_rcc.o
    0x08003a3c   0x08003a3c   0x00000034   Code   RO         2330    i.HAL_SYSTICK_Config  stm32f4xx_hal_cortex.o
    0x08003a70   0x08003a70   0x00000002   Code   RO         3447    i.HAL_TIMEx_BreakCallback  stm32f4xx_hal_tim_ex.o
    0x08003a72   0x08003a72   0x00000002   Code   RO         3448    i.HAL_TIMEx_CommutCallback  stm32f4xx_hal_tim_ex.o
    0x08003a74   0x08003a74   0x00000002   Code   RO         3449    i.HAL_TIMEx_CommutHalfCpltCallback  stm32f4xx_hal_tim_ex.o
    0x08003a76   0x08003a76   0x00000002   PAD
    0x08003a78   0x08003a78   0x000000b4   Code   RO         3466    i.HAL_TIMEx_MasterConfigSynchronization  stm32f4xx_hal_tim_ex.o
    0x08003b2c   0x08003b2c   0x00000078   Code   RO         2714    i.HAL_TIM_Base_Init  stm32f4xx_hal_tim.o
    0x08003ba4   0x08003ba4   0x00000044   Code   RO          311    i.HAL_TIM_Base_MspInit  tim.o
    0x08003be8   0x08003be8   0x000000a8   Code   RO         2719    i.HAL_TIM_Base_Start_IT  stm32f4xx_hal_tim.o
    0x08003c90   0x08003c90   0x0000010c   Code   RO         2723    i.HAL_TIM_ConfigClockSource  stm32f4xx_hal_tim.o
    0x08003d9c   0x08003d9c   0x00000002   Code   RO         2744    i.HAL_TIM_ErrorCallback  stm32f4xx_hal_tim.o
    0x08003d9e   0x08003d9e   0x00000002   Code   RO         2748    i.HAL_TIM_IC_CaptureCallback  stm32f4xx_hal_tim.o
    0x08003da0   0x08003da0   0x00000002   Code   RO         2749    i.HAL_TIM_IC_CaptureHalfCpltCallback  stm32f4xx_hal_tim.o
    0x08003da2   0x08003da2   0x000001b6   Code   RO         2762    i.HAL_TIM_IRQHandler  stm32f4xx_hal_tim.o
    0x08003f58   0x08003f58   0x00000002   Code   RO         2765    i.HAL_TIM_OC_DelayElapsedCallback  stm32f4xx_hal_tim.o
    0x08003f5a   0x08003f5a   0x00000002   Code   RO         2792    i.HAL_TIM_PWM_PulseFinishedCallback  stm32f4xx_hal_tim.o
    0x08003f5c   0x08003f5c   0x00000002   Code   RO         2793    i.HAL_TIM_PWM_PulseFinishedHalfCpltCallback  stm32f4xx_hal_tim.o
    0x08003f5e   0x08003f5e   0x00000002   Code   RO         2800    i.HAL_TIM_PeriodElapsedCallback  stm32f4xx_hal_tim.o
    0x08003f60   0x08003f60   0x00000002   Code   RO         2801    i.HAL_TIM_PeriodElapsedHalfCpltCallback  stm32f4xx_hal_tim.o
    0x08003f62   0x08003f62   0x00000144   Code   RO         2803    i.HAL_TIM_RegisterCallback  stm32f4xx_hal_tim.o
    0x080040a6   0x080040a6   0x00000002   Code   RO         2806    i.HAL_TIM_TriggerCallback  stm32f4xx_hal_tim.o
    0x080040a8   0x080040a8   0x00000002   Code   RO         2807    i.HAL_TIM_TriggerHalfCpltCallback  stm32f4xx_hal_tim.o
    0x080040aa   0x080040aa   0x00000002   Code   RO         3725    i.HAL_UARTEx_RxEventCallback  stm32f4xx_hal_uart.o
    0x080040ac   0x080040ac   0x00000002   Code   RO         3727    i.HAL_UART_AbortCpltCallback  stm32f4xx_hal_uart.o
    0x080040ae   0x080040ae   0x00000002   Code   RO         3729    i.HAL_UART_AbortReceiveCpltCallback  stm32f4xx_hal_uart.o
    0x080040b0   0x080040b0   0x00000002   Code   RO         3732    i.HAL_UART_AbortTransmitCpltCallback  stm32f4xx_hal_uart.o
    0x080040b2   0x080040b2   0x00000002   Code   RO         3739    i.HAL_UART_ErrorCallback  stm32f4xx_hal_uart.o
    0x080040b4   0x080040b4   0x000002e0   Code   RO         3742    i.HAL_UART_IRQHandler  stm32f4xx_hal_uart.o
    0x08004394   0x08004394   0x00000084   Code   RO         3743    i.HAL_UART_Init     stm32f4xx_hal_uart.o
    0x08004418   0x08004418   0x00000418   Code   RO          353    i.HAL_UART_MspInit  usart.o
    0x08004830   0x08004830   0x0000004c   Code   RO         3750    i.HAL_UART_RegisterRxEventCallback  stm32f4xx_hal_uart.o
    0x0800487c   0x0800487c   0x00000002   Code   RO         3751    i.HAL_UART_RxCpltCallback  stm32f4xx_hal_uart.o
    0x0800487e   0x0800487e   0x00000002   Code   RO         3752    i.HAL_UART_RxHalfCpltCallback  stm32f4xx_hal_uart.o
    0x08004880   0x08004880   0x00000002   Code   RO         3756    i.HAL_UART_TxCpltCallback  stm32f4xx_hal_uart.o
    0x08004882   0x08004882   0x00000002   Code   RO         3757    i.HAL_UART_TxHalfCpltCallback  stm32f4xx_hal_uart.o
    0x08004884   0x08004884   0x00000004   Code   RO          423    i.HardFault_Handler  stm32f4xx_it.o
    0x08004888   0x08004888   0x0000007c   Code   RO          761    i.IFR_Absolute_Angle_Analysis  ifr_dji_motor.o
    0x08004904   0x08004904   0x000000f4   Code   RO          716    i.IFR_CAN_Init      ifr_can.o
    0x080049f8   0x080049f8   0x000000c4   Code   RO          717    i.IFR_CAN_Recevice_Callback  ifr_can.o
    0x08004abc   0x08004abc   0x0000010c   Code   RO          718    i.IFR_CAN_Transmit  ifr_can.o
    0x08004bc8   0x08004bc8   0x000000dc   Code   RO          719    i.IFR_CAN_Transmit_Callback  ifr_can.o
    0x08004ca4   0x08004ca4   0x000000e0   Code   RO          762    i.IFR_DJI_Motor_Analysis  ifr_dji_motor.o
    0x08004d84   0x08004d84   0x00000020   Code   RO          763    i.IFR_DJI_Motor_Init  ifr_dji_motor.o
    0x08004da4   0x08004da4   0x0000015c   Code   RO          764    i.IFR_DJI_Motor_Transmit  ifr_dji_motor.o
    0x08004f00   0x08004f00   0x000000bc   Code   RO          807    i.IFR_DJI_Remote_Analysis  ifr_dji_remote.o
    0x08004fbc   0x08004fbc   0x00000124   Code   RO          852    i.IFR_Incremental_PID  ifr_pid.o
    0x080050e0   0x080050e0   0x000000e0   Code   RO          808    i.IFR_Key_Analysis  ifr_dji_remote.o
    0x080051c0   0x080051c0   0x0000001e   Code   RO          853    i.IFR_PID_Param_Init  ifr_pid.o
    0x080051de   0x080051de   0x00000002   PAD
    0x080051e0   0x080051e0   0x00000170   Code   RO          854    i.IFR_Positional_PID  ifr_pid.o
    0x08005350   0x08005350   0x00000108   Code   RO          929    i.IFR_TIM_Init      ifr_tim.o
    0x08005458   0x08005458   0x000000fc   Code   RO          930    i.IFR_TIM_Overflow_Callback  ifr_tim.o
    0x08005554   0x08005554   0x00000128   Code   RO          962    i.IFR_UART_Double_Buffer_Recevice_Callback  ifr_usart.o
    0x0800567c   0x0800567c   0x000000ec   Code   RO          963    i.IFR_UART_Init     ifr_usart.o
    0x08005768   0x08005768   0x000000f4   Code   RO          996    i.IMU_Analysis      imu_analyse.o
    0x0800585c   0x0800585c   0x00000068   Code   RO         1035    i.Judge_state       chassis_behavior.o
    0x080058c4   0x080058c4   0x00000040   Code   RO          234    i.MX_CAN1_Init      can.o
    0x08005904   0x08005904   0x00000040   Code   RO          235    i.MX_CAN2_Init      can.o
    0x08005944   0x08005944   0x000000b8   Code   RO          286    i.MX_DMA_Init       dma.o
    0x080059fc   0x080059fc   0x000000dc   Code   RO          207    i.MX_GPIO_Init      gpio.o
    0x08005ad8   0x08005ad8   0x0000006c   Code   RO          312    i.MX_TIM2_Init      tim.o
    0x08005b44   0x08005b44   0x00000040   Code   RO          354    i.MX_USART1_UART_Init  usart.o
    0x08005b84   0x08005b84   0x00000038   Code   RO          355    i.MX_USART2_UART_Init  usart.o
    0x08005bbc   0x08005bbc   0x00000038   Code   RO          356    i.MX_USART3_UART_Init  usart.o
    0x08005bf4   0x08005bf4   0x00000038   Code   RO          357    i.MX_USART6_UART_Init  usart.o
    0x08005c2c   0x08005c2c   0x000003a8   Code   RO         1036    i.Manual_Catch_Put  chassis_behavior.o
    0x08005fd4   0x08005fd4   0x00000004   Code   RO          424    i.MemManage_Handler  stm32f4xx_it.o
    0x08005fd8   0x08005fd8   0x0000064c   Code   RO         1037    i.MotorTarget_Set   chassis_behavior.o
    0x08006624   0x08006624   0x000003ac   Code   RO          642    i.Motor_ALL_Init    chassis_task.o
    0x080069d0   0x080069d0   0x00000380   Code   RO         1038    i.Motor_Drive       chassis_behavior.o
    0x08006d50   0x08006d50   0x0000004c   Code   RO         1039    i.Motor_Mix         chassis_behavior.o
    0x08006d9c   0x08006d9c   0x00000004   Code   RO          425    i.NMI_Handler       stm32f4xx_it.o
    0x08006da0   0x08006da0   0x00000002   Code   RO          426    i.PendSV_Handler    stm32f4xx_it.o
    0x08006da2   0x08006da2   0x00000002   PAD
    0x08006da4   0x08006da4   0x00000044   Code   RO         1040    i.Rad_Turn_MotorAngle  chassis_behavior.o
    0x08006de8   0x08006de8   0x00000002   Code   RO          427    i.SVC_Handler       stm32f4xx_it.o
    0x08006dea   0x08006dea   0x00000002   PAD
    0x08006dec   0x08006dec   0x000000ac   Code   RO          888    i.State_Change      ifr_state.o
    0x08006e98   0x08006e98   0x0000000c   Code   RO          889    i.State_Machine     ifr_state.o
    0x08006ea4   0x08006ea4   0x00000180   Code   RO          890    i.State_Task        ifr_state.o
    0x08007024   0x08007024   0x00000008   Code   RO          428    i.SysTick_Handler   stm32f4xx_it.o
    0x0800702c   0x0800702c   0x000000b4   Code   RO           14    i.SystemClock_Config  main.o
    0x080070e0   0x080070e0   0x00000014   Code   RO          600    i.SystemInit        system_stm32f4xx.o
    0x080070f4   0x080070f4   0x00000010   Code   RO          429    i.TIM2_IRQHandler   stm32f4xx_it.o
    0x08007104   0x08007104   0x000000d8   Code   RO         2809    i.TIM_Base_SetConfig  stm32f4xx_hal_tim.o
    0x080071dc   0x080071dc   0x00000016   Code   RO         2820    i.TIM_ETR_SetConfig  stm32f4xx_hal_tim.o
    0x080071f2   0x080071f2   0x00000012   Code   RO         2821    i.TIM_ITRx_SetConfig  stm32f4xx_hal_tim.o
    0x08007204   0x08007204   0x00000070   Code   RO         2826    i.TIM_ResetCallback  stm32f4xx_hal_tim.o
    0x08007274   0x08007274   0x00000026   Code   RO         2828    i.TIM_TI1_ConfigInputStage  stm32f4xx_hal_tim.o
    0x0800729a   0x0800729a   0x00000028   Code   RO         2830    i.TIM_TI2_ConfigInputStage  stm32f4xx_hal_tim.o
    0x080072c2   0x080072c2   0x00000002   PAD
    0x080072c4   0x080072c4   0x00000044   Code   RO         1042    i.Task_Flag_Reset   chassis_behavior.o
    0x08007308   0x08007308   0x00000014   Code   RO         3760    i.UART_DMAAbortOnError  stm32f4xx_hal_uart.o
    0x0800731c   0x0800731c   0x0000006c   Code   RO         3770    i.UART_EndRxTransfer  stm32f4xx_hal_uart.o
    0x08007388   0x08007388   0x00000020   Code   RO         3771    i.UART_EndTransmit_IT  stm32f4xx_hal_uart.o
    0x080073a8   0x080073a8   0x0000004c   Code   RO         3773    i.UART_InitCallbacksToDefault  stm32f4xx_hal_uart.o
    0x080073f4   0x080073f4   0x000000f8   Code   RO         3774    i.UART_Receive_IT   stm32f4xx_hal_uart.o
    0x080074ec   0x080074ec   0x0000022c   Code   RO         3775    i.UART_SetConfig    stm32f4xx_hal_uart.o
    0x08007718   0x08007718   0x00000060   Code   RO         3778    i.UART_Transmit_IT  stm32f4xx_hal_uart.o
    0x08007778   0x08007778   0x00000010   Code   RO          430    i.USART1_IRQHandler  stm32f4xx_it.o
    0x08007788   0x08007788   0x00000010   Code   RO          431    i.USART2_IRQHandler  stm32f4xx_it.o
    0x08007798   0x08007798   0x00000010   Code   RO          432    i.USART3_IRQHandler  stm32f4xx_it.o
    0x080077a8   0x080077a8   0x00000010   Code   RO          433    i.USART6_IRQHandler  stm32f4xx_it.o
    0x080077b8   0x080077b8   0x00000004   Code   RO          434    i.UsageFault_Handler  stm32f4xx_it.o
    0x080077bc   0x080077bc   0x00000048   Code   RO         1043    i.Vel_Convert       chassis_behavior.o
    0x08007804   0x08007804   0x00000030   Code   RO         4299    i.__ARM_fpclassify  m_wm.l(fpclassify.o)
    0x08007834   0x08007834   0x00000010   Code   RO         2332    i.__NVIC_GetPriorityGrouping  stm32f4xx_hal_cortex.o
    0x08007844   0x08007844   0x00000028   Code   RO         2333    i.__NVIC_SetPriority  stm32f4xx_hal_cortex.o
    0x0800786c   0x0800786c   0x00000004   PAD
    0x08007870   0x08007870   0x000002d8   Code   RO         4224    i.__hardfp_atan     m_wm.l(atan.o)
    0x08007b48   0x08007b48   0x00000200   Code   RO         4156    i.__hardfp_atan2    m_wm.l(atan2.o)
    0x08007d48   0x08007d48   0x000000c8   Code   RO         4168    i.__hardfp_cos      m_wm.l(cos.o)
    0x08007e10   0x08007e10   0x000000c8   Code   RO         4180    i.__hardfp_sin      m_wm.l(sin.o)
    0x08007ed8   0x08007ed8   0x0000007a   Code   RO         4192    i.__hardfp_sqrt     m_wm.l(sqrt.o)
    0x08007f52   0x08007f52   0x00000006   PAD
    0x08007f58   0x08007f58   0x00000438   Code   RO         4262    i.__ieee754_rem_pio2  m_wm.l(rred.o)
    0x08008390   0x08008390   0x00000170   Code   RO         4238    i.__kernel_cos      m_wm.l(cos_i.o)
    0x08008500   0x08008500   0x000000f8   Code   RO         4301    i.__kernel_poly     m_wm.l(poly.o)
    0x080085f8   0x080085f8   0x00000130   Code   RO         4267    i.__kernel_sin      m_wm.l(sin_i.o)
    0x08008728   0x08008728   0x00000014   Code   RO         4242    i.__mathlib_dbl_infnan  m_wm.l(dunder.o)
    0x0800873c   0x0800873c   0x00000014   Code   RO         4243    i.__mathlib_dbl_infnan2  m_wm.l(dunder.o)
    0x08008750   0x08008750   0x00000020   Code   RO         4244    i.__mathlib_dbl_invalid  m_wm.l(dunder.o)
    0x08008770   0x08008770   0x00000020   Code   RO         4247    i.__mathlib_dbl_underflow  m_wm.l(dunder.o)
    0x08008790   0x08008790   0x0000004c   Code   RO          643    i.analysis1         chassis_task.o
    0x080087dc   0x080087dc   0x00000024   Code   RO          644    i.analysis2         chassis_task.o
    0x08008800   0x08008800   0x00000010   Code   RO         4226    i.atan              m_wm.l(atan.o)
    0x08008810   0x08008810   0x00000018   Code   RO         4257    i.fabs              m_wm.l(fabs.o)
    0x08008828   0x08008828   0x00000034   Code   RO           15    i.main              main.o
    0x0800885c   0x0800885c   0x00000018   Code   RO         4126    x$fpl$basic         fz_wm.l(basic.o)
    0x08008874   0x08008874   0x00000062   Code   RO         4128    x$fpl$d2f           fz_wm.l(d2f.o)
    0x080088d6   0x080088d6   0x00000002   PAD
    0x080088d8   0x080088d8   0x00000150   Code   RO         4130    x$fpl$dadd          fz_wm.l(daddsub_clz.o)
    0x08008a28   0x08008a28   0x00000018   Code   RO         4211    x$fpl$dcmpinf       fz_wm.l(dcmpi.o)
    0x08008a40   0x08008a40   0x000002b0   Code   RO         4137    x$fpl$ddiv          fz_wm.l(ddiv.o)
    0x08008cf0   0x08008cf0   0x00000078   Code   RO         4140    x$fpl$deqf          fz_wm.l(deqf.o)
    0x08008d68   0x08008d68   0x0000005e   Code   RO         4295    x$fpl$dfix          fz_wm.l(dfix.o)
    0x08008dc6   0x08008dc6   0x0000002e   Code   RO         4143    x$fpl$dflt          fz_wm.l(dflt_clz.o)
    0x08008df4   0x08008df4   0x00000026   Code   RO         4142    x$fpl$dfltu         fz_wm.l(dflt_clz.o)
    0x08008e1a   0x08008e1a   0x00000002   PAD
    0x08008e1c   0x08008e1c   0x00000078   Code   RO         4148    x$fpl$dleqf         fz_wm.l(dleqf.o)
    0x08008e94   0x08008e94   0x00000154   Code   RO         4150    x$fpl$dmul          fz_wm.l(dmul.o)
    0x08008fe8   0x08008fe8   0x0000009c   Code   RO         4213    x$fpl$dnaninf       fz_wm.l(dnaninf.o)
    0x08009084   0x08009084   0x0000000c   Code   RO         4215    x$fpl$dretinf       fz_wm.l(dretinf.o)
    0x08009090   0x08009090   0x0000006c   Code   RO         4152    x$fpl$drleqf        fz_wm.l(drleqf.o)
    0x080090fc   0x080090fc   0x00000016   Code   RO         4131    x$fpl$drsb          fz_wm.l(daddsub_clz.o)
    0x08009112   0x08009112   0x00000002   PAD
    0x08009114   0x08009114   0x00000198   Code   RO         4217    x$fpl$dsqrt         fz_wm.l(dsqrt_umaal.o)
    0x080092ac   0x080092ac   0x000001d4   Code   RO         4132    x$fpl$dsub          fz_wm.l(daddsub_clz.o)
    0x08009480   0x08009480   0x00000056   Code   RO         4154    x$fpl$f2d           fz_wm.l(f2d.o)
    0x080094d6   0x080094d6   0x0000008c   Code   RO         4219    x$fpl$fnaninf       fz_wm.l(fnaninf.o)
    0x08009562   0x08009562   0x0000000a   Code   RO         4388    x$fpl$fpinit        fz_wm.l(fpinit.o)
    0x0800956c   0x0800956c   0x0000000a   Code   RO         4221    x$fpl$fretinf       fz_wm.l(fretinf.o)
    0x08009576   0x08009576   0x00000000   Code   RO         4223    x$fpl$usenofp       fz_wm.l(usenofp.o)
    0x08009576   0x08009576   0x00000018   Data   RO          601    .constdata          system_stm32f4xx.o
    0x0800958e   0x0800958e   0x00000008   Data   RO         2049    .constdata          stm32f4xx_hal_dma.o
    0x08009596   0x08009596   0x00000002   PAD
    0x08009598   0x08009598   0x00000098   Data   RO         4227    .constdata          m_wm.l(atan.o)
    0x08009630   0x08009630   0x00000030   Data   RO         4239    .constdata          m_wm.l(cos_i.o)
    0x08009660   0x08009660   0x00000008   Data   RO         4261    .constdata          m_wm.l(qnan.o)
    0x08009668   0x08009668   0x000000c8   Data   RO         4264    .constdata          m_wm.l(rred.o)
    0x08009730   0x08009730   0x00000028   Data   RO         4268    .constdata          m_wm.l(sin_i.o)
    0x08009758   0x08009758   0x00000020   Data   RO         4446    Region$$Table       anon$$obj.o


    Execution Region RW_IRAM2 (Exec base: 0x10000000, Load base: 0x08009870, Size: 0x00000000, Max: 0x00010000, ABSOLUTE)

    **** No section assigned to this execution region ****


    Execution Region RW_IRAM1 (Exec base: 0x20000000, Load base: 0x08009778, Size: 0x00001eb8, Max: 0x00020000, ABSOLUTE)

    Exec Addr    Load Addr    Size         Type   Attr      Idx    E Section Name        Object

    0x20000000   0x08009778   0x00000004   Data   RW          237    .data               can.o
    0x20000004   0x0800977c   0x00000004   Data   RW          602    .data               system_stm32f4xx.o
    0x20000008   0x08009780   0x00000028   Data   RW          646    .data               chassis_task.o
    0x20000030   0x080097a8   0x0000001c   Data   RW          810    .data               ifr_dji_remote.o
    0x2000004c   0x080097c4   0x00000013   Data   RW          891    .data               ifr_state.o
    0x2000005f   0x080097d7   0x00000001   PAD
    0x20000060   0x080097d8   0x0000000c   Data   RW          998    .data               imu_analyse.o
    0x2000006c   0x080097e4   0x00000004   PAD
    0x20000070   0x080097e8   0x00000079   Data   RW         1046    .data               chassis_behavior.o
    0x200000e9   0x08009861   0x00000003   PAD
    0x200000ec   0x08009864   0x00000009   Data   RW         2481    .data               stm32f4xx_hal.o
    0x200000f5   0x0800986d   0x00000003   PAD
    0x200000f8        -       0x000000c8   Zero   RW          236    .bss                can.o
    0x200001c0        -       0x000000b4   Zero   RW          313    .bss                tim.o
    0x20000274        -       0x00000470   Zero   RW          358    .bss                usart.o
    0x200006e4   0x0800986d   0x00000004   PAD
    0x200006e8        -       0x0000073c   Zero   RW          645    .bss                chassis_task.o
    0x20000e24        -       0x000003cc   Zero   RW          720    .bss                ifr_can.o
    0x200011f0        -       0x00000144   Zero   RW          765    .bss                ifr_dji_motor.o
    0x20001334        -       0x00000060   Zero   RW          809    .bss                ifr_dji_remote.o
    0x20001394        -       0x0000003c   Zero   RW          931    .bss                ifr_tim.o
    0x200013d0        -       0x000003cc   Zero   RW          964    .bss                ifr_usart.o
    0x2000179c        -       0x00000044   Zero   RW          997    .bss                imu_analyse.o
    0x200017e0        -       0x00000074   Zero   RW         1044    .bss                chassis_behavior.o
    0x20001854        -       0x00000060   Zero   RW         4304    .bss                c_w.l(libspace.o)
    0x200018b4   0x0800986d   0x00000004   PAD
    0x200018b8        -       0x00000200   Zero   RW            2    HEAP                startup_stm32f405xx.o
    0x20001ab8        -       0x00000400   Zero   RW            1    STACK               startup_stm32f405xx.o


==============================================================================

Image component sizes


      Code (inc. data)   RO Data    RW Data    ZI Data      Debug   Object Name

       484         42          0          4        200       3038   can.o
      8868        618          0        121        116      13572   chassis_behavior.o
      2340        358          0         40       1852       7924   chassis_task.o
       184          6          0          0          0       1090   dma.o
       220         14          0          0          0       1223   gpio.o
       928         60          0          0        972       4209   ifr_can.o
       728         20          0          0        324       4111   ifr_dji_motor.o
       412         16          0         28         96       3921   ifr_dji_remote.o
       690         10          0          0          0       3100   ifr_pid.o
       568         64          0         19          0       3195   ifr_state.o
       516        120          0          0         60       2454   ifr_tim.o
       532         62          0          0        972       2591   ifr_usart.o
       388         28          0         12         68       2405   imu_analyse.o
       238         10          0          0          0     666727   main.o
        64         26        392          0       1536        956   startup_stm32f405xx.o
       212         36          0          9          0      10433   stm32f4xx_hal.o
      2530         80          0          0          0      20481   stm32f4xx_hal_can.o
       304         22          0          0          0      35363   stm32f4xx_hal_cortex.o
      1246         16          8          0          0       6283   stm32f4xx_hal_dma.o
       156          0          0          0          0       2453   stm32f4xx_hal_dma_ex.o
       508         44          0          0          0       2504   stm32f4xx_hal_gpio.o
        72          4          0          0          0       1090   stm32f4xx_hal_msp.o
      1820         84          0          0          0       6532   stm32f4xx_hal_rcc.o
      1784        176          0          0          0      17717   stm32f4xx_hal_tim.o
       186         30          0          0          0       3736   stm32f4xx_hal_tim_ex.o
      2098         56          0          0          0      16471   stm32f4xx_hal_uart.o
       258         84          0          0          0      14030   stm32f4xx_it.o
        20          6         24          4          0       1499   system_stm32f4xx.o
       176         12          0          0        180       2162   tim.o
      1280        108          0          0       1136       5242   usart.o

    ----------------------------------------------------------------------
     29828       2216        458        248       7516     866512   Object Totals
         0          0         32          0          0          0   (incl. Generated)
        18          4          2         11          4          0   (incl. Padding)

    ----------------------------------------------------------------------

      Code (inc. data)   RO Data    RW Data    ZI Data      Debug   Library Member Name

         8          0          0          0          0         68   __main.o
         0          0          0          0          0          0   __rtentry.o
        12          0          0          0          0          0   __rtentry2.o
         6          0          0          0          0          0   __rtentry4.o
        52          8          0          0          0          0   __scatter.o
        26          0          0          0          0          0   __scatter_copy.o
        28          0          0          0          0          0   __scatter_zi.o
        22          0          0          0          0        100   _rserrno.o
        18          0          0          0          0         80   exit.o
         6          0          0          0          0        152   heapauxi.o
         0          0          0          0          0          0   indicate_semi.o
         2          0          0          0          0          0   libinit.o
         6          0          0          0          0          0   libinit2.o
         2          0          0          0          0          0   libshutdown.o
         2          0          0          0          0          0   libshutdown2.o
         8          4          0          0         96         68   libspace.o
       238          0          0          0          0        100   lludivv7m.o
         8          4          0          0          0         68   rt_errno_addr_intlibspace.o
        78          0          0          0          0         80   rt_memclr_w.o
       100          0          0          0          0         80   rt_memcpy_w.o
         2          0          0          0          0          0   rtexit.o
        10          0          0          0          0          0   rtexit2.o
        12          4          0          0          0         68   sys_exit.o
        74          0          0          0          0         80   sys_stackheap_outer.o
         2          0          0          0          0         68   use_no_semi.o
        24          0          0          0          0        164   basic.o
        98          4          0          0          0        140   d2f.o
       826         16          0          0          0        492   daddsub_clz.o
        24          0          0          0          0        116   dcmpi.o
       688        140          0          0          0        256   ddiv.o
       120          4          0          0          0        140   deqf.o
        94          4          0          0          0        140   dfix.o
        84          0          0          0          0        232   dflt_clz.o
       120          4          0          0          0        140   dleqf.o
       340         12          0          0          0        152   dmul.o
       156          4          0          0          0        140   dnaninf.o
        12          0          0          0          0        116   dretinf.o
       108          0          0          0          0        128   drleqf.o
       408         56          0          0          0        168   dsqrt_umaal.o
        86          4          0          0          0        132   f2d.o
       140          4          0          0          0        132   fnaninf.o
        10          0          0          0          0        116   fpinit.o
        10          0          0          0          0        116   fretinf.o
         0          0          0          0          0          0   usenofp.o
       744        106        152          0          0        352   atan.o
       512         64          0          0          0        208   atan2.o
       200         20          0          0          0        164   cos.o
       368         46         48          0          0        200   cos_i.o
       104         16          0          0          0        496   dunder.o
        24          0          0          0          0        124   fabs.o
        48          0          0          0          0        124   fpclassify.o
       248          0          0          0          0        152   poly.o
         0          0          8          0          0          0   qnan.o
      1080        142        200          0          0        188   rred.o
       200         20          0          0          0        164   sin.o
       304         24         40          0          0        208   sin_i.o
       122          0          0          0          0        148   sqrt.o

    ----------------------------------------------------------------------
      8042        710        448          0        100       6560   Library Totals
        18          0          0          0          4          0   (incl. Padding)

    ----------------------------------------------------------------------

      Code (inc. data)   RO Data    RW Data    ZI Data      Debug   Library Name

       722         20          0          0         96       1012   c_w.l
      3348        252          0          0          0       3020   fz_wm.l
      3954        438        448          0          0       2528   m_wm.l

    ----------------------------------------------------------------------
      8042        710        448          0        100       6560   Library Totals

    ----------------------------------------------------------------------

==============================================================================


      Code (inc. data)   RO Data    RW Data    ZI Data      Debug   

     37870       2926        906        248       7616     852956   Grand Totals
     37870       2926        906        248       7616     852956   ELF Image Totals
     37870       2926        906        248          0          0   ROM Totals

==============================================================================

    Total RO  Size (Code + RO Data)                38776 (  37.87kB)
    Total RW  Size (RW Data + ZI Data)              7864 (   7.68kB)
    Total ROM Size (Code + RO Data + RW Data)      39024 (  38.11kB)

==============================================================================

